Component: ARM Compiler 5.05 update 1 (build 106) Tool: armlink [4d0efa]

==============================================================================

Section Cross References

    los_startup_keil.o(RESET) refers to system_stm32l4xx.o(i.SystemInit) for SystemInit
    los_startup_keil.o(RESET) refers to entry.o(.ARM.Collect$$$$00000000) for __main
    system_stm32l4xx.o(i.SystemCoreClockUpdate) refers to system_stm32l4xx.o(.constdata) for MSIRangeTable
    system_stm32l4xx.o(i.SystemCoreClockUpdate) refers to system_stm32l4xx.o(.data) for SystemCoreClock
    dwt.o(i.delay10ms) refers to dwt.o(i.delayus) for delayus
    dwt.o(i.delayus) refers to los_dispatch_keil.o(.text) for LOS_IntLock
    dwt.o(i.delayus) refers to dwt.o(.data) for cpuclkfeq
    dwt.o(i.dwt_delay_init) refers to dwt.o(.data) for cpuclkfeq
    sys_init.o(i.HAL_GetTick) refers to los_sys.o(i.LOS_TickCountGet) for LOS_TickCountGet
    sys_init.o(i.SystemClock_Config) refers to stm32l4xx_hal_pwr.o(i.HAL_PWR_EnableBkUpAccess) for HAL_PWR_EnableBkUpAccess
    sys_init.o(i.SystemClock_Config) refers to stm32l4xx_hal_rcc.o(i.HAL_RCC_OscConfig) for HAL_RCC_OscConfig
    sys_init.o(i.SystemClock_Config) refers to sys_init.o(i._Error_Handler) for _Error_Handler
    sys_init.o(i.SystemClock_Config) refers to stm32l4xx_hal_rcc.o(i.HAL_RCC_ClockConfig) for HAL_RCC_ClockConfig
    sys_init.o(i.SystemClock_Config) refers to stm32l4xx_hal_rcc_ex.o(i.HAL_RCCEx_PeriphCLKConfig) for HAL_RCCEx_PeriphCLKConfig
    sys_init.o(i.SystemClock_Config) refers to stm32l4xx_hal_pwr_ex.o(i.HAL_PWREx_ControlVoltageScaling) for HAL_PWREx_ControlVoltageScaling
    sys_init.o(i.atiny_random) refers to hal_rng.o(i.hal_rng_generate_buffer) for hal_rng_generate_buffer
    sys_init.o(i.atiny_reboot) refers to stm32l4xx_hal_cortex.o(i.HAL_NVIC_SystemReset) for HAL_NVIC_SystemReset
    sys_init.o(i.atiny_usleep) refers to dwt.o(i.delayus) for delayus
    main.o(i.Creat_Test_Task) refers to los_task.o(i.LOS_TaskCreate) for LOS_TaskCreate
    main.o(i.Creat_Test_Task) refers to main.o(i.Test_Task) for Test_Task
    main.o(i.Creat_Test_Task) refers to main.o(.data) for Test_Task_Handle
    main.o(i.HardWare_Init) refers to stm32l4xx_hal.o(i.HAL_Init) for HAL_Init
    main.o(i.HardWare_Init) refers to sys_init.o(i.SystemClock_Config) for SystemClock_Config
    main.o(i.HardWare_Init) refers to gpio.o(i.MX_GPIO_Init) for MX_GPIO_Init
    main.o(i.HardWare_Init) refers to usart.o(i.MX_USART1_UART_Init) for MX_USART1_UART_Init
    main.o(i.HardWare_Init) refers to spi.o(i.MX_SPI2_Init) for MX_SPI2_Init
    main.o(i.HardWare_Init) refers to dwt.o(i.dwt_delay_init) for dwt_delay_init
    main.o(i.HardWare_Init) refers to lcd.o(i.LCD_Init) for LCD_Init
    main.o(i.HardWare_Init) refers to lcd.o(i.LCD_Clear) for LCD_Clear
    main.o(i.HardWare_Init) refers to system_stm32l4xx.o(.data) for SystemCoreClock
    main.o(i.HardWare_Init) refers to lcd.o(.data) for POINT_COLOR
    main.o(i.Test_Task) refers to printfa.o(i.__0printf) for __2printf
    main.o(i.Test_Task) refers to los_memory.o(i.LOS_MemAlloc) for LOS_MemAlloc
    main.o(i.Test_Task) refers to main.o(i.LOS_ListAdd) for LOS_ListAdd
    main.o(i.Test_Task) refers to los_memory.o(i.LOS_MemFree) for LOS_MemFree
    main.o(i.Test_Task) refers to stm32l4xx_hal_gpio.o(i.HAL_GPIO_WritePin) for HAL_GPIO_WritePin
    main.o(i.Test_Task) refers to lcd.o(i.LCD_ShowString) for LCD_ShowString
    main.o(i.Test_Task) refers to los_task.o(i.LOS_TaskDelay) for LOS_TaskDelay
    main.o(i.Test_Task) refers to los_init.o(.data) for m_aucSysMem0
    main.o(i.main) refers to main.o(i.HardWare_Init) for HardWare_Init
    main.o(i.main) refers to los_init.o(i.LOS_KernelInit) for LOS_KernelInit
    main.o(i.main) refers to user_task.o(i.create_work_tasks) for create_work_tasks
    main.o(i.main) refers to main.o(i.Creat_Test_Task) for Creat_Test_Task
    main.o(i.main) refers to printfa.o(i.__0printf) for __2printf
    main.o(i.main) refers to los_init.o(i.LOS_Start) for LOS_Start
    gpio.o(i.Key_Scan) refers to stm32l4xx_hal_gpio.o(i.HAL_GPIO_ReadPin) for HAL_GPIO_ReadPin
    gpio.o(i.MX_GPIO_Init) refers to stm32l4xx_hal_gpio.o(i.HAL_GPIO_WritePin) for HAL_GPIO_WritePin
    gpio.o(i.MX_GPIO_Init) refers to stm32l4xx_hal_gpio.o(i.HAL_GPIO_Init) for HAL_GPIO_Init
    usart.o(i.HAL_UART_MspDeInit) refers to stm32l4xx_hal_gpio.o(i.HAL_GPIO_DeInit) for HAL_GPIO_DeInit
    usart.o(i.HAL_UART_MspDeInit) refers to stm32l4xx_hal_cortex.o(i.HAL_NVIC_DisableIRQ) for HAL_NVIC_DisableIRQ
    usart.o(i.HAL_UART_MspInit) refers to stm32l4xx_hal_gpio.o(i.HAL_GPIO_Init) for HAL_GPIO_Init
    usart.o(i.HAL_UART_MspInit) refers to stm32l4xx_hal_cortex.o(i.HAL_NVIC_SetPriority) for HAL_NVIC_SetPriority
    usart.o(i.HAL_UART_MspInit) refers to stm32l4xx_hal_cortex.o(i.HAL_NVIC_EnableIRQ) for HAL_NVIC_EnableIRQ
    usart.o(i.MX_LPUART1_UART_Init) refers to stm32l4xx_hal_uart.o(i.HAL_UART_Init) for HAL_UART_Init
[...]
    ..\Drivers\STM32L4xx_HAL_Driver\Src\stm32l4xx_hal_spi.c 0x00000000   Number         0  stm32l4xx_hal_spi.o ABSOLUTE
    ..\Drivers\STM32L4xx_HAL_Driver\Src\stm32l4xx_hal_tim.c 0x00000000   Number         0  stm32l4xx_hal_tim.o ABSOLUTE
    ..\Drivers\STM32L4xx_HAL_Driver\Src\stm32l4xx_hal_tim_ex.c 0x00000000   Number         0  stm32l4xx_hal_tim_ex.o ABSOLUTE
    ..\Drivers\STM32L4xx_HAL_Driver\Src\stm32l4xx_hal_uart.c 0x00000000   Number         0  stm32l4xx_hal_uart.o ABSOLUTE
    ..\Drivers\STM32L4xx_HAL_Driver\Src\stm32l4xx_hal_uart_ex.c 0x00000000   Number         0  stm32l4xx_hal_uart_ex.o ABSOLUTE
    ..\Hardware\LCD\lcd.c                    0x00000000   Number         0  lcd.o ABSOLUTE
    ..\Hardware\Src\hal_iwdg.c               0x00000000   Number         0  hal_iwdg.o ABSOLUTE
    ..\Hardware\Src\hal_qspi_flash.c         0x00000000   Number         0  hal_qspi_flash.o ABSOLUTE
    ..\Hardware\Src\hal_rng.c                0x00000000   Number         0  hal_rng.o ABSOLUTE
    ..\Src\dwt.c                             0x00000000   Number         0  dwt.o ABSOLUTE
    ..\Src\flash_adaptor.c                   0x00000000   Number         0  flash_adaptor.o ABSOLUTE
    ..\Src\gpio.c                            0x00000000   Number         0  gpio.o ABSOLUTE
    ..\Src\i2c.c                             0x00000000   Number         0  i2c.o ABSOLUTE
    ..\Src\main.c                            0x00000000   Number         0  main.o ABSOLUTE
    ..\Src\ota_port.c                        0x00000000   Number         0  ota_port.o ABSOLUTE
    ..\Src\spi.c                             0x00000000   Number         0  spi.o ABSOLUTE
    ..\Src\stm32l4xx_it.c                    0x00000000   Number         0  stm32l4xx_it.o ABSOLUTE
    ..\Src\sys_init.c                        0x00000000   Number         0  sys_init.o ABSOLUTE
    ..\Src\system_stm32l4xx.c                0x00000000   Number         0  system_stm32l4xx.o ABSOLUTE
    ..\Src\tim.c                             0x00000000   Number         0  tim.o ABSOLUTE
    ..\Src\usart.c                           0x00000000   Number         0  usart.o ABSOLUTE
    ..\Src\user_task.c                       0x00000000   Number         0  user_task.o ABSOLUTE
    ..\\..\\..\\arch\\arm\\arm-m\\src\\los_hw.c 0x00000000   Number         0  los_hw.o ABSOLUTE
    ..\\..\\..\\arch\\arm\\arm-m\\src\\los_hw_tick.c 0x00000000   Number         0  los_hw_tick.o ABSOLUTE
    ..\\..\\..\\arch\\arm\\arm-m\\src\\los_hwi.c 0x00000000   Number         0  los_hwi.o ABSOLUTE
    ..\\..\\..\\kernel\\base\\core\\los_priqueue.c 0x00000000   Number         0  los_priqueue.o ABSOLUTE
    ..\\..\\..\\kernel\\base\\core\\los_swtmr.c 0x00000000   Number         0  los_swtmr.o ABSOLUTE
    ..\\..\\..\\kernel\\base\\core\\los_sys.c 0x00000000   Number         0  los_sys.o ABSOLUTE
    ..\\..\\..\\kernel\\base\\core\\los_task.c 0x00000000   Number         0  los_task.o ABSOLUTE
    ..\\..\\..\\kernel\\base\\core\\los_tick.c 0x00000000   Number         0  los_tick.o ABSOLUTE
    ..\\..\\..\\kernel\\base\\core\\los_timeslice.c 0x00000000   Number         0  los_timeslice.o ABSOLUTE
    ..\\..\\..\\kernel\\base\\ipc\\los_event.c 0x00000000   Number         0  los_event.o ABSOLUTE
    ..\\..\\..\\kernel\\base\\ipc\\los_mux.c 0x00000000   Number         0  los_mux.o ABSOLUTE
    ..\\..\\..\\kernel\\base\\ipc\\los_queue.c 0x00000000   Number         0  los_queue.o ABSOLUTE
    ..\\..\\..\\kernel\\base\\ipc\\los_sem.c 0x00000000   Number         0  los_sem.o ABSOLUTE
    ..\\..\\..\\kernel\\base\\mem\\bestfit_little\\los_heap.c 0x00000000   Number         0  los_heap.o ABSOLUTE
    ..\\..\\..\\kernel\\base\\mem\\bestfit_little\\los_memory.c 0x00000000   Number         0  los_memory.o ABSOLUTE
    ..\\..\\..\\kernel\\base\\mem\\common\\los_memcheck.c 0x00000000   Number         0  los_memcheck.o ABSOLUTE
    ..\\..\\..\\kernel\\base\\mem\\common\\los_slab.c 0x00000000   Number         0  los_slab.o ABSOLUTE
    ..\\..\\..\\kernel\\base\\mem\\common\\los_slabmem.c 0x00000000   Number         0  los_slabmem.o ABSOLUTE
    ..\\..\\..\\kernel\\base\\mem\\membox\\los_membox.c 0x00000000   Number         0  los_membox.o ABSOLUTE
    ..\\..\\..\\kernel\\base\\misc\\los_misc.c 0x00000000   Number         0  los_misc.o ABSOLUTE
    ..\\..\\..\\kernel\\base\\om\\los_err.c  0x00000000   Number         0  los_err.o ABSOLUTE
    ..\\..\\..\\kernel\\extended\\tickless\\los_tickless.c 0x00000000   Number         0  los_tickless.o ABSOLUTE
    ..\\..\\..\\kernel\\los_init.c           0x00000000   Number         0  los_init.o ABSOLUTE
    ..\\..\\..\\osdepends\\liteos\\atiny_osdep.c 0x00000000   Number         0  atiny_osdep.o ABSOLUTE
    ..\\..\\..\\osdepends\\liteos\\cmsis\\cmsis_liteos.c 0x00000000   Number         0  cmsis_liteos.o ABSOLUTE
    ..\\Drivers\\STM32L4xx_HAL_Driver\\Src\\stm32l4xx_hal_qspi.c 0x00000000   Number         0  stm32l4xx_hal_qspi.o ABSOLUTE
    ..\\Drivers\\STM32L4xx_HAL_Driver\\Src\\stm32l4xx_hal_rng.c 0x00000000   Number         0  stm32l4xx_hal_rng.o ABSOLUTE
    ..\\Drivers\\STM32L4xx_HAL_Driver\\Src\\stm32l4xx_hal_spi.c 0x00000000   Number         0  stm32l4xx_hal_spi.o ABSOLUTE
    ..\\Hardware\\LCD\\lcd.c                 0x00000000   Number         0  lcd.o ABSOLUTE
    ..\\Hardware\\Src\\hal_iwdg.c            0x00000000   Number         0  hal_iwdg.o ABSOLUTE
    ..\\Hardware\\Src\\hal_qspi_flash.c      0x00000000   Number         0  hal_qspi_flash.o ABSOLUTE
    ..\\Hardware\\Src\\hal_rng.c             0x00000000   Number         0  hal_rng.o ABSOLUTE
    ..\\Src\\dwt.c                           0x00000000   Number         0  dwt.o ABSOLUTE
    ..\\Src\\flash_adaptor.c                 0x00000000   Number         0  flash_adaptor.o ABSOLUTE
    ..\\Src\\i2c.c                           0x00000000   Number         0  i2c.o ABSOLUTE
    ..\\Src\\ota_port.c                      0x00000000   Number         0  ota_port.o ABSOLUTE
    ..\\Src\\spi.c                           0x00000000   Number         0  spi.o ABSOLUTE
    ..\\Src\\stm32l4xx_it.c                  0x00000000   Number         0  stm32l4xx_it.o ABSOLUTE
    ..\\Src\\sys_init.c                      0x00000000   Number         0  sys_init.o ABSOLUTE
    ..\\Src\\system_stm32l4xx.c              0x00000000   Number         0  system_stm32l4xx.o ABSOLUTE
    ..\\Src\\tim.c                           0x00000000   Number         0  tim.o ABSOLUTE
    ..\\Src\\user_task.c                     0x00000000   Number         0  user_task.o ABSOLUTE
    cdrcmple.s                               0x00000000   Number         0  cdrcmple.o ABSOLUTE
    dc.s                                     0x00000000   Number         0  dc.o ABSOLUTE
    handlers.s                               0x00000000   Number         0  handlers.o ABSOLUTE
    init.s                                   0x00000000   Number         0  init.o ABSOLUTE
    los_startup_keil.s                       0x00000000   Number         0  los_startup_keil.o ABSOLUTE
    RESET                                    0x08000000   Section       44  los_startup_keil.o(RESET)
    $v0                                      0x08000008   Number         0  los_startup_keil.o(RESET)
    .ARM.Collect$$$$00000000                 0x0800002c   Section        0  entry.o(.ARM.Collect$$$$00000000)
    .ARM.Collect$$$$00000002                 0x0800002c   Section        4  entry3.o(.ARM.Collect$$$$00000002)
    .ARM.Collect$$$$00000004                 0x08000030   Section        4  entry5.o(.ARM.Collect$$$$00000004)
    .ARM.Collect$$$$00000008                 0x08000034   Section        0  entry7b.o(.ARM.Collect$$$$00000008)
    .ARM.Collect$$$$0000000A                 0x08000034   Section        0  entry8b.o(.ARM.Collect$$$$0000000A)
    .ARM.Collect$$$$0000000B                 0x08000034   Section        8  entry9a.o(.ARM.Collect$$$$0000000B)
    .ARM.Collect$$$$0000000D                 0x0800003c   Section        0  entry10a.o(.ARM.Collect$$$$0000000D)
    .ARM.Collect$$$$0000000F                 0x0800003c   Section        0  entry11a.o(.ARM.Collect$$$$0000000F)
    .ARM.Collect$$$$00002713                 0x0800003c   Section        4  entry3.o(.ARM.Collect$$$$00002713)
    __lit__00000000                          0x0800003c   Data           4  entry3.o(.ARM.Collect$$$$00002713)
    .text                                    0x08000040   Section      236  los_dispatch_keil.o(.text)
    $v0                                      0x08000040   Number         0  los_dispatch_keil.o(.text)
    .text                                    0x0800012c   Section        0  uldiv.o(.text)
    .text                                    0x0800018e   Section        0  memcpya.o(.text)
    .text                                    0x080001b2   Section        0  memseta.o(.text)
    .text                                    0x080001d6   Section        0  ddiv.o(.text)
    .text                                    0x080002b4   Section        0  dfixul.o(.text)
    .text                                    0x080002e4   Section        0  uidiv.o(.text)
    .text                                    0x08000310   Section        0  llshl.o(.text)
    .text                                    0x0800032e   Section        0  llushr.o(.text)
    .text                                    0x0800034e   Section        0  iusefp.o(.text)
    .text                                    0x0800034e   Section        0  depilogue.o(.text)
    .text                                    0x08000408   Section        0  dadd.o(.text)
    .text                                    0x08000556   Section        0  dmul.o(.text)
    .text                                    0x0800063c   Section       48  cdrcmple.o(.text)
    .text                                    0x0800066c   Section       36  init.o(.text)
    .text                                    0x08000690   Section        0  llsshr.o(.text)
    .text                                    0x080006b4   Section        0  __dczerorl2.o(.text)
    i.Creat_Test_Task                        0x0800070c   Section        0  main.o(i.Creat_Test_Task)
    Creat_Test_Task                          0x0800070d   Thumb Code    42  main.o(i.Creat_Test_Task)
    i.HAL_GPIO_Init                          0x0800074c   Section        0  stm32l4xx_hal_gpio.o(i.HAL_GPIO_Init)
    i.HAL_GPIO_WritePin                      0x08000918   Section        0  stm32l4xx_hal_gpio.o(i.HAL_GPIO_WritePin)
    i.HAL_GetTick                            0x08000922   Section        0  sys_init.o(i.HAL_GetTick)
    i.HAL_Init                               0x0800092a   Section        0  stm32l4xx_hal.o(i.HAL_Init)
    i.HAL_InitTick                           0x08000940   Section        0  stm32l4xx_hal.o(i.HAL_InitTick)
    i.HAL_MspInit                            0x08000968   Section        0  stm32l4xx_hal.o(i.HAL_MspInit)
    i.HAL_NVIC_EnableIRQ                     0x0800096a   Section        0  stm32l4xx_hal_cortex.o(i.HAL_NVIC_EnableIRQ)
    i.HAL_NVIC_SetPriority                   0x0800098a   Section        0  stm32l4xx_hal_cortex.o(i.HAL_NVIC_SetPriority)
    i.HAL_NVIC_SetPriorityGrouping           0x08000a08   Section        0  stm32l4xx_hal_cortex.o(i.HAL_NVIC_SetPriorityGrouping)
    i.HAL_PWREx_ControlVoltageScaling        0x08000a30   Section        0  stm32l4xx_hal_pwr_ex.o(i.HAL_PWREx_ControlVoltageScaling)
    i.HAL_PWREx_GetVoltageRange              0x08000abc   Section        0  stm32l4xx_hal_pwr_ex.o(i.HAL_PWREx_GetVoltageRange)
    i.HAL_PWR_EnableBkUpAccess               0x08000acc   Section        0  stm32l4xx_hal_pwr.o(i.HAL_PWR_EnableBkUpAccess)
    i.HAL_RCCEx_PeriphCLKConfig              0x08000ae0   Section        0  stm32l4xx_hal_rcc_ex.o(i.HAL_RCCEx_PeriphCLKConfig)
    i.HAL_RCC_ClockConfig                    0x08000e68   Section        0  stm32l4xx_hal_rcc.o(i.HAL_RCC_ClockConfig)
    i.HAL_RCC_GetHCLKFreq                    0x08000fd4   Section        0  stm32l4xx_hal_rcc.o(i.HAL_RCC_GetHCLKFreq)
    i.HAL_RCC_GetPCLK1Freq                   0x08000fe0   Section        0  stm32l4xx_hal_rcc.o(i.HAL_RCC_GetPCLK1Freq)
    i.HAL_RCC_GetPCLK2Freq                   0x08001000   Section        0  stm32l4xx_hal_rcc.o(i.HAL_RCC_GetPCLK2Freq)
    i.HAL_RCC_GetSysClockFreq                0x08001020   Section        0  stm32l4xx_hal_rcc.o(i.HAL_RCC_GetSysClockFreq)
    i.HAL_RCC_OscConfig                      0x0800112c   Section        0  stm32l4xx_hal_rcc.o(i.HAL_RCC_OscConfig)
    i.HAL_SPI_Init                           0x080017c4   Section        0  stm32l4xx_hal_spi.o(i.HAL_SPI_Init)
    i.HAL_SPI_MspInit                        0x08001884   Section        0  spi.o(i.HAL_SPI_MspInit)
    i.HAL_SPI_Transmit                       0x080018fc   Section        0  stm32l4xx_hal_spi.o(i.HAL_SPI_Transmit)
    i.HAL_SYSTICK_Config                     0x08001ab4   Section        0  stm32l4xx_hal_cortex.o(i.HAL_SYSTICK_Config)
    i.HAL_UART_Init                          0x08001ae8   Section        0  stm32l4xx_hal_uart.o(i.HAL_UART_Init)
    i.HAL_UART_MspInit                       0x08001b60   Section        0  usart.o(i.HAL_UART_MspInit)
    i.HAL_UART_Transmit                      0x08001cd0   Section        0  stm32l4xx_hal_uart.o(i.HAL_UART_Transmit)
    i.HardWare_Init                          0x08001d98   Section        0  main.o(i.HardWare_Init)
    i.LCD_Address_Set                        0x08001dd4   Section        0  lcd.o(i.LCD_Address_Set)
    i.LCD_Clear                              0x08001e28   Section        0  lcd.o(i.LCD_Clear)
    i.LCD_Gpio_Init                          0x08001e98   Section        0  lcd.o(i.LCD_Gpio_Init)
    LCD_Gpio_Init                            0x08001e99   Thumb Code   168  lcd.o(i.LCD_Gpio_Init)
    i.LCD_Init                               0x08001f4c   Section        0  lcd.o(i.LCD_Init)
    i.LCD_SPI_Send                           0x080020ec   Section        0  lcd.o(i.LCD_SPI_Send)
    LCD_SPI_Send                             0x080020ed   Thumb Code    16  lcd.o(i.LCD_SPI_Send)
    i.LCD_ShowChar                           0x080020fc   Section        0  lcd.o(i.LCD_ShowChar)
    i.LCD_ShowString                         0x0800230c   Section        0  lcd.o(i.LCD_ShowString)
    i.LCD_Write_Cmd                          0x08002370   Section        0  lcd.o(i.LCD_Write_Cmd)
    LCD_Write_Cmd                            0x08002371   Thumb Code    22  lcd.o(i.LCD_Write_Cmd)
    i.LCD_Write_Data                         0x0800238c   Section        0  lcd.o(i.LCD_Write_Data)
    LCD_Write_Data                           0x0800238d   Thumb Code    22  lcd.o(i.LCD_Write_Data)
    i.LCD_Write_HalfWord                     0x080023a8   Section        0  lcd.o(i.LCD_Write_HalfWord)
    i.LOS_Align                              0x080023d4   Section        0  los_misc.o(i.LOS_Align)
    i.LOS_KernelInit                         0x080023f0   Section        0  los_init.o(i.LOS_KernelInit)
    i.LOS_ListAdd                            0x0800250c   Section        0  main.o(i.LOS_ListAdd)
    LOS_ListAdd                              0x0800250d   Thumb Code    14  main.o(i.LOS_ListAdd)
    i.LOS_ListAdd                            0x0800251a   Section        0  los_task.o(i.LOS_ListAdd)
    LOS_ListAdd                              0x0800251b   Thumb Code    14  los_task.o(i.LOS_ListAdd)
    i.LOS_ListAdd                            0x08002528   Section        0  los_mux.o(i.LOS_ListAdd)
    LOS_ListAdd                              0x08002529   Thumb Code    14  los_mux.o(i.LOS_ListAdd)
    i.LOS_ListAdd                            0x08002536   Section        0  los_queue.o(i.LOS_ListAdd)
    LOS_ListAdd                              0x08002537   Thumb Code    14  los_queue.o(i.LOS_ListAdd)
    i.LOS_ListAdd                            0x08002544   Section        0  los_sem.o(i.LOS_ListAdd)
    LOS_ListAdd                              0x08002545   Thumb Code    14  los_sem.o(i.LOS_ListAdd)
    i.LOS_ListDelete                         0x08002552   Section        0  los_task.o(i.LOS_ListDelete)
    LOS_ListDelete                           0x08002553   Thumb Code    20  los_task.o(i.LOS_ListDelete)
    i.LOS_ListEmpty                          0x08002566   Section        0  los_priqueue.o(i.LOS_ListEmpty)
    LOS_ListEmpty                            0x08002567   Thumb Code    16  los_priqueue.o(i.LOS_ListEmpty)
    i.LOS_ListEmpty                          0x08002576   Section        0  los_task.o(i.LOS_ListEmpty)
    LOS_ListEmpty                            0x08002577   Thumb Code    16  los_task.o(i.LOS_ListEmpty)
    i.LOS_ListEmpty                          0x08002586   Section        0  los_queue.o(i.LOS_ListEmpty)
    LOS_ListEmpty                            0x08002587   Thumb Code    16  los_queue.o(i.LOS_ListEmpty)
    i.LOS_ListInit                           0x08002596   Section        0  los_task.o(i.LOS_ListInit)
    LOS_ListInit                             0x08002597   Thumb Code     6  los_task.o(i.LOS_ListInit)
    i.LOS_ListInit                           0x0800259c   Section        0  los_mux.o(i.LOS_ListInit)
    LOS_ListInit                             0x0800259d   Thumb Code     6  los_mux.o(i.LOS_ListInit)
    i.LOS_ListInit                           0x080025a2   Section        0  los_queue.o(i.LOS_ListInit)
    LOS_ListInit                             0x080025a3   Thumb Code     6  los_queue.o(i.LOS_ListInit)
    i.LOS_ListInit                           0x080025a8   Section        0  los_sem.o(i.LOS_ListInit)
    LOS_ListInit                             0x080025a9   Thumb Code     6  los_sem.o(i.LOS_ListInit)
    i.LOS_ListTailInsert                     0x080025ae   Section        0  los_task.o(i.LOS_ListTailInsert)
    LOS_ListTailInsert                       0x080025af   Thumb Code    16  los_task.o(i.LOS_ListTailInsert)
    i.LOS_MemAlloc                           0x080025be   Section        0  los_memory.o(i.LOS_MemAlloc)
    i.LOS_MemAllocAlign                      0x080025e8   Section        0  los_memory.o(i.LOS_MemAllocAlign)
    i.LOS_MemFree                            0x080025fc   Section        0  los_memory.o(i.LOS_MemFree)
    i.LOS_MemInit                            0x08002630   Section        0  los_memory.o(i.LOS_MemInit)
    i.LOS_QueueCreate                        0x0800273c   Section        0  los_queue.o(i.LOS_QueueCreate)
    i.LOS_QueueReadCopy                      0x0800281c   Section        0  los_queue.o(i.LOS_QueueReadCopy)
    i.LOS_QueueWriteCopy                     0x08002852   Section        0  los_queue.o(i.LOS_QueueWriteCopy)
    i.LOS_Schedule                           0x08002888   Section        0  los_hw.o(i.LOS_Schedule)
    i.LOS_Start                              0x080028c8   Section        0  los_init.o(i.LOS_Start)
    i.LOS_TaskCreate                         0x0800290c   Section        0  los_task.o(i.LOS_TaskCreate)
    i.LOS_TaskCreateOnly                     0x080029a8   Section        0  los_task.o(i.LOS_TaskCreateOnly)
    i.LOS_TaskDelay                          0x08002b28   Section        0  los_task.o(i.LOS_TaskDelay)
    i.LOS_TaskDelete                         0x08002ba4   Section        0  los_task.o(i.LOS_TaskDelete)
    i.LOS_TaskYield                          0x08002d1c   Section        0  los_task.o(i.LOS_TaskYield)
    i.LOS_TickCountGet                       0x08002db0   Section        0  los_sys.o(i.LOS_TickCountGet)
    i.MX_GPIO_Init                           0x08002dbc   Section        0  gpio.o(i.MX_GPIO_Init)
    i.MX_SPI2_Init                           0x08002e78   Section        0  spi.o(i.MX_SPI2_Init)
    i.MX_USART1_UART_Init                    0x08002ee0   Section        0  usart.o(i.MX_USART1_UART_Init)
    i.RCCEx_PLLSAI1_Config                   0x08002f34   Section        0  stm32l4xx_hal_rcc_ex.o(i.RCCEx_PLLSAI1_Config)
    RCCEx_PLLSAI1_Config                     0x08002f35   Thumb Code   378  stm32l4xx_hal_rcc_ex.o(i.RCCEx_PLLSAI1_Config)
    i.RCC_SetFlashLatencyFromMSIRange        0x080030c0   Section        0  stm32l4xx_hal_rcc.o(i.RCC_SetFlashLatencyFromMSIRange)
    RCC_SetFlashLatencyFromMSIRange          0x080030c1   Thumb Code   150  stm32l4xx_hal_rcc.o(i.RCC_SetFlashLatencyFromMSIRange)
    i.SPI2_WriteByte                         0x08003160   Section        0  spi.o(i.SPI2_WriteByte)
    i.SPI_EndRxTxTransaction                 0x0800317c   Section        0  stm32l4xx_hal_spi.o(i.SPI_EndRxTxTransaction)
    SPI_EndRxTxTransaction                   0x0800317d   Thumb Code   100  stm32l4xx_hal_spi.o(i.SPI_EndRxTxTransaction)
    i.SPI_WaitFifoStateUntilTimeout          0x080031e0   Section        0  stm32l4xx_hal_spi.o(i.SPI_WaitFifoStateUntilTimeout)
    SPI_WaitFifoStateUntilTimeout            0x080031e1   Thumb Code   176  stm32l4xx_hal_spi.o(i.SPI_WaitFifoStateUntilTimeout)
    i.SPI_WaitFlagStateUntilTimeout          0x08003290   Section        0  stm32l4xx_hal_spi.o(i.SPI_WaitFlagStateUntilTimeout)
    SPI_WaitFlagStateUntilTimeout            0x08003291   Thumb Code   168  stm32l4xx_hal_spi.o(i.SPI_WaitFlagStateUntilTimeout)
    i.SystemClock_Config                     0x08003338   Section        0  sys_init.o(i.SystemClock_Config)
    i.SystemInit                             0x08003438   Section        0  system_stm32l4xx.o(i.SystemInit)
    i.Test_Task                              0x0800348c   Section        0  main.o(i.Test_Task)
    Test_Task                                0x0800348d   Thumb Code   294  main.o(i.Test_Task)
    i.UART_AdvFeatureConfig                  0x08003718   Section        0  stm32l4xx_hal_uart.o(i.UART_AdvFeatureConfig)
    i.UART_CheckIdleState                    0x08003810   Section        0  stm32l4xx_hal_uart.o(i.UART_CheckIdleState)
    i.UART_SetConfig                         0x08003884   Section        0  stm32l4xx_hal_uart.o(i.UART_SetConfig)
    i.UART_WaitOnFlagUntilTimeout            0x08003c90   Section        0  stm32l4xx_hal_uart.o(i.UART_WaitOnFlagUntilTimeout)
    i._Error_Handler                         0x08003cfc   Section        0  sys_init.o(i._Error_Handler)
    i.__0printf                              0x08003d00   Section        0  printfa.o(i.__0printf)
    i.__NVIC_GetPriorityGrouping             0x08003d20   Section        0  stm32l4xx_hal_cortex.o(i.__NVIC_GetPriorityGrouping)
    __NVIC_GetPriorityGrouping               0x08003d21   Thumb Code    10  stm32l4xx_hal_cortex.o(i.__NVIC_GetPriorityGrouping)
    i.__NVIC_SetPriority                     0x08003d30   Section        0  stm32l4xx_hal_cortex.o(i.__NVIC_SetPriority)
    __NVIC_SetPriority                       0x08003d31   Thumb Code    32  stm32l4xx_hal_cortex.o(i.__NVIC_SetPriority)
    i.__scatterload_copy                     0x08003d58   Section       14  handlers.o(i.__scatterload_copy)
    i.__scatterload_null                     0x08003d66   Section        2  handlers.o(i.__scatterload_null)
    i.__scatterload_zeroinit                 0x08003d68   Section       14  handlers.o(i.__scatterload_zeroinit)
    i._fp_digits                             0x08003d78   Section        0  printfa.o(i._fp_digits)
    _fp_digits                               0x08003d79   Thumb Code   334  printfa.o(i._fp_digits)
    i._printf_core                           0x08003edc   Section        0  printfa.o(i._printf_core)
    _printf_core                             0x08003edd   Thumb Code  1744  printfa.o(i._printf_core)
    i._printf_post_padding                   0x080045b8   Section        0  printfa.o(i._printf_post_padding)
    _printf_post_padding                     0x080045b9   Thumb Code    36  printfa.o(i._printf_post_padding)
    i._printf_pre_padding                    0x080045dc   Section        0  printfa.o(i._printf_pre_padding)
    _printf_pre_padding                      0x080045dd   Thumb Code    46  printfa.o(i._printf_pre_padding)
    i.atiny_task_entry                       0x0800460a   Section        0  user_task.o(i.atiny_task_entry)
    i.creat_agenttiny_task                   0x0800460c   Section        0  user_task.o(i.creat_agenttiny_task)
    i.create_work_tasks                      0x08004654   Section        0  user_task.o(i.create_work_tasks)
    i.delay10ms                              0x08004668   Section        0  dwt.o(i.delay10ms)
    i.delayus                                0x0800467c   Section        0  dwt.o(i.delayus)
    i.dwt_delay_init                         0x080046d8   Section        0  dwt.o(i.dwt_delay_init)
    i.fputc                                  0x08004704   Section        0  usart.o(i.fputc)
    i.main                                   0x08004720   Section        0  main.o(i.main)
    i.osAlarmHeapInfo                        0x08004768   Section        0  los_heap.o(i.osAlarmHeapInfo)
    i.osAtomicBitsetClearBit                 0x0800478c   Section        0  los_slab.o(i.osAtomicBitsetClearBit)
    i.osAtomicBitsetFindClearAndSet          0x080047b0   Section        0  los_slab.o(i.osAtomicBitsetFindClearAndSet)
    i.osAtomicBitsetGetBit                   0x08004800   Section        0  los_slab.o(i.osAtomicBitsetGetBit)
    i.osAtomicBitsetGetNumBits               0x0800482a   Section        0  los_slab.o(i.osAtomicBitsetGetNumBits)
    i.osAtomicBitsetInit                     0x08004830   Section        0  los_slab.o(i.osAtomicBitsetInit)
    i.osHeapAlloc                            0x08004860   Section        0  los_heap.o(i.osHeapAlloc)
    i.osHeapAllocAlign                       0x080049c8   Section        0  los_heap.o(i.osHeapAllocAlign)
    i.osHeapFree                             0x08004a24   Section        0  los_heap.o(i.osHeapFree)
    i.osHeapInit                             0x08004b64   Section        0  los_heap.o(i.osHeapInit)
    i.osHeapPrvGetNext                       0x08004ba8   Section        0  los_heap.o(i.osHeapPrvGetNext)
    i.osHeapStatisticsGet                    0x08004bc4   Section        0  los_heap.o(i.osHeapStatisticsGet)
    i.osHwiDefaultHandler                    0x08004c28   Section        0  los_hwi.o(i.osHwiDefaultHandler)
    i.osHwiInit                              0x08004c64   Section        0  los_hwi.o(i.osHwiInit)
    i.osIdleTask                             0x08004cb0   Section        0  los_task.o(i.osIdleTask)
    i.osIdleTaskCreate                       0x08004cb4   Section        0  los_task.o(i.osIdleTaskCreate)
    i.osIntNumGet                            0x08004d00   Section        0  los_hwi.o(i.osIntNumGet)
    i.osInterrupt                            0x08004d08   Section        0  los_hwi.o(i.osInterrupt)
    i.osMemSystemInit                        0x08004d58   Section        0  los_memory.o(i.osMemSystemInit)
    i.osMuxInit                              0x08004d78   Section        0  los_mux.o(i.osMuxInit)
    i.osPriqueueDequeue                      0x08004ddc   Section        0  los_priqueue.o(i.osPriqueueDequeue)
    i.osPriqueueEnqueue                      0x08004e28   Section        0  los_priqueue.o(i.osPriqueueEnqueue)
    i.osPriqueueInit                         0x08004e70   Section        0  los_priqueue.o(i.osPriqueueInit)
    i.osPriqueueSize                         0x08004eb8   Section        0  los_priqueue.o(i.osPriqueueSize)
    i.osPriqueueTop                          0x08004ee0   Section        0  los_priqueue.o(i.osPriqueueTop)
    i.osQueueBufferOperate                   0x08004f08   Section        0  los_queue.o(i.osQueueBufferOperate)
    osQueueBufferOperate                     0x08004f09   Thumb Code   226  los_queue.o(i.osQueueBufferOperate)
    i.osQueueInit                            0x08005014   Section        0  los_queue.o(i.osQueueInit)
    i.osQueueOperate                         0x08005084   Section        0  los_queue.o(i.osQueueOperate)
    i.osQueueReadParameterCheck              0x0800520c   Section        0  los_queue.o(i.osQueueReadParameterCheck)
    osQueueReadParameterCheck                0x0800520d   Thumb Code    60  los_queue.o(i.osQueueReadParameterCheck)
    i.osQueueWriteParameterCheck             0x0800524c   Section        0  los_queue.o(i.osQueueWriteParameterCheck)
    osQueueWriteParameterCheck               0x0800524d   Thumb Code    58  los_queue.o(i.osQueueWriteParameterCheck)
    i.osRegister                             0x0800528c   Section        0  los_init.o(i.osRegister)
    osRegister                               0x0800528d   Thumb Code     8  los_init.o(i.osRegister)
    i.osSchedule                             0x08005298   Section        0  los_hw.o(i.osSchedule)
    i.osSemInit                              0x080052a0   Section        0  los_sem.o(i.osSemInit)
    i.osSlabAllocatorAlloc                   0x08005300   Section        0  los_slab.o(i.osSlabAllocatorAlloc)
    i.osSlabAllocatorFree                    0x0800531e   Section        0  los_slab.o(i.osSlabAllocatorFree)
    i.osSlabAllocatorNew                     0x08005366   Section        0  los_slab.o(i.osSlabAllocatorNew)
    i.osSlabBlockHeadFill                    0x080053c2   Section        0  los_slabmem.o(i.osSlabBlockHeadFill)
    i.osSlabCtrlHdrGet                       0x080053d4   Section        0  los_memory.o(i.osSlabCtrlHdrGet)
    i.osSlabMemAlloc                         0x080053dc   Section        0  los_slabmem.o(i.osSlabMemAlloc)
    i.osSlabMemFree                          0x0800547c   Section        0  los_slabmem.o(i.osSlabMemFree)
    i.osSlabMemInit                          0x080054f0   Section        0  los_slabmem.o(i.osSlabMemInit)
    i.osSwTmrInit                            0x0800555c   Section        0  los_swtmr.o(i.osSwTmrInit)
    i.osSwTmrStart                           0x080055fc   Section        0  los_swtmr.o(i.osSwTmrStart)
    i.osSwTmrTask                            0x08005804   Section        0  los_swtmr.o(i.osSwTmrTask)
    i.osSwTmrTaskCreate                      0x08005848   Section        0  los_swtmr.o(i.osSwTmrTaskCreate)
    i.osSwTmrTimeoutHandle                   0x0800588c   Section        0  los_swtmr.o(i.osSwTmrTimeoutHandle)
    osSwTmrTimeoutHandle                     0x0800588d   Thumb Code   120  los_swtmr.o(i.osSwTmrTimeoutHandle)
    i.osSwtmrDelete                          0x0800590c   Section        0  los_swtmr.o(i.osSwtmrDelete)
    osSwtmrDelete                            0x0800590d   Thumb Code    40  los_swtmr.o(i.osSwtmrDelete)
    i.osSwtmrScan                            0x0800593c   Section        0  los_swtmr.o(i.osSwtmrScan)
    i.osTaskAdd2TimerList                    0x08005960   Section        0  los_task.o(i.osTaskAdd2TimerList)
    i.osTaskEntry                            0x08005a20   Section        0  los_task.o(i.osTaskEntry)
    i.osTaskExit                             0x08005a50   Section        0  los_hw.o(i.osTaskExit)
    i.osTaskInit                             0x08005a58   Section        0  los_task.o(i.osTaskInit)
    i.osTaskMonInit                          0x08005b80   Section        0  los_task.o(i.osTaskMonInit)
    i.osTaskScan                             0x08005bb0   Section        0  los_task.o(i.osTaskScan)
    i.osTaskSwitchCheck                      0x08005c8c   Section        0  los_task.o(i.osTaskSwitchCheck)
    i.osTaskWait                             0x08005e10   Section        0  los_task.o(i.osTaskWait)
    i.osTaskWake                             0x08005e5c   Section        0  los_task.o(i.osTaskWake)
    i.osTickHandler                          0x08005ea4   Section        0  los_tick.o(i.osTickHandler)
    i.osTickStart                            0x08005ecc   Section        0  los_hw_tick.o(i.osTickStart)
    i.osTimerListDelete                      0x08005f9c   Section        0  los_task.o(i.osTimerListDelete)
    i.osTimesliceCheck                       0x08005fe4   Section        0  los_timeslice.o(i.osTimesliceCheck)
    i.osTimesliceInit                        0x08006030   Section        0  los_timeslice.o(i.osTimesliceInit)
    i.osTskStackInit                         0x08006040   Section        0  los_hw.o(i.osTskStackInit)
    .constdata                               0x080060d0   Section       72  system_stm32l4xx.o(.constdata)
    .constdata                               0x08006118   Section       20  los_hwi.o(.constdata)
    __FUNCTION__                             0x08006118   Data          20  los_hwi.o(.constdata)
    .constdata                               0x0800612c   Section    19380  lcd.o(.constdata)
    .data.vector                             0x20000000   Section     1024  los_hwi.o(.data.vector)
    .data                                    0x20000400   Section        4  system_stm32l4xx.o(.data)
    .data                                    0x20000404   Section        4  dwt.o(.data)
    cpuclkfeq                                0x20000404   Data           4  dwt.o(.data)
    .data                                    0x20000408   Section        8  main.o(.data)
    .data                                    0x20000410   Section        4  user_task.o(.data)
    g_atiny_tskHandle                        0x20000410   Data           4  user_task.o(.data)
    .data                                    0x20000414   Section        8  los_priqueue.o(.data)
    g_uwPriQueueBitmap                       0x20000418   Data           4  los_priqueue.o(.data)
    .data                                    0x2000041c   Section       28  los_swtmr.o(.data)
    m_uwSwtimerRousesTime                    0x2000042c   Data           4  los_swtmr.o(.data)
    m_pstRouses                              0x20000430   Data           4  los_swtmr.o(.data)
    m_pstRousesPrev                          0x20000434   Data           4  los_swtmr.o(.data)
    .data                                    0x20000438   Section       72  los_task.o(.data)
    .data                                    0x20000480   Section       28  los_tick.o(.data)
    .data                                    0x2000049c   Section        8  los_timeslice.o(.data)
    .data                                    0x200004a4   Section       12  los_mux.o(.data)
    .data                                    0x200004b0   Section       12  los_queue.o(.data)
    .data                                    0x200004bc   Section       12  los_sem.o(.data)
    .data                                    0x200004c8   Section       16  los_heap.o(.data)
    g_uwAllocCount                           0x200004c8   Data           4  los_heap.o(.data)
    g_uwFreeCount                            0x200004cc   Data           4  los_heap.o(.data)
    g_uwCurHeapUsed                          0x200004d0   Data           4  los_heap.o(.data)
    g_uwMaxHeapUsed                          0x200004d4   Data           4  los_heap.o(.data)
    .data                                    0x200004d8   Section        4  los_memory.o(.data)
    .data                                    0x200004dc   Section        4  los_init.o(.data)
    .data                                    0x200004e0   Section        4  los_hwi.o(.data)
    .data                                    0x200004e4   Section        4  lcd.o(.data)
    .data                                    0x200004e8   Section        4  stdout.o(.data)
    .bss                                     0x200004ec   Section      480  usart.o(.bss)
    .bss                                     0x200006cc   Section      100  spi.o(.bss)
    .bss                                     0x20000730   Section       64  los_swtmr.o(.bss)
    .bss                                     0x20000770   Section      342  los_task.o(.bss)
    .bss                                     0x200008c8   Section     1024  los_hwi.o(.bss)
    .bss                                     0x20000cc8   Section     1152  lcd.o(.bss)
    lcd_buf                                  0x20000cc8   Data        1152  lcd.o(.bss)
    LOS_HEAP                                 0x20001148   Section     1024  los_startup_keil.o(LOS_HEAP)

    Global Symbols

    Symbol Name                              Value     Ov Type        Size  Object(Section)

    BuildAttributes$$THM_ISAv4$E$P$D$K$B$S$7EM$VFPi3$EXTD16$VFPS$VFMA$PE$A:L22UL41UL21$X:L11$S22US41US21$IEEE1$IW$USESV6$~STKCKD$USESV7$~SHL$OSPACE$ROPI$EBA8$MICROLIB$REQ8$PRES8$EABIv2 0x00000000   Number         0  anon$$obj.o ABSOLUTE
    __ARM_use_no_argv                        0x00000000   Number         0  main.o ABSOLUTE
    _printf_a                                0x00000000   Number         0  stubs.o ABSOLUTE
    _printf_c                                0x00000000   Number         0  stubs.o ABSOLUTE
    _printf_charcount                        0x00000000   Number         0  stubs.o ABSOLUTE
    _printf_d                                0x00000000   Number         0  stubs.o ABSOLUTE
    _printf_e                                0x00000000   Number         0  stubs.o ABSOLUTE
    _printf_f                                0x00000000   Number         0  stubs.o ABSOLUTE
    _printf_flags                            0x00000000   Number         0  stubs.o ABSOLUTE
    _printf_fp_dec                           0x00000000   Number         0  stubs.o ABSOLUTE
    _printf_fp_hex                           0x00000000   Number         0  stubs.o ABSOLUTE
    _printf_g                                0x00000000   Number         0  stubs.o ABSOLUTE
    _printf_i                                0x00000000   Number         0  stubs.o ABSOLUTE
    _printf_int_dec                          0x00000000   Number         0  stubs.o ABSOLUTE
    _printf_l                                0x00000000   Number         0  stubs.o ABSOLUTE
    _printf_lc                               0x00000000   Number         0  stubs.o ABSOLUTE
    _printf_ll                               0x00000000   Number         0  stubs.o ABSOLUTE
    _printf_lld                              0x00000000   Number         0  stubs.o ABSOLUTE
    _printf_lli                              0x00000000   Number         0  stubs.o ABSOLUTE
    _printf_llo                              0x00000000   Number         0  stubs.o ABSOLUTE
    _printf_llu                              0x00000000   Number         0  stubs.o ABSOLUTE
    _printf_llx                              0x00000000   Number         0  stubs.o ABSOLUTE
    _printf_longlong_dec                     0x00000000   Number         0  stubs.o ABSOLUTE
    _printf_longlong_hex                     0x00000000   Number         0  stubs.o ABSOLUTE
    _printf_longlong_oct                     0x00000000   Number         0  stubs.o ABSOLUTE
    _printf_ls                               0x00000000   Number         0  stubs.o ABSOLUTE
    _printf_mbtowc                           0x00000000   Number         0  stubs.o ABSOLUTE
    _printf_n                                0x00000000   Number         0  stubs.o ABSOLUTE
    _printf_o                                0x00000000   Number         0  stubs.o ABSOLUTE
    _printf_p                                0x00000000   Number         0  stubs.o ABSOLUTE
    _printf_percent                          0x00000000   Number         0  stubs.o ABSOLUTE
    _printf_pre_padding                      0x00000000   Number         0  stubs.o ABSOLUTE
    _printf_return_value                     0x00000000   Number         0  stubs.o ABSOLUTE
    _printf_s                                0x00000000   Number         0  stubs.o ABSOLUTE
    _printf_sizespec                         0x00000000   Number         0  stubs.o ABSOLUTE
    _printf_str                              0x00000000   Number         0  stubs.o ABSOLUTE
    _printf_truncate_signed                  0x00000000   Number         0  stubs.o ABSOLUTE
    _printf_truncate_unsigned                0x00000000   Number         0  stubs.o ABSOLUTE
    _printf_u                                0x00000000   Number         0  stubs.o ABSOLUTE
    _printf_wc                               0x00000000   Number         0  stubs.o ABSOLUTE
    _printf_wctomb                           0x00000000   Number         0  stubs.o ABSOLUTE
    _printf_widthprec                        0x00000000   Number         0  stubs.o ABSOLUTE
    _printf_x                                0x00000000   Number         0  stubs.o ABSOLUTE
    __cpp_initialize__aeabi_                  - Undefined Weak Reference
    __cxa_finalize                            - Undefined Weak Reference
    _clock_init                               - Undefined Weak Reference
    _microlib_exit                            - Undefined Weak Reference
    _BootVectors                             0x08000000   Data           0  los_startup_keil.o(RESET)
    Reset_Handler                            0x08000009   Thumb Code     0  los_startup_keil.o(RESET)
    __main                                   0x0800002d   Thumb Code     0  entry.o(.ARM.Collect$$$$00000000)
    _main_stk                                0x0800002d   Thumb Code     0  entry3.o(.ARM.Collect$$$$00000002)
    _main_scatterload                        0x08000031   Thumb Code     0  entry5.o(.ARM.Collect$$$$00000004)
    __main_after_scatterload                 0x08000035   Thumb Code     0  entry5.o(.ARM.Collect$$$$00000004)
    _main_clock                              0x08000035   Thumb Code     0  entry7b.o(.ARM.Collect$$$$00000008)
    _main_cpp_init                           0x08000035   Thumb Code     0  entry8b.o(.ARM.Collect$$$$0000000A)
    _main_init                               0x08000035   Thumb Code     0  entry9a.o(.ARM.Collect$$$$0000000B)
    __rt_final_cpp                           0x0800003d   Thumb Code     0  entry10a.o(.ARM.Collect$$$$0000000D)
    __rt_final_exit                          0x0800003d   Thumb Code     0  entry11a.o(.ARM.Collect$$$$0000000F)
    LOS_StartToRun                           0x08000041   Thumb Code     0  los_dispatch_keil.o(.text)
    LOS_IntLock                              0x0800008d   Thumb Code     0  los_dispatch_keil.o(.text)
    LOS_IntUnLock                            0x08000095   Thumb Code     0  los_dispatch_keil.o(.text)
    LOS_IntRestore                           0x0800009d   Thumb Code     0  los_dispatch_keil.o(.text)
    osTaskSchedule                           0x080000a3   Thumb Code     0  los_dispatch_keil.o(.text)
    PendSV_Handler                           0x080000ad   Thumb Code     0  los_dispatch_keil.o(.text)
    __aeabi_uldivmod                         0x0800012d   Thumb Code    98  uldiv.o(.text)
    __aeabi_memcpy                           0x0800018f   Thumb Code    36  memcpya.o(.text)
    __aeabi_memcpy4                          0x0800018f   Thumb Code     0  memcpya.o(.text)
    __aeabi_memcpy8                          0x0800018f   Thumb Code     0  memcpya.o(.text)
    __aeabi_memset                           0x080001b3   Thumb Code    14  memseta.o(.text)
    __aeabi_memset4                          0x080001b3   Thumb Code     0  memseta.o(.text)
    __aeabi_memset8                          0x080001b3   Thumb Code     0  memseta.o(.text)
    __aeabi_memclr                           0x080001c1   Thumb Code     4  memseta.o(.text)
    __aeabi_memclr4                          0x080001c1   Thumb Code     0  memseta.o(.text)
    __aeabi_memclr8                          0x080001c1   Thumb Code     0  memseta.o(.text)
    _memset$wrapper                          0x080001c5   Thumb Code    18  memseta.o(.text)
    __aeabi_ddiv                             0x080001d7   Thumb Code   222  ddiv.o(.text)
    __aeabi_d2ulz                            0x080002b5   Thumb Code    48  dfixul.o(.text)
    __aeabi_uidiv                            0x080002e5   Thumb Code     0  uidiv.o(.text)
    __aeabi_uidivmod                         0x080002e5   Thumb Code    44  uidiv.o(.text)
    __aeabi_llsl                             0x08000311   Thumb Code    30  llshl.o(.text)
    _ll_shift_l                              0x08000311   Thumb Code     0  llshl.o(.text)
    __aeabi_llsr                             0x0800032f   Thumb Code    32  llushr.o(.text)
    _ll_ushift_r                             0x0800032f   Thumb Code     0  llushr.o(.text)
    __I$use$fp                               0x0800034f   Thumb Code     0  iusefp.o(.text)
    _double_round                            0x0800034f   Thumb Code    30  depilogue.o(.text)
    _double_epilogue                         0x0800036d   Thumb Code   156  depilogue.o(.text)
    __aeabi_dadd                             0x08000409   Thumb Code   322  dadd.o(.text)
    __aeabi_dsub                             0x0800054b   Thumb Code     6  dadd.o(.text)
    __aeabi_drsub                            0x08000551   Thumb Code     6  dadd.o(.text)
    __aeabi_dmul                             0x08000557   Thumb Code   228  dmul.o(.text)
    __aeabi_cdrcmple                         0x0800063d   Thumb Code    48  cdrcmple.o(.text)
    __scatterload                            0x0800066d   Thumb Code    28  init.o(.text)
    __scatterload_rt2                        0x0800066d   Thumb Code     0  init.o(.text)
    __aeabi_lasr                             0x08000691   Thumb Code    36  llsshr.o(.text)
    _ll_sshift_r                             0x08000691   Thumb Code     0  llsshr.o(.text)
    __decompress                             0x080006b5   Thumb Code     0  __dczerorl2.o(.text)
    __decompress1                            0x080006b5   Thumb Code    86  __dczerorl2.o(.text)
    HAL_GPIO_Init                            0x0800074d   Thumb Code   432  stm32l4xx_hal_gpio.o(i.HAL_GPIO_Init)
    HAL_GPIO_WritePin                        0x08000919   Thumb Code    10  stm32l4xx_hal_gpio.o(i.HAL_GPIO_WritePin)
    HAL_GetTick                              0x08000923   Thumb Code     8  sys_init.o(i.HAL_GetTick)
    HAL_Init                                 0x0800092b   Thumb Code    22  stm32l4xx_hal.o(i.HAL_Init)
    HAL_InitTick                             0x08000941   Thumb Code    36  stm32l4xx_hal.o(i.HAL_InitTick)
    HAL_MspInit                              0x08000969   Thumb Code     2  stm32l4xx_hal.o(i.HAL_MspInit)
    HAL_NVIC_EnableIRQ                       0x0800096b   Thumb Code    32  stm32l4xx_hal_cortex.o(i.HAL_NVIC_EnableIRQ)
    HAL_NVIC_SetPriority                     0x0800098b   Thumb Code   124  stm32l4xx_hal_cortex.o(i.HAL_NVIC_SetPriority)
    HAL_NVIC_SetPriorityGrouping             0x08000a09   Thumb Code    32  stm32l4xx_hal_cortex.o(i.HAL_NVIC_SetPriorityGrouping)
    HAL_PWREx_ControlVoltageScaling          0x08000a31   Thumb Code   128  stm32l4xx_hal_pwr_ex.o(i.HAL_PWREx_ControlVoltageScaling)
    HAL_PWREx_GetVoltageRange                0x08000abd   Thumb Code    10  stm32l4xx_hal_pwr_ex.o(i.HAL_PWREx_GetVoltageRange)
    HAL_PWR_EnableBkUpAccess                 0x08000acd   Thumb Code    14  stm32l4xx_hal_pwr.o(i.HAL_PWR_EnableBkUpAccess)
    HAL_RCCEx_PeriphCLKConfig                0x08000ae1   Thumb Code   896  stm32l4xx_hal_rcc_ex.o(i.HAL_RCCEx_PeriphCLKConfig)
    HAL_RCC_ClockConfig                      0x08000e69   Thumb Code   348  stm32l4xx_hal_rcc.o(i.HAL_RCC_ClockConfig)
    HAL_RCC_GetHCLKFreq                      0x08000fd5   Thumb Code     6  stm32l4xx_hal_rcc.o(i.HAL_RCC_GetHCLKFreq)
    HAL_RCC_GetPCLK1Freq                     0x08000fe1   Thumb Code    22  stm32l4xx_hal_rcc.o(i.HAL_RCC_GetPCLK1Freq)
    HAL_RCC_GetPCLK2Freq                     0x08001001   Thumb Code    22  stm32l4xx_hal_rcc.o(i.HAL_RCC_GetPCLK2Freq)
    HAL_RCC_GetSysClockFreq                  0x08001021   Thumb Code   252  stm32l4xx_hal_rcc.o(i.HAL_RCC_GetSysClockFreq)
    HAL_RCC_OscConfig                        0x0800112d   Thumb Code  1676  stm32l4xx_hal_rcc.o(i.HAL_RCC_OscConfig)
    HAL_SPI_Init                             0x080017c5   Thumb Code   192  stm32l4xx_hal_spi.o(i.HAL_SPI_Init)
    HAL_SPI_MspInit                          0x08001885   Thumb Code   104  spi.o(i.HAL_SPI_MspInit)
    HAL_SPI_Transmit                         0x080018fd   Thumb Code   440  stm32l4xx_hal_spi.o(i.HAL_SPI_Transmit)
    HAL_SYSTICK_Config                       0x08001ab5   Thumb Code    52  stm32l4xx_hal_cortex.o(i.HAL_SYSTICK_Config)
    HAL_UART_Init                            0x08001ae9   Thumb Code   120  stm32l4xx_hal_uart.o(i.HAL_UART_Init)
    HAL_UART_MspInit                         0x08001b61   Thumb Code   342  usart.o(i.HAL_UART_MspInit)
    HAL_UART_Transmit                        0x08001cd1   Thumb Code   200  stm32l4xx_hal_uart.o(i.HAL_UART_Transmit)
    HardWare_Init                            0x08001d99   Thumb Code    52  main.o(i.HardWare_Init)
    LCD_Address_Set                          0x08001dd5   Thumb Code    82  lcd.o(i.LCD_Address_Set)
    LCD_Clear                                0x08001e29   Thumb Code   104  lcd.o(i.LCD_Clear)
    LCD_Init                                 0x08001f4d   Thumb Code   410  lcd.o(i.LCD_Init)
    LCD_ShowChar                             0x080020fd   Thumb Code   502  lcd.o(i.LCD_ShowChar)
    LCD_ShowString                           0x0800230d   Thumb Code    98  lcd.o(i.LCD_ShowString)
    LCD_Write_HalfWord                       0x080023a9   Thumb Code    40  lcd.o(i.LCD_Write_HalfWord)
    LOS_Align                                0x080023d5   Thumb Code    28  los_misc.o(i.LOS_Align)
    LOS_KernelInit                           0x080023f1   Thumb Code   178  los_init.o(i.LOS_KernelInit)
    LOS_MemAlloc                             0x080025bf   Thumb Code    42  los_memory.o(i.LOS_MemAlloc)
    LOS_MemAllocAlign                        0x080025e9   Thumb Code    20  los_memory.o(i.LOS_MemAllocAlign)
    LOS_MemFree                              0x080025fd   Thumb Code    52  los_memory.o(i.LOS_MemFree)
    LOS_MemInit                              0x08002631   Thumb Code   206  los_memory.o(i.LOS_MemInit)
    LOS_QueueCreate                          0x0800273d   Thumb Code   210  los_queue.o(i.LOS_QueueCreate)
    LOS_QueueReadCopy                        0x0800281d   Thumb Code    54  los_queue.o(i.LOS_QueueReadCopy)
    LOS_QueueWriteCopy                       0x08002853   Thumb Code    54  los_queue.o(i.LOS_QueueWriteCopy)
    LOS_Schedule                             0x08002889   Thumb Code    56  los_hw.o(i.LOS_Schedule)
    LOS_Start                                0x080028c9   Thumb Code    38  los_init.o(i.LOS_Start)
    LOS_TaskCreate                           0x0800290d   Thumb Code   140  los_task.o(i.LOS_TaskCreate)
    LOS_TaskCreateOnly                       0x080029a9   Thumb Code   354  los_task.o(i.LOS_TaskCreateOnly)
    LOS_TaskDelay                            0x08002b29   Thumb Code   106  los_task.o(i.LOS_TaskDelay)
    LOS_TaskDelete                           0x08002ba5   Thumb Code   334  los_task.o(i.LOS_TaskDelete)
    LOS_TaskYield                            0x08002d1d   Thumb Code   134  los_task.o(i.LOS_TaskYield)
    LOS_TickCountGet                         0x08002db1   Thumb Code     6  los_sys.o(i.LOS_TickCountGet)
    MX_GPIO_Init                             0x08002dbd   Thumb Code   170  gpio.o(i.MX_GPIO_Init)
    MX_SPI2_Init                             0x08002e79   Thumb Code    78  spi.o(i.MX_SPI2_Init)
    MX_USART1_UART_Init                      0x08002ee1   Thumb Code    60  usart.o(i.MX_USART1_UART_Init)
    SPI2_WriteByte                           0x08003161   Thumb Code    22  spi.o(i.SPI2_WriteByte)
    SystemClock_Config                       0x08003339   Thumb Code   228  sys_init.o(i.SystemClock_Config)
    SystemInit                               0x08003439   Thumb Code    68  system_stm32l4xx.o(i.SystemInit)
    UART_AdvFeatureConfig                    0x08003719   Thumb Code   248  stm32l4xx_hal_uart.o(i.UART_AdvFeatureConfig)
    UART_CheckIdleState                      0x08003811   Thumb Code   116  stm32l4xx_hal_uart.o(i.UART_CheckIdleState)
    UART_SetConfig                           0x08003885   Thumb Code  1000  stm32l4xx_hal_uart.o(i.UART_SetConfig)
    UART_WaitOnFlagUntilTimeout              0x08003c91   Thumb Code   108  stm32l4xx_hal_uart.o(i.UART_WaitOnFlagUntilTimeout)
    _Error_Handler                           0x08003cfd   Thumb Code     4  sys_init.o(i._Error_Handler)
    __0printf                                0x08003d01   Thumb Code    22  printfa.o(i.__0printf)
    __1printf                                0x08003d01   Thumb Code     0  printfa.o(i.__0printf)
    __2printf                                0x08003d01   Thumb Code     0  printfa.o(i.__0printf)
    __c89printf                              0x08003d01   Thumb Code     0  printfa.o(i.__0printf)
    printf                                   0x08003d01   Thumb Code     0  printfa.o(i.__0printf)
    __scatterload_copy                       0x08003d59   Thumb Code    14  handlers.o(i.__scatterload_copy)
    __scatterload_null                       0x08003d67   Thumb Code     2  handlers.o(i.__scatterload_null)
    __scatterload_zeroinit                   0x08003d69   Thumb Code    14  handlers.o(i.__scatterload_zeroinit)
    atiny_task_entry                         0x0800460b   Thumb Code     2  user_task.o(i.atiny_task_entry)
    creat_agenttiny_task                     0x0800460d   Thumb Code    48  user_task.o(i.creat_agenttiny_task)
    create_work_tasks                        0x08004655   Thumb Code    20  user_task.o(i.create_work_tasks)
    delay10ms                                0x08004669   Thumb Code    18  dwt.o(i.delay10ms)
    delayus                                  0x0800467d   Thumb Code    78  dwt.o(i.delayus)
    dwt_delay_init                           0x080046d9   Thumb Code    30  dwt.o(i.dwt_delay_init)
    fputc                                    0x08004705   Thumb Code    22  usart.o(i.fputc)
    main                                     0x08004721   Thumb Code    42  main.o(i.main)
    osAlarmHeapInfo                          0x08004769   Thumb Code    36  los_heap.o(i.osAlarmHeapInfo)
    osAtomicBitsetClearBit                   0x0800478d   Thumb Code    36  los_slab.o(i.osAtomicBitsetClearBit)
    osAtomicBitsetFindClearAndSet            0x080047b1   Thumb Code    80  los_slab.o(i.osAtomicBitsetFindClearAndSet)
    osAtomicBitsetGetBit                     0x08004801   Thumb Code    42  los_slab.o(i.osAtomicBitsetGetBit)
    osAtomicBitsetGetNumBits                 0x0800482b   Thumb Code     6  los_slab.o(i.osAtomicBitsetGetNumBits)
    osAtomicBitsetInit                       0x08004831   Thumb Code    46  los_slab.o(i.osAtomicBitsetInit)
    osHeapAlloc                              0x08004861   Thumb Code   292  los_heap.o(i.osHeapAlloc)
    osHeapAllocAlign                         0x080049c9   Thumb Code    90  los_heap.o(i.osHeapAllocAlign)
    osHeapFree                               0x08004a25   Thumb Code   284  los_heap.o(i.osHeapFree)
    osHeapInit                               0x08004b65   Thumb Code    68  los_heap.o(i.osHeapInit)
    osHeapPrvGetNext                         0x08004ba9   Thumb Code    26  los_heap.o(i.osHeapPrvGetNext)
    osHeapStatisticsGet                      0x08004bc5   Thumb Code    90  los_heap.o(i.osHeapStatisticsGet)
    osHwiDefaultHandler                      0x08004c29   Thumb Code    30  los_hwi.o(i.osHwiDefaultHandler)
    osHwiInit                                0x08004c65   Thumb Code    58  los_hwi.o(i.osHwiInit)
    osIdleTask                               0x08004cb1   Thumb Code     4  los_task.o(i.osIdleTask)
    osIdleTaskCreate                         0x08004cb5   Thumb Code    54  los_task.o(i.osIdleTaskCreate)
    osIntNumGet                              0x08004d01   Thumb Code     8  los_hwi.o(i.osIntNumGet)
    osInterrupt                              0x08004d09   Thumb Code    70  los_hwi.o(i.osInterrupt)
    osMemSystemInit                          0x08004d59   Thumb Code    22  los_memory.o(i.osMemSystemInit)
    osMuxInit                                0x08004d79   Thumb Code    82  los_mux.o(i.osMuxInit)
    osPriqueueDequeue                        0x08004ddd   Thumb Code    66  los_priqueue.o(i.osPriqueueDequeue)
    osPriqueueEnqueue                        0x08004e29   Thumb Code    64  los_priqueue.o(i.osPriqueueEnqueue)
    osPriqueueInit                           0x08004e71   Thumb Code    64  los_priqueue.o(i.osPriqueueInit)
    osPriqueueSize                           0x08004eb9   Thumb Code    36  los_priqueue.o(i.osPriqueueSize)
    osPriqueueTop                            0x08004ee1   Thumb Code    32  los_priqueue.o(i.osPriqueueTop)
    osQueueInit                              0x08005015   Thumb Code    96  los_queue.o(i.osQueueInit)
    osQueueOperate                           0x08005085   Thumb Code   374  los_queue.o(i.osQueueOperate)
    osSchedule                               0x08005299   Thumb Code     8  los_hw.o(i.osSchedule)
    osSemInit                                0x080052a1   Thumb Code    80  los_sem.o(i.osSemInit)
    osSlabAllocatorAlloc                     0x08005301   Thumb Code    30  los_slab.o(i.osSlabAllocatorAlloc)
    osSlabAllocatorFree                      0x0800531f   Thumb Code    72  los_slab.o(i.osSlabAllocatorFree)
    osSlabAllocatorNew                       0x08005367   Thumb Code    92  los_slab.o(i.osSlabAllocatorNew)
    osSlabBlockHeadFill                      0x080053c3   Thumb Code    18  los_slabmem.o(i.osSlabBlockHeadFill)
    osSlabCtrlHdrGet                         0x080053d5   Thumb Code     8  los_memory.o(i.osSlabCtrlHdrGet)
    osSlabMemAlloc                           0x080053dd   Thumb Code   160  los_slabmem.o(i.osSlabMemAlloc)
    osSlabMemFree                            0x0800547d   Thumb Code   116  los_slabmem.o(i.osSlabMemFree)
    osSlabMemInit                            0x080054f1   Thumb Code   108  los_slabmem.o(i.osSlabMemInit)
    osSwTmrInit                              0x0800555d   Thumb Code   130  los_swtmr.o(i.osSwTmrInit)
    osSwTmrStart                             0x080055fd   Thumb Code   506  los_swtmr.o(i.osSwTmrStart)
    osSwTmrTask                              0x08005805   Thumb Code    62  los_swtmr.o(i.osSwTmrTask)
    osSwTmrTaskCreate                        0x08005849   Thumb Code    48  los_swtmr.o(i.osSwTmrTaskCreate)
    osSwtmrScan                              0x0800593d   Thumb Code    32  los_swtmr.o(i.osSwtmrScan)
    osTaskAdd2TimerList                      0x08005961   Thumb Code   188  los_task.o(i.osTaskAdd2TimerList)
    osTaskEntry                              0x08005a21   Thumb Code    40  los_task.o(i.osTaskEntry)
    osTaskExit                               0x08005a51   Thumb Code     6  los_hw.o(i.osTaskExit)
    osTaskInit                               0x08005a59   Thumb Code   258  los_task.o(i.osTaskInit)
    osTaskMonInit                            0x08005b81   Thumb Code    32  los_task.o(i.osTaskMonInit)
    osTaskScan                               0x08005bb1   Thumb Code   214  los_task.o(i.osTaskScan)
    osTaskSwitchCheck                        0x08005c8d   Thumb Code   238  los_task.o(i.osTaskSwitchCheck)
    osTaskWait                               0x08005e11   Thumb Code    72  los_task.o(i.osTaskWait)
    osTaskWake                               0x08005e5d   Thumb Code    70  los_task.o(i.osTaskWake)
    osTickHandler                            0x08005ea5   Thumb Code    34  los_tick.o(i.osTickHandler)
    osTickStart                              0x08005ecd   Thumb Code   162  los_hw_tick.o(i.osTickStart)
    osTimerListDelete                        0x08005f9d   Thumb Code    66  los_task.o(i.osTimerListDelete)
    osTimesliceCheck                         0x08005fe5   Thumb Code    64  los_timeslice.o(i.osTimesliceCheck)
    osTimesliceInit                          0x08006031   Thumb Code    12  los_timeslice.o(i.osTimesliceInit)
    osTskStackInit                           0x08006041   Thumb Code   134  los_hw.o(i.osTskStackInit)
    AHBPrescTable                            0x080060d0   Data          16  system_stm32l4xx.o(.constdata)
    APBPrescTable                            0x080060e0   Data           8  system_stm32l4xx.o(.constdata)
    MSIRangeTable                            0x080060e8   Data          48  system_stm32l4xx.o(.constdata)
    asc2_1206                                0x0800612c   Data        1140  lcd.o(.constdata)
    asc2_1608                                0x080065a0   Data        1520  lcd.o(.constdata)
    asc2_2412                                0x08006b90   Data        4560  lcd.o(.constdata)
    asc2_3216                                0x08007d60   Data       12160  lcd.o(.constdata)
    Region$$Table$$Base                      0x0800ace0   Number         0  anon$$obj.o(Region$$Table)
    Region$$Table$$Limit                     0x0800ad10   Number         0  anon$$obj.o(Region$$Table)
    m_pstHwiForm                             0x20000000   Data        1024  los_hwi.o(.data.vector)
    SystemCoreClock                          0x20000400   Data           4  system_stm32l4xx.o(.data)
    g_TskHandle                              0x20000408   Data           4  main.o(.data)
    Test_Task_Handle                         0x2000040c   Data           4  main.o(.data)
    g_pstLosPriorityQueueList                0x20000414   Data           4  los_priqueue.o(.data)
    m_uwSwTmrHandlerQueue                    0x2000041c   Data           4  los_swtmr.o(.data)
    m_pstSwtmrCBArray                        0x20000420   Data           4  los_swtmr.o(.data)
    m_pstSwtmrFreeList                       0x20000424   Data           4  los_swtmr.o(.data)
    m_pstSwtmrSortList                       0x20000428   Data           4  los_swtmr.o(.data)
    g_pstTaskCBArray                         0x20000438   Data           4  los_task.o(.data)
    g_stLosTask                              0x2000043c   Data           8  los_task.o(.data)
    g_usLosTaskLock                          0x20000444   Data           2  los_task.o(.data)
    g_uwTskMaxNum                            0x20000448   Data           4  los_task.o(.data)
    g_uwIdleTaskID                           0x2000044c   Data           4  los_task.o(.data)
    g_uwSwtmrTaskID                          0x20000450   Data           4  los_task.o(.data)
    g_stTaskTimerList                        0x20000454   Data           8  los_task.o(.data)
    g_stLosFreeTask                          0x2000045c   Data           8  los_task.o(.data)
    g_stTskRecyleList                        0x20000464   Data           8  los_task.o(.data)
    g_stTskSortLink                          0x2000046c   Data           8  los_task.o(.data)
    g_bTaskScheduled                         0x20000474   Data           4  los_task.o(.data)
    g_pfnTskSwitchHook                       0x20000478   Data           4  los_task.o(.data)
    g_pfnUsrTskSwitchHook                    0x2000047c   Data           4  los_task.o(.data)
    g_ullTickCount                           0x20000480   Data           8  los_tick.o(.data)
    g_uwTicksPerSec                          0x20000488   Data           4  los_tick.o(.data)
    g_uwCyclePerSec                          0x2000048c   Data           4  los_tick.o(.data)
    g_uwCyclesPerTick                        0x20000490   Data           4  los_tick.o(.data)
    g_uwSysClock                             0x20000494   Data           4  los_tick.o(.data)
    g_bSysTickStart                          0x20000498   Data           4  los_tick.o(.data)
    g_stTaskTimeSlice                        0x2000049c   Data           8  los_timeslice.o(.data)
    g_pstAllMux                              0x200004a4   Data           4  los_mux.o(.data)
    g_stUnusedMuxList                        0x200004a8   Data           8  los_mux.o(.data)
    g_pstAllQueue                            0x200004b0   Data           4  los_queue.o(.data)
    g_stFreeQueueList                        0x200004b4   Data           8  los_queue.o(.data)
    g_stUnusedSemList                        0x200004bc   Data           8  los_sem.o(.data)
    g_pstAllSem                              0x200004c4   Data           4  los_sem.o(.data)
    g_pPoolHead                              0x200004d8   Data           4  los_memory.o(.data)
    m_aucSysMem0                             0x200004dc   Data           4  los_init.o(.data)
    g_vuwIntCount                            0x200004e0   Data           4  los_hwi.o(.data)
    POINT_COLOR                              0x200004e4   Data           2  lcd.o(.data)
    BACK_COLOR                               0x200004e6   Data           2  lcd.o(.data)
    __stdout                                 0x200004e8   Data           4  stdout.o(.data)
    hlpuart1                                 0x200004ec   Data         120  usart.o(.bss)
    huart1                                   0x20000564   Data         120  usart.o(.bss)
    huart2                                   0x200005dc   Data         120  usart.o(.bss)
    huart3                                   0x20000654   Data         120  usart.o(.bss)
    hspi2                                    0x200006cc   Data         100  spi.o(.bss)
    m_uwSwTmrAlignID                         0x20000730   Data          64  los_swtmr.o(.bss)
    g_astTskSwitchInfo                       0x20000770   Data         342  los_task.o(.bss)
    m_pstHwiSlaveForm                        0x200008c8   Data        1024  los_hwi.o(.bss)
    __los_heap_base                          0x20001148   Data           0  los_startup_keil.o(LOS_HEAP)
    Image$$ARM_LIB_STACKHEAP$$ZI$$Base       0x2000fc00   Number         0  anon$$obj.o ABSOLUTE
    Image$$ARM_LIB_STACKHEAP$$ZI$$Limit      0x20010000   Number         0  anon$$obj.o ABSOLUTE



==============================================================================

Memory Map of the image

  Image Entry point : 0x0800002d

  Load Region LR_IROM1 (Base: 0x08000000, Size: 0x0000b1fc, Max: 0x00040000, ABSOLUTE, COMPRESSED[0x0000ae14])

    Execution Region ER_IROM1 (Base: 0x08000000, Size: 0x0000ad10, Max: 0x00040000, ABSOLUTE)

    Base Addr    Size         Type   Attr      Idx    E Section Name        Object

    0x08000000   0x0000002c   Code   RO            3    RESET               los_startup_keil.o
    0x0800002c   0x00000000   Code   RO         7494  * .ARM.Collect$$$$00000000  mc_w.l(entry.o)
    0x0800002c   0x00000004   Code   RO         7778    .ARM.Collect$$$$00000002  mc_w.l(entry3.o)
    0x08000030   0x00000004   Code   RO         7781    .ARM.Collect$$$$00000004  mc_w.l(entry5.o)
    0x08000034   0x00000000   Code   RO         7783    .ARM.Collect$$$$00000008  mc_w.l(entry7b.o)
    0x08000034   0x00000000   Code   RO         7785    .ARM.Collect$$$$0000000A  mc_w.l(entry8b.o)
    0x08000034   0x00000008   Code   RO         7786    .ARM.Collect$$$$0000000B  mc_w.l(entry9a.o)
    0x0800003c   0x00000000   Code   RO         7788    .ARM.Collect$$$$0000000D  mc_w.l(entry10a.o)
    0x0800003c   0x00000000   Code   RO         7790    .ARM.Collect$$$$0000000F  mc_w.l(entry11a.o)
    0x0800003c   0x00000004   Code   RO         7779    .ARM.Collect$$$$00002713  mc_w.l(entry3.o)
    0x08000040   0x000000ec   Code   RO         2991    .text               los_dispatch_keil.o
    0x0800012c   0x00000062   Code   RO         7497    .text               mc_w.l(uldiv.o)
    0x0800018e   0x00000024   Code   RO         7499    .text               mc_w.l(memcpya.o)
    0x080001b2   0x00000024   Code   RO         7501    .text               mc_w.l(memseta.o)
    0x080001d6   0x000000de   Code   RO         7770    .text               mf_w.l(ddiv.o)
    0x080002b4   0x00000030   Code   RO         7776    .text               mf_w.l(dfixul.o)
    0x080002e4   0x0000002c   Code   RO         7793    .text               mc_w.l(uidiv.o)
    0x08000310   0x0000001e   Code   RO         7795    .text               mc_w.l(llshl.o)
    0x0800032e   0x00000020   Code   RO         7797    .text               mc_w.l(llushr.o)
    0x0800034e   0x00000000   Code   RO         7799    .text               mc_w.l(iusefp.o)
    0x0800034e   0x000000ba   Code   RO         7800    .text               mf_w.l(depilogue.o)
    0x08000408   0x0000014e   Code   RO         7802    .text               mf_w.l(dadd.o)
    0x08000556   0x000000e4   Code   RO         7804    .text               mf_w.l(dmul.o)
    0x0800063a   0x00000002   PAD
    0x0800063c   0x00000030   Code   RO         7806    .text               mf_w.l(cdrcmple.o)
    0x0800066c   0x00000024   Code   RO         7808    .text               mc_w.l(init.o)
    0x08000690   0x00000024   Code   RO         7810    .text               mc_w.l(llsshr.o)
    0x080006b4   0x00000056   Code   RO         7820    .text               mc_w.l(__dczerorl2.o)
    0x0800070a   0x00000002   PAD
    0x0800070c   0x00000040   Code   RO          381    i.Creat_Test_Task   main.o
    0x0800074c   0x000001cc   Code   RO         5738    i.HAL_GPIO_Init     stm32l4xx_hal_gpio.o
    0x08000918   0x0000000a   Code   RO         5742    i.HAL_GPIO_WritePin  stm32l4xx_hal_gpio.o
    0x08000922   0x00000008   Code   RO          266    i.HAL_GetTick       sys_init.o
    0x0800092a   0x00000016   Code   RO         4519    i.HAL_Init          stm32l4xx_hal.o
    0x08000940   0x00000028   Code   RO         4520    i.HAL_InitTick      stm32l4xx_hal.o
    0x08000968   0x00000002   Code   RO         4522    i.HAL_MspInit       stm32l4xx_hal.o
    0x0800096a   0x00000020   Code   RO         6219    i.HAL_NVIC_EnableIRQ  stm32l4xx_hal_cortex.o
    0x0800098a   0x0000007c   Code   RO         6225    i.HAL_NVIC_SetPriority  stm32l4xx_hal_cortex.o
    0x08000a06   0x00000002   PAD
    0x08000a08   0x00000028   Code   RO         6226    i.HAL_NVIC_SetPriorityGrouping  stm32l4xx_hal_cortex.o
    0x08000a30   0x0000008c   Code   RO         6029    i.HAL_PWREx_ControlVoltageScaling  stm32l4xx_hal_pwr_ex.o
    0x08000abc   0x00000010   Code   RO         6052    i.HAL_PWREx_GetVoltageRange  stm32l4xx_hal_pwr_ex.o
    0x08000acc   0x00000014   Code   RO         5921    i.HAL_PWR_EnableBkUpAccess  stm32l4xx_hal_pwr.o
    0x08000ae0   0x00000388   Code   RO         5350    i.HAL_RCCEx_PeriphCLKConfig  stm32l4xx_hal_rcc_ex.o
    0x08000e68   0x0000016c   Code   RO         5228    i.HAL_RCC_ClockConfig  stm32l4xx_hal_rcc.o
    0x08000fd4   0x0000000c   Code   RO         5232    i.HAL_RCC_GetHCLKFreq  stm32l4xx_hal_rcc.o
    0x08000fe0   0x00000020   Code   RO         5234    i.HAL_RCC_GetPCLK1Freq  stm32l4xx_hal_rcc.o
    0x08001000   0x00000020   Code   RO         5235    i.HAL_RCC_GetPCLK2Freq  stm32l4xx_hal_rcc.o
    0x08001020   0x0000010c   Code   RO         5236    i.HAL_RCC_GetSysClockFreq  stm32l4xx_hal_rcc.o
    0x0800112c   0x00000698   Code   RO         5239    i.HAL_RCC_OscConfig  stm32l4xx_hal_rcc.o
    0x080017c4   0x000000c0   Code   RO         6467    i.HAL_SPI_Init      stm32l4xx_hal_spi.o
    0x08001884   0x00000078   Code   RO          598    i.HAL_SPI_MspInit   spi.o
    0x080018fc   0x000001b8   Code   RO         6475    i.HAL_SPI_Transmit  stm32l4xx_hal_spi.o
    0x08001ab4   0x00000034   Code   RO         6230    i.HAL_SYSTICK_Config  stm32l4xx_hal_cortex.o
    0x08001ae8   0x00000078   Code   RO         4097    i.HAL_UART_Init     stm32l4xx_hal_uart.o
    0x08001b60   0x00000170   Code   RO          478    i.HAL_UART_MspInit  usart.o
    0x08001cd0   0x000000c8   Code   RO         4105    i.HAL_UART_Transmit  stm32l4xx_hal_uart.o
    0x08001d98   0x0000003c   Code   RO          382    i.HardWare_Init     main.o
    0x08001dd4   0x00000052   Code   RO         7045    i.LCD_Address_Set   lcd.o
    0x08001e26   0x00000002   PAD
    0x08001e28   0x00000070   Code   RO         7046    i.LCD_Clear         lcd.o
    0x08001e98   0x000000b4   Code   RO         7055    i.LCD_Gpio_Init     lcd.o
    0x08001f4c   0x000001a0   Code   RO         7056    i.LCD_Init          lcd.o
    0x080020ec   0x00000010   Code   RO         7058    i.LCD_SPI_Send      lcd.o
    0x080020fc   0x00000210   Code   RO         7059    i.LCD_ShowChar      lcd.o
    0x0800230c   0x00000062   Code   RO         7061    i.LCD_ShowString    lcd.o
    0x0800236e   0x00000002   PAD
    0x08002370   0x0000001c   Code   RO         7064    i.LCD_Write_Cmd     lcd.o
    0x0800238c   0x0000001c   Code   RO         7065    i.LCD_Write_Data    lcd.o
    0x080023a8   0x0000002c   Code   RO         7066    i.LCD_Write_HalfWord  lcd.o
    0x080023d4   0x0000001c   Code   RO         2847    i.LOS_Align         los_misc.o
    0x080023f0   0x0000011c   Code   RO         2910    i.LOS_KernelInit    los_init.o
    0x0800250c   0x0000000e   Code   RO          383    i.LOS_ListAdd       main.o
    0x0800251a   0x0000000e   Code   RO         1669    i.LOS_ListAdd       los_task.o
    0x08002528   0x0000000e   Code   RO         2119    i.LOS_ListAdd       los_mux.o
    0x08002536   0x0000000e   Code   RO         2194    i.LOS_ListAdd       los_queue.o
    0x08002544   0x0000000e   Code   RO         2327    i.LOS_ListAdd       los_sem.o
    0x08002552   0x00000014   Code   RO         1670    i.LOS_ListDelete    los_task.o
    0x08002566   0x00000010   Code   RO         1402    i.LOS_ListEmpty     los_priqueue.o
    0x08002576   0x00000010   Code   RO         1671    i.LOS_ListEmpty     los_task.o
    0x08002586   0x00000010   Code   RO         2195    i.LOS_ListEmpty     los_queue.o
    0x08002596   0x00000006   Code   RO         1672    i.LOS_ListInit      los_task.o
    0x0800259c   0x00000006   Code   RO         2121    i.LOS_ListInit      los_mux.o
    0x080025a2   0x00000006   Code   RO         2196    i.LOS_ListInit      los_queue.o
    0x080025a8   0x00000006   Code   RO         2329    i.LOS_ListInit      los_sem.o
    0x080025ae   0x00000010   Code   RO         1673    i.LOS_ListTailInsert  los_task.o
    0x080025be   0x0000002a   Code   RO         2484    i.LOS_MemAlloc      los_memory.o
    0x080025e8   0x00000014   Code   RO         2485    i.LOS_MemAllocAlign  los_memory.o
    0x080025fc   0x00000034   Code   RO         2487    i.LOS_MemFree       los_memory.o
    0x08002630   0x0000010c   Code   RO         2489    i.LOS_MemInit       los_memory.o
    0x0800273c   0x000000e0   Code   RO         2197    i.LOS_QueueCreate   los_queue.o
    0x0800281c   0x00000036   Code   RO         2201    i.LOS_QueueReadCopy  los_queue.o
    0x08002852   0x00000036   Code   RO         2203    i.LOS_QueueWriteCopy  los_queue.o
    0x08002888   0x00000040   Code   RO         2997    i.LOS_Schedule      los_hw.o
    0x080028c8   0x00000044   Code   RO         2912    i.LOS_Start         los_init.o
    0x0800290c   0x0000009c   Code   RO         1676    i.LOS_TaskCreate    los_task.o
    0x080029a8   0x00000180   Code   RO         1677    i.LOS_TaskCreateOnly  los_task.o
    0x08002b28   0x0000007c   Code   RO         1678    i.LOS_TaskDelay     los_task.o
    0x08002ba4   0x00000178   Code   RO         1679    i.LOS_TaskDelete    los_task.o
    0x08002d1c   0x00000094   Code   RO         1692    i.LOS_TaskYield     los_task.o
    0x08002db0   0x0000000c   Code   RO         1612    i.LOS_TickCountGet  los_sys.o
    0x08002dbc   0x000000bc   Code   RO          448    i.MX_GPIO_Init      gpio.o
    0x08002e78   0x00000068   Code   RO          599    i.MX_SPI2_Init      spi.o
    0x08002ee0   0x00000054   Code   RO          480    i.MX_USART1_UART_Init  usart.o
    0x08002f34   0x0000018c   Code   RO         5353    i.RCCEx_PLLSAI1_Config  stm32l4xx_hal_rcc_ex.o
    0x080030c0   0x000000a0   Code   RO         5240    i.RCC_SetFlashLatencyFromMSIRange  stm32l4xx_hal_rcc.o
    0x08003160   0x0000001c   Code   RO          601    i.SPI2_WriteByte    spi.o
    0x0800317c   0x00000064   Code   RO         6505    i.SPI_EndRxTxTransaction  stm32l4xx_hal_spi.o
    0x080031e0   0x000000b0   Code   RO         6510    i.SPI_WaitFifoStateUntilTimeout  stm32l4xx_hal_spi.o
    0x08003290   0x000000a8   Code   RO         6511    i.SPI_WaitFlagStateUntilTimeout  stm32l4xx_hal_spi.o
    0x08003338   0x00000100   Code   RO          267    i.SystemClock_Config  sys_init.o
    0x08003438   0x00000054   Code   RO           12    i.SystemInit        system_stm32l4xx.o
    0x0800348c   0x0000028c   Code   RO          384    i.Test_Task         main.o
    0x08003718   0x000000f8   Code   RO         4110    i.UART_AdvFeatureConfig  stm32l4xx_hal_uart.o
    0x08003810   0x00000074   Code   RO         4111    i.UART_CheckIdleState  stm32l4xx_hal_uart.o
    0x08003884   0x0000040c   Code   RO         4127    i.UART_SetConfig    stm32l4xx_hal_uart.o
    0x08003c90   0x0000006c   Code   RO         4130    i.UART_WaitOnFlagUntilTimeout  stm32l4xx_hal_uart.o
    0x08003cfc   0x00000004   Code   RO          268    i._Error_Handler    sys_init.o
    0x08003d00   0x00000020   Code   RO         7742    i.__0printf         mc_w.l(printfa.o)
    0x08003d20   0x00000010   Code   RO         6232    i.__NVIC_GetPriorityGrouping  stm32l4xx_hal_cortex.o
    0x08003d30   0x00000028   Code   RO         6233    i.__NVIC_SetPriority  stm32l4xx_hal_cortex.o
    0x08003d58   0x0000000e   Code   RO         7814    i.__scatterload_copy  mc_w.l(handlers.o)
    0x08003d66   0x00000002   Code   RO         7815    i.__scatterload_null  mc_w.l(handlers.o)
    0x08003d68   0x0000000e   Code   RO         7816    i.__scatterload_zeroinit  mc_w.l(handlers.o)
    0x08003d76   0x00000002   PAD
    0x08003d78   0x00000164   Code   RO         7749    i._fp_digits        mc_w.l(printfa.o)
    0x08003edc   0x000006dc   Code   RO         7750    i._printf_core      mc_w.l(printfa.o)
    0x080045b8   0x00000024   Code   RO         7751    i._printf_post_padding  mc_w.l(printfa.o)
    0x080045dc   0x0000002e   Code   RO         7752    i._printf_pre_padding  mc_w.l(printfa.o)
    0x0800460a   0x00000002   Code   RO          651    i.atiny_task_entry  user_task.o
    0x0800460c   0x00000048   Code   RO          652    i.creat_agenttiny_task  user_task.o
    0x08004654   0x00000014   Code   RO          653    i.create_work_tasks  user_task.o
    0x08004668   0x00000012   Code   RO          221    i.delay10ms         dwt.o
    0x0800467a   0x00000002   PAD
    0x0800467c   0x0000005c   Code   RO          222    i.delayus           dwt.o
    0x080046d8   0x0000002c   Code   RO          223    i.dwt_delay_init    dwt.o
    0x08004704   0x0000001c   Code   RO          483    i.fputc             usart.o
    0x08004720   0x00000048   Code   RO          385    i.main              main.o
    0x08004768   0x00000024   Code   RO         2410    i.osAlarmHeapInfo   los_heap.o
    0x0800478c   0x00000024   Code   RO         2647    i.osAtomicBitsetClearBit  los_slab.o
    0x080047b0   0x00000050   Code   RO         2649    i.osAtomicBitsetFindClearAndSet  los_slab.o
    0x08004800   0x0000002a   Code   RO         2650    i.osAtomicBitsetGetBit  los_slab.o
    0x0800482a   0x00000006   Code   RO         2767    i.osAtomicBitsetGetNumBits  los_slab.o
    0x08004830   0x0000002e   Code   RO         2652    i.osAtomicBitsetInit  los_slab.o
    0x0800485e   0x00000002   PAD
    0x08004860   0x00000168   Code   RO         2411    i.osHeapAlloc       los_heap.o
    0x080049c8   0x0000005a   Code   RO         2412    i.osHeapAllocAlign  los_heap.o
    0x08004a22   0x00000002   PAD
    0x08004a24   0x00000140   Code   RO         2413    i.osHeapFree        los_heap.o
    0x08004b64   0x00000044   Code   RO         2416    i.osHeapInit        los_heap.o
    0x08004ba8   0x0000001a   Code   RO         2417    i.osHeapPrvGetNext  los_heap.o
    0x08004bc2   0x00000002   PAD
    0x08004bc4   0x00000064   Code   RO         2418    i.osHeapStatisticsGet  los_heap.o
    0x08004c28   0x0000003c   Code   RO         3093    i.osHwiDefaultHandler  los_hwi.o
    0x08004c64   0x0000004c   Code   RO         3094    i.osHwiInit         los_hwi.o
    0x08004cb0   0x00000004   Code   RO         1696    i.osIdleTask        los_task.o
    0x08004cb4   0x0000004c   Code   RO         1697    i.osIdleTaskCreate  los_task.o
    0x08004d00   0x00000008   Code   RO         3095    i.osIntNumGet       los_hwi.o
    0x08004d08   0x00000050   Code   RO         3096    i.osInterrupt       los_hwi.o
    0x08004d58   0x00000020   Code   RO         2493    i.osMemSystemInit   los_memory.o
    0x08004d78   0x00000064   Code   RO         2126    i.osMuxInit         los_mux.o
    0x08004ddc   0x0000004c   Code   RO         1403    i.osPriqueueDequeue  los_priqueue.o
    0x08004e28   0x00000048   Code   RO         1404    i.osPriqueueEnqueue  los_priqueue.o
    0x08004e70   0x00000048   Code   RO         1405    i.osPriqueueInit    los_priqueue.o
    0x08004eb8   0x00000028   Code   RO         1406    i.osPriqueueSize    los_priqueue.o
    0x08004ee0   0x00000028   Code   RO         1407    i.osPriqueueTop     los_priqueue.o
    0x08004f08   0x0000010c   Code   RO         2206    i.osQueueBufferOperate  los_queue.o
    0x08005014   0x00000070   Code   RO         2207    i.osQueueInit       los_queue.o
    0x08005084   0x00000188   Code   RO         2210    i.osQueueOperate    los_queue.o
    0x0800520c   0x00000040   Code   RO         2211    i.osQueueReadParameterCheck  los_queue.o
    0x0800524c   0x00000040   Code   RO         2212    i.osQueueWriteParameterCheck  los_queue.o
    0x0800528c   0x0000000c   Code   RO         2914    i.osRegister        los_init.o
    0x08005298   0x00000008   Code   RO         2999    i.osSchedule        los_hw.o
    0x080052a0   0x00000060   Code   RO         2335    i.osSemInit         los_sem.o
    0x08005300   0x0000001e   Code   RO         2653    i.osSlabAllocatorAlloc  los_slab.o
    0x0800531e   0x00000048   Code   RO         2657    i.osSlabAllocatorFree  los_slab.o
    0x08005366   0x0000005c   Code   RO         2664    i.osSlabAllocatorNew  los_slab.o
    0x080053c2   0x00000012   Code   RO         2781    i.osSlabBlockHeadFill  los_slabmem.o
    0x080053d4   0x00000008   Code   RO         2494    i.osSlabCtrlHdrGet  los_memory.o
    0x080053dc   0x000000a0   Code   RO         2783    i.osSlabMemAlloc    los_slabmem.o
    0x0800547c   0x00000074   Code   RO         2786    i.osSlabMemFree     los_slabmem.o
    0x080054f0   0x0000006c   Code   RO         2787    i.osSlabMemInit     los_slabmem.o
    0x0800555c   0x000000a0   Code   RO         1490    i.osSwTmrInit       los_swtmr.o
    0x080055fc   0x00000208   Code   RO         1491    i.osSwTmrStart      los_swtmr.o
    0x08005804   0x00000044   Code   RO         1492    i.osSwTmrTask       los_swtmr.o
    0x08005848   0x00000044   Code   RO         1493    i.osSwTmrTaskCreate  los_swtmr.o
    0x0800588c   0x00000080   Code   RO         1494    i.osSwTmrTimeoutHandle  los_swtmr.o
    0x0800590c   0x00000030   Code   RO         1496    i.osSwtmrDelete     los_swtmr.o
    0x0800593c   0x00000024   Code   RO         1497    i.osSwtmrScan       los_swtmr.o
    0x08005960   0x000000c0   Code   RO         1698    i.osTaskAdd2TimerList  los_task.o
    0x08005a20   0x00000030   Code   RO         1699    i.osTaskEntry       los_task.o
    0x08005a50   0x00000006   Code   RO         3000    i.osTaskExit        los_hw.o
    0x08005a56   0x00000002   PAD
    0x08005a58   0x00000128   Code   RO         1700    i.osTaskInit        los_task.o
    0x08005b80   0x00000030   Code   RO         1701    i.osTaskMonInit     los_task.o
    0x08005bb0   0x000000dc   Code   RO         1703    i.osTaskScan        los_task.o
    0x08005c8c   0x00000184   Code   RO         1704    i.osTaskSwitchCheck  los_task.o
    0x08005e10   0x0000004c   Code   RO         1705    i.osTaskWait        los_task.o
    0x08005e5c   0x00000046   Code   RO         1706    i.osTaskWake        los_task.o
    0x08005ea2   0x00000002   PAD
    0x08005ea4   0x00000028   Code   RO         1963    i.osTickHandler     los_tick.o
    0x08005ecc   0x000000d0   Code   RO         3048    i.osTickStart       los_hw_tick.o
    0x08005f9c   0x00000048   Code   RO         1707    i.osTimerListDelete  los_task.o
    0x08005fe4   0x0000004c   Code   RO         2007    i.osTimesliceCheck  los_timeslice.o
    0x08006030   0x00000010   Code   RO         2008    i.osTimesliceInit   los_timeslice.o
    0x08006040   0x00000090   Code   RO         3001    i.osTskStackInit    los_hw.o
    0x080060d0   0x00000048   Data   RO           13    .constdata          system_stm32l4xx.o
    0x08006118   0x00000014   Data   RO         3098    .constdata          los_hwi.o
    0x0800612c   0x00004bb4   Data   RO         7068    .constdata          lcd.o
    0x0800ace0   0x00000030   Data   RO         7812    Region$$Table       anon$$obj.o


    Execution Region VECTOR (Base: 0x20000000, Size: 0x00000400, Max: 0x00000400, ABSOLUTE, COMPRESSED[0x00000018])

    Base Addr    Size         Type   Attr      Idx    E Section Name        Object

    0x20000000   0x00000400   Data   RW         3100    .data.vector        los_hwi.o


    Execution Region RW_IRAM1 (Base: 0x20000400, Size: 0x00001148, Max: 0x0000f800, ABSOLUTE)

    Base Addr    Size         Type   Attr      Idx    E Section Name        Object

    0x20000400   0x00000004   Data   RW           14    .data               system_stm32l4xx.o
    0x20000404   0x00000004   Data   RW          224    .data               dwt.o
    0x20000408   0x00000008   Data   RW          386    .data               main.o
    0x20000410   0x00000004   Data   RW          654    .data               user_task.o
    0x20000414   0x00000008   Data   RW         1409    .data               los_priqueue.o
    0x2000041c   0x0000001c   Data   RW         1501    .data               los_swtmr.o
    0x20000438   0x00000048   Data   RW         1710    .data               los_task.o
    0x20000480   0x0000001c   Data   RW         1964    .data               los_tick.o
    0x2000049c   0x00000008   Data   RW         2009    .data               los_timeslice.o
    0x200004a4   0x0000000c   Data   RW         2127    .data               los_mux.o
    0x200004b0   0x0000000c   Data   RW         2213    .data               los_queue.o
    0x200004bc   0x0000000c   Data   RW         2336    .data               los_sem.o
    0x200004c8   0x00000010   Data   RW         2419    .data               los_heap.o
    0x200004d8   0x00000004   Data   RW         2495    .data               los_memory.o
    0x200004dc   0x00000004   Data   RW         2915    .data               los_init.o
    0x200004e0   0x00000004   Data   RW         3099    .data               los_hwi.o
    0x200004e4   0x00000004   Data   RW         7069    .data               lcd.o
    0x200004e8   0x00000004   Data   RW         7792    .data               mc_w.l(stdout.o)
    0x200004ec   0x000001e0   Zero   RW          484    .bss                usart.o
    0x200006cc   0x00000064   Zero   RW          602    .bss                spi.o
    0x20000730   0x00000040   Zero   RW         1500    .bss                los_swtmr.o
    0x20000770   0x00000156   Zero   RW         1708    .bss                los_task.o
    0x200008c6   0x00000002   PAD
    0x200008c8   0x00000400   Zero   RW         3097    .bss                los_hwi.o
    0x20000cc8   0x00000480   Zero   RW         7067    .bss                lcd.o
    0x20001148   0x00000400   Zero   RW            2    LOS_HEAP            los_startup_keil.o


    Execution Region ARM_LIB_STACKHEAP (Base: 0x2000fc00, Size: 0x00000400, Max: 0x00000400, ABSOLUTE)

    Base Addr    Size         Type   Attr      Idx    E Section Name        Object

    0x2000fc00   0x00000400   Zero   RW            1    ARM_LIB_STACKHEAP.bss  anon$$obj.o


==============================================================================

Image component sizes


      Code (inc. data)   RO Data    RW Data    ZI Data      Debug   Object Name

         0          0          0          0          0       3236   cmsis_liteos.o
       154         28          0          4          0       2271   dwt.o
       188         18          0          0          0       1183   gpio.o
      1532         68      19380          4       1152       8759   lcd.o
       236         24          0          0          0        464   los_dispatch_keil.o
      1000        114          0         16          0       7650   los_heap.o
       222         18          0          0          0       3070   los_hw.o
       208         46          0          0          0      30657   los_hw_tick.o
       224         58         20       1028       1024      39851   los_hwi.o
       364        140          0          4          0       2648   los_init.o
       422         72          0          4          0       5054   los_memory.o
        28          0          0          0          0        676   los_misc.o
       120         18          0         12          0       3460   los_mux.o
       316         38          0          8          0      14238   los_priqueue.o
      1268        100          0         12          0      12340   los_queue.o
       116         16          0         12          0       3544   los_sem.o
       404          0          0          0          0       7110   los_slab.o
       402          0          0          0          0       4267   los_slabmem.o
        44         22          0          0       1024        320   los_startup_keil.o
      1028         90          0         28         64       7734   los_swtmr.o
        12          6          0          0          0        579   los_sys.o
      2750        374          0         72        342      27476   los_task.o
        40          6          0         28          0       1124   los_tick.o
        92         16          0          8          0       1481   los_timeslice.o
       862        418          0          8          0      12606   main.o
       252         48          0          0        100       2498   spi.o
        64          4          0          0          0       1864   stm32l4xx_hal.o
       304         22          0          0          0      34371   stm32l4xx_hal_cortex.o
       470         28          0          0          0       2544   stm32l4xx_hal_gpio.o
        20          6          0          0          0        607   stm32l4xx_hal_pwr.o
       156         18          0          0          0       1470   stm32l4xx_hal_pwr_ex.o
      2556         96          0          0          0       7428   stm32l4xx_hal_rcc.o
      1300         26          0          0          0       3008   stm32l4xx_hal_rcc_ex.o
      1076          0          0          0          0       5350   stm32l4xx_hal_spi.o
      1828         36          0          0          0       6273   stm32l4xx_hal_uart.o
       268         28          0          0          0       8316   sys_init.o
        84         16         72          4          0     658233   system_stm32l4xx.o
       480         56          0          0        480       2797   usart.o
        94         24          0          4          0       2126   user_task.o

    ----------------------------------------------------------------------
     21002       2098      19520       1256       5212     938683   Object Totals
         0          0         48          0       1024          0   (incl. Generated)
        18          0          0          0          2          0   (incl. Padding)

    ----------------------------------------------------------------------

      Code (inc. data)   RO Data    RW Data    ZI Data      Debug   Library Member Name

        86          0          0          0          0          0   __dczerorl2.o
         0          0          0          0          0          0   entry.o
         0          0          0          0          0          0   entry10a.o
         0          0          0          0          0          0   entry11a.o
         8          4          0          0          0          0   entry3.o
         4          0          0          0          0          0   entry5.o
         0          0          0          0          0          0   entry7b.o
         0          0          0          0          0          0   entry8b.o
         8          4          0          0          0          0   entry9a.o
        30          0          0          0          0          0   handlers.o
        36          8          0          0          0         68   init.o
         0          0          0          0          0          0   iusefp.o
        30          0          0          0          0         68   llshl.o
        36          0          0          0          0         68   llsshr.o
        32          0          0          0          0         68   llushr.o
        36          0          0          0          0         68   memcpya.o
        36          0          0          0          0        108   memseta.o
      2226         90          0          0          0        444   printfa.o
         0          0          0          4          0          0   stdout.o
        44          0          0          0          0         80   uidiv.o
        98          0          0          0          0         92   uldiv.o
        48          0          0          0          0         68   cdrcmple.o
       334          0          0          0          0        148   dadd.o
       222          0          0          0          0        100   ddiv.o
       186          0          0          0          0        176   depilogue.o
        48          0          0          0          0         68   dfixul.o
       228          0          0          0          0         96   dmul.o

    ----------------------------------------------------------------------
      3782        106          0          4          0       1720   Library Totals
         6          0          0          0          0          0   (incl. Padding)

    ----------------------------------------------------------------------

      Code (inc. data)   RO Data    RW Data    ZI Data      Debug   Library Name

      2710        106          0          4          0       1064   mc_w.l
      1066          0          0          0          0        656   mf_w.l

    ----------------------------------------------------------------------
      3782        106          0          4          0       1720   Library Totals

    ----------------------------------------------------------------------

==============================================================================


      Code (inc. data)   RO Data    RW Data    ZI Data      Debug   

     24784       2204      19520       1260       5212     924503   Grand Totals
     24784       2204      19520        260       5212     924503   ELF Image Totals (compressed)
     24784       2204      19520        260          0          0   ROM Totals

==============================================================================

    Total RO  Size (Code + RO Data)                44304 (  43.27kB)
    Total RW  Size (RW Data + ZI Data)              6472 (   6.32kB)
    Total ROM Size (Code + RO Data + RW Data)      44564 (  43.52kB)

==============================================================================

