<html>
<body>
<pre>
<h1>礦ision Build Log</h1>
<h2>Tool Versions:</h2>
IDE-Version: μVision V5.14.0.0
Copyright (C) 2015 ARM Ltd and ARM Germany GmbH. All rights reserved.
License Information: 7 Windows, HP Inc., LIC=03C6R-KBYJ2-EVM1R-K80QX-29WME-EBGH5
 
Tool Versions:
Toolchain:       MDK-ARM Standard  Version: 5.14.0.0
Toolchain Path:  C:\Keil_v5\ARM\ARMCC\Bin
C Compiler:      Armcc.exe V5.05 update 1 (build 106)
Assembler:       Armasm.exe V5.05 update 1 (build 106)
Linker/Locator:  ArmLink.exe V5.05 update 1 (build 106)
Library Manager: ArmAr.exe V5.05 update 1 (build 106)
Hex Converter:   FromElf.exe V5.05 update 1 (build 106)
CPU DLL:         SARMCM3.DLL V5.14.0.0
Dialog DLL:      DCM.DLL V1.13.1.0
Target DLL:      STLink\ST-LINKIII-KEIL_SWO.dll V2.0.14.0_KEIL
Dialog DLL:      TCM.DLL V1.14.4.0
 
<h2>Project:</h2>
C:\Users\seven\Desktop\嵌入式作业2.0\小熊派之事件标记组\LiteOS\targets\STM32L431_BearPi\MDK-ARM\STM32L431RxTx.uvprojx
Project File Date:  07/08/2021

<h2>Output:</h2>
Build target 'BearPi'
assembling los_startup_keil.s...
compiling system_stm32l4xx.c...
compiling dwt.c...
compiling sys_init.c...
compiling main.c...
compiling gpio.c...
compiling usart.c...
compiling i2c.c...
compiling spi.c...
compiling user_task.c...
compiling flash_adaptor.c...
compiling ota_port.c...
compiling stm32l4xx_it.c...
compiling tim.c...
compiling cmsis_liteos.c...
compiling los_priqueue.c...
compiling los_swtmr.c...
compiling los_sys.c...
compiling los_task.c...
compiling los_tick.c...
compiling los_timeslice.c...
compiling los_event.c...
compiling los_mux.c...
compiling los_queue.c...
compiling los_sem.c...
compiling los_heap.c...
compiling los_memory.c...
compiling los_membox.c...
compiling los_memcheck.c...
compiling los_slab.c...
compiling los_slabmem.c...
compiling los_misc.c...
compiling los_err.c...
compiling los_init.c...
compiling los_tickless.c...
assembling los_dispatch_keil.S...
compiling los_hw.c...
compiling los_hw_tick.c...
compiling los_hwi.c...
compiling stm32l4xx_hal_tim.c...
compiling stm32l4xx_hal_tim_ex.c...
compiling stm32l4xx_hal_uart.c...
compiling stm32l4xx_hal_uart_ex.c...
compiling stm32l4xx_hal.c...
compiling stm32l4xx_hal_i2c.c...
compiling stm32l4xx_hal_i2c_ex.c...
compiling stm32l4xx_hal_rcc.c...
compiling stm32l4xx_hal_rcc_ex.c...
compiling stm32l4xx_hal_flash.c...
compiling stm32l4xx_hal_flash_ex.c...
compiling stm32l4xx_hal_flash_ramfunc.c...
compiling stm32l4xx_hal_gpio.c...
compiling stm32l4xx_hal_dma.c...
compiling stm32l4xx_hal_dma_ex.c...
compiling stm32l4xx_hal_pwr.c...
compiling stm32l4xx_hal_pwr_ex.c...
compiling stm32l4xx_hal_cortex.c...
compiling stm32l4xx_hal_rng.c...
compiling stm32l4xx_hal_spi.c...
compiling stm32l4xx_hal_qspi.c...
compiling lcd.c...
compiling hal_iwdg.c...
compiling hal_rng.c...
compiling hal_qspi_flash.c...
compiling atiny_osdep.c...
linking...
.\STM32L431RxTx\STM32L431RxTx.axf: Warning: L6988W: Ignoring unknown patch sdcomp-29491-629360.
Program Size: Code=25248 RO-data=19520 RW-data=1268 ZI-data=5228  
Finished: 0 information, 1 warning and 0 error messages.
FromELF: creating hex file...
".\STM32L431RxTx\STM32L431RxTx.axf" - 0 Error(s), 1 Warning(s).

<h2>Collection of Component include folders:</h2>
  C:\Users\seven\Desktop\嵌入式作业2.0\小熊派之事件标记组\LiteOS\targets\STM32L431_BearPi\MDK-ARM\RTE
  C:\Keil_v5\ARM\PACK\Keil\STM32L4xx_DFP\2.5.0

<h2>Collection of Component Files used:</h2>
</pre>
</body>
</html>
