<html>
<body>
<pre>
<h1>礦ision Build Log</h1>
<h2>Tool Versions:</h2>
IDE-Version: μVision V5.14.0.0
Copyright (C) 2015 ARM Ltd and ARM Germany GmbH. All rights reserved.
License Information: 7 Windows, HP Inc., LIC=03C6R-KBYJ2-EVM1R-K80QX-29WME-EBGH5
 
Tool Versions:
Toolchain:       MDK-ARM Standard  Version: 5.14.0.0
Toolchain Path:  C:\Keil_v5\ARM\ARMCC\Bin
C Compiler:      Armcc.exe V5.05 update 1 (build 106)
Assembler:       Armasm.exe V5.05 update 1 (build 106)
Linker/Locator:  ArmLink.exe V5.05 update 1 (build 106)
Library Manager: ArmAr.exe V5.05 update 1 (build 106)
Hex Converter:   FromElf.exe V5.05 update 1 (build 106)
CPU DLL:         SARMCM3.DLL V5.14.0.0
Dialog DLL:      DCM.DLL V1.13.1.0
Target DLL:      STLink\ST-LINKIII-KEIL_SWO.dll V2.0.14.0_KEIL
Dialog DLL:      TCM.DLL V1.14.4.0
 
<h2>Project:</h2>
C:\Users\seven\Desktop\小熊派之计数信号量\LiteOS\targets\STM32L431_BearPi\MDK-ARM\STM32L431RxTx.uvprojx
Project File Date:  07/08/2021

<h2>Output:</h2>
Build target 'BearPi'
compiling main.c...
linking...
.\STM32L431RxTx\STM32L431RxTx.axf: Warning: L6988W: Ignoring unknown patch sdcomp-29491-629360.
Program Size: Code=24944 RO-data=19520 RW-data=1268 ZI-data=5212  
Finished: 0 information, 1 warning and 0 error messages.
FromELF: creating hex file...
".\STM32L431RxTx\STM32L431RxTx.axf" - 0 Error(s), 1 Warning(s).

<h2>Collection of Component include folders:</h2>
  C:\Users\seven\Desktop\小熊派之计数信号量\LiteOS\targets\STM32L431_BearPi\MDK-ARM\RTE
  C:\Keil_v5\ARM\PACK\Keil\STM32L4xx_DFP\2.5.0

<h2>Collection of Component Files used:</h2>
</pre>
</body>
</html>
