Component: ARM Compiler 5.05 update 1 (build 106) Tool: armlink [4d0efa]

==============================================================================

Section Cross References

    los_startup_keil.o(RESET) refers to system_stm32l4xx.o(i.SystemInit) for SystemInit
    los_startup_keil.o(RESET) refers to entry.o(.ARM.Collect$$$$00000000) for __main
    system_stm32l4xx.o(i.SystemCoreClockUpdate) refers to system_stm32l4xx.o(.constdata) for MSIRangeTable
    system_stm32l4xx.o(i.SystemCoreClockUpdate) refers to system_stm32l4xx.o(.data) for SystemCoreClock
    dwt.o(i.delay10ms) refers to dwt.o(i.delayus) for delayus
    dwt.o(i.delayus) refers to los_dispatch_keil.o(.text) for LOS_IntLock
    dwt.o(i.delayus) refers to dwt.o(.data) for cpuclkfeq
    dwt.o(i.dwt_delay_init) refers to dwt.o(.data) for cpuclkfeq
    sys_init.o(i.HAL_GetTick) refers to los_sys.o(i.LOS_TickCountGet) for LOS_TickCountGet
    sys_init.o(i.SystemClock_Config) refers to stm32l4xx_hal_pwr.o(i.HAL_PWR_EnableBkUpAccess) for HAL_PWR_EnableBkUpAccess
    sys_init.o(i.SystemClock_Config) refers to stm32l4xx_hal_rcc.o(i.HAL_RCC_OscConfig) for HAL_RCC_OscConfig
    sys_init.o(i.SystemClock_Config) refers to sys_init.o(i._Error_Handler) for _Error_Handler
    sys_init.o(i.SystemClock_Config) refers to stm32l4xx_hal_rcc.o(i.HAL_RCC_ClockConfig) for HAL_RCC_ClockConfig
    sys_init.o(i.SystemClock_Config) refers to stm32l4xx_hal_rcc_ex.o(i.HAL_RCCEx_PeriphCLKConfig) for HAL_RCCEx_PeriphCLKConfig
    sys_init.o(i.SystemClock_Config) refers to stm32l4xx_hal_pwr_ex.o(i.HAL_PWREx_ControlVoltageScaling) for HAL_PWREx_ControlVoltageScaling
    sys_init.o(i.atiny_random) refers to hal_rng.o(i.hal_rng_generate_buffer) for hal_rng_generate_buffer
    sys_init.o(i.atiny_reboot) refers to stm32l4xx_hal_cortex.o(i.HAL_NVIC_SystemReset) for HAL_NVIC_SystemReset
    sys_init.o(i.atiny_usleep) refers to dwt.o(i.delayus) for delayus
    main.o(i.HardWare_Init) refers to stm32l4xx_hal.o(i.HAL_Init) for HAL_Init
    main.o(i.HardWare_Init) refers to sys_init.o(i.SystemClock_Config) for SystemClock_Config
    main.o(i.HardWare_Init) refers to gpio.o(i.MX_GPIO_Init) for MX_GPIO_Init
    main.o(i.HardWare_Init) refers to usart.o(i.MX_USART1_UART_Init) for MX_USART1_UART_Init
    main.o(i.HardWare_Init) refers to spi.o(i.MX_SPI2_Init) for MX_SPI2_Init
    main.o(i.HardWare_Init) refers to dwt.o(i.dwt_delay_init) for dwt_delay_init
    main.o(i.HardWare_Init) refers to lcd.o(i.LCD_Init) for LCD_Init
    main.o(i.HardWare_Init) refers to lcd.o(i.LCD_Clear) for LCD_Clear
    main.o(i.HardWare_Init) refers to system_stm32l4xx.o(.data) for SystemCoreClock
    main.o(i.HardWare_Init) refers to lcd.o(.data) for POINT_COLOR
    main.o(i.creat_task1) refers to los_task.o(i.LOS_TaskCreate) for LOS_TaskCreate
    main.o(i.creat_task1) refers to main.o(i.task1) for task1
    main.o(i.creat_task1) refers to main.o(.data) for g_TskHandle
    main.o(i.main) refers to main.o(i.HardWare_Init) for HardWare_Init
    main.o(i.main) refers to los_init.o(i.LOS_KernelInit) for LOS_KernelInit
    main.o(i.main) refers to user_task.o(i.create_work_tasks) for create_work_tasks
    main.o(i.main) refers to main.o(i.creat_task1) for creat_task1
    main.o(i.main) refers to los_init.o(i.LOS_Start) for LOS_Start
    main.o(i.task1) refers to stm32l4xx_hal_gpio.o(i.HAL_GPIO_WritePin) for HAL_GPIO_WritePin
    main.o(i.task1) refers to los_task.o(i.LOS_TaskDelay) for LOS_TaskDelay
    main.o(i.task1) refers to lcd.o(i.LCD_ShowString) for LCD_ShowString
    main.o(i.task1) refers to printfa.o(i.__0printf) for __2printf
    gpio.o(i.MX_GPIO_Init) refers to stm32l4xx_hal_gpio.o(i.HAL_GPIO_WritePin) for HAL_GPIO_WritePin
    gpio.o(i.MX_GPIO_Init) refers to stm32l4xx_hal_gpio.o(i.HAL_GPIO_Init) for HAL_GPIO_Init
    usart.o(i.HAL_UART_MspDeInit) refers to stm32l4xx_hal_gpio.o(i.HAL_GPIO_DeInit) for HAL_GPIO_DeInit
    usart.o(i.HAL_UART_MspDeInit) refers to stm32l4xx_hal_cortex.o(i.HAL_NVIC_DisableIRQ) for HAL_NVIC_DisableIRQ
    usart.o(i.HAL_UART_MspInit) refers to stm32l4xx_hal_gpio.o(i.HAL_GPIO_Init) for HAL_GPIO_Init
    usart.o(i.HAL_UART_MspInit) refers to stm32l4xx_hal_cortex.o(i.HAL_NVIC_SetPriority) for HAL_NVIC_SetPriority
    usart.o(i.HAL_UART_MspInit) refers to stm32l4xx_hal_cortex.o(i.HAL_NVIC_EnableIRQ) for HAL_NVIC_EnableIRQ
    usart.o(i.MX_LPUART1_UART_Init) refers to stm32l4xx_hal_uart.o(i.HAL_UART_Init) for HAL_UART_Init
    usart.o(i.MX_LPUART1_UART_Init) refers to sys_init.o(i._Error_Handler) for _Error_Handler
    usart.o(i.MX_LPUART1_UART_Init) refers to usart.o(.bss) for hlpuart1
    usart.o(i.MX_USART1_UART_Init) refers to stm32l4xx_hal_uart.o(i.HAL_UART_Init) for HAL_UART_Init
    usart.o(i.MX_USART1_UART_Init) refers to sys_init.o(i._Error_Handler) for _Error_Handler
    usart.o(i.MX_USART1_UART_Init) refers to usart.o(.bss) for huart1
    usart.o(i.MX_USART2_UART_Init) refers to stm32l4xx_hal_uart.o(i.HAL_UART_Init) for HAL_UART_Init
[...]
    ..\Drivers\STM32L4xx_HAL_Driver\Src\stm32l4xx_hal_rcc_ex.c 0x00000000   Number         0  stm32l4xx_hal_rcc_ex.o ABSOLUTE
    ..\Drivers\STM32L4xx_HAL_Driver\Src\stm32l4xx_hal_rng.c 0x00000000   Number         0  stm32l4xx_hal_rng.o ABSOLUTE
    ..\Drivers\STM32L4xx_HAL_Driver\Src\stm32l4xx_hal_spi.c 0x00000000   Number         0  stm32l4xx_hal_spi.o ABSOLUTE
    ..\Drivers\STM32L4xx_HAL_Driver\Src\stm32l4xx_hal_tim.c 0x00000000   Number         0  stm32l4xx_hal_tim.o ABSOLUTE
    ..\Drivers\STM32L4xx_HAL_Driver\Src\stm32l4xx_hal_tim_ex.c 0x00000000   Number         0  stm32l4xx_hal_tim_ex.o ABSOLUTE
    ..\Drivers\STM32L4xx_HAL_Driver\Src\stm32l4xx_hal_uart.c 0x00000000   Number         0  stm32l4xx_hal_uart.o ABSOLUTE
    ..\Drivers\STM32L4xx_HAL_Driver\Src\stm32l4xx_hal_uart_ex.c 0x00000000   Number         0  stm32l4xx_hal_uart_ex.o ABSOLUTE
    ..\Hardware\LCD\lcd.c                    0x00000000   Number         0  lcd.o ABSOLUTE
    ..\Hardware\Src\hal_iwdg.c               0x00000000   Number         0  hal_iwdg.o ABSOLUTE
    ..\Hardware\Src\hal_qspi_flash.c         0x00000000   Number         0  hal_qspi_flash.o ABSOLUTE
    ..\Hardware\Src\hal_rng.c                0x00000000   Number         0  hal_rng.o ABSOLUTE
    ..\Src\dwt.c                             0x00000000   Number         0  dwt.o ABSOLUTE
    ..\Src\flash_adaptor.c                   0x00000000   Number         0  flash_adaptor.o ABSOLUTE
    ..\Src\gpio.c                            0x00000000   Number         0  gpio.o ABSOLUTE
    ..\Src\i2c.c                             0x00000000   Number         0  i2c.o ABSOLUTE
    ..\Src\main.c                            0x00000000   Number         0  main.o ABSOLUTE
    ..\Src\ota_port.c                        0x00000000   Number         0  ota_port.o ABSOLUTE
    ..\Src\spi.c                             0x00000000   Number         0  spi.o ABSOLUTE
    ..\Src\stm32l4xx_it.c                    0x00000000   Number         0  stm32l4xx_it.o ABSOLUTE
    ..\Src\sys_init.c                        0x00000000   Number         0  sys_init.o ABSOLUTE
    ..\Src\system_stm32l4xx.c                0x00000000   Number         0  system_stm32l4xx.o ABSOLUTE
    ..\Src\tim.c                             0x00000000   Number         0  tim.o ABSOLUTE
    ..\Src\usart.c                           0x00000000   Number         0  usart.o ABSOLUTE
    ..\Src\user_task.c                       0x00000000   Number         0  user_task.o ABSOLUTE
    ..\\..\\..\\arch\\arm\\arm-m\\src\\los_hw.c 0x00000000   Number         0  los_hw.o ABSOLUTE
    ..\\..\\..\\arch\\arm\\arm-m\\src\\los_hw_tick.c 0x00000000   Number         0  los_hw_tick.o ABSOLUTE
    ..\\..\\..\\arch\\arm\\arm-m\\src\\los_hwi.c 0x00000000   Number         0  los_hwi.o ABSOLUTE
    ..\\..\\..\\kernel\\base\\core\\los_priqueue.c 0x00000000   Number         0  los_priqueue.o ABSOLUTE
    ..\\..\\..\\kernel\\base\\core\\los_swtmr.c 0x00000000   Number         0  los_swtmr.o ABSOLUTE
    ..\\..\\..\\kernel\\base\\core\\los_sys.c 0x00000000   Number         0  los_sys.o ABSOLUTE
    ..\\..\\..\\kernel\\base\\core\\los_task.c 0x00000000   Number         0  los_task.o ABSOLUTE
    ..\\..\\..\\kernel\\base\\core\\los_tick.c 0x00000000   Number         0  los_tick.o ABSOLUTE
    ..\\..\\..\\kernel\\base\\core\\los_timeslice.c 0x00000000   Number         0  los_timeslice.o ABSOLUTE
    ..\\..\\..\\kernel\\base\\ipc\\los_event.c 0x00000000   Number         0  los_event.o ABSOLUTE
    ..\\..\\..\\kernel\\base\\ipc\\los_mux.c 0x00000000   Number         0  los_mux.o ABSOLUTE
    ..\\..\\..\\kernel\\base\\ipc\\los_queue.c 0x00000000   Number         0  los_queue.o ABSOLUTE
    ..\\..\\..\\kernel\\base\\ipc\\los_sem.c 0x00000000   Number         0  los_sem.o ABSOLUTE
    ..\\..\\..\\kernel\\base\\mem\\bestfit_little\\los_heap.c 0x00000000   Number         0  los_heap.o ABSOLUTE
    ..\\..\\..\\kernel\\base\\mem\\bestfit_little\\los_memory.c 0x00000000   Number         0  los_memory.o ABSOLUTE
    ..\\..\\..\\kernel\\base\\mem\\common\\los_memcheck.c 0x00000000   Number         0  los_memcheck.o ABSOLUTE
    ..\\..\\..\\kernel\\base\\mem\\common\\los_slab.c 0x00000000   Number         0  los_slab.o ABSOLUTE
    ..\\..\\..\\kernel\\base\\mem\\common\\los_slabmem.c 0x00000000   Number         0  los_slabmem.o ABSOLUTE
    ..\\..\\..\\kernel\\base\\mem\\membox\\los_membox.c 0x00000000   Number         0  los_membox.o ABSOLUTE
    ..\\..\\..\\kernel\\base\\misc\\los_misc.c 0x00000000   Number         0  los_misc.o ABSOLUTE
    ..\\..\\..\\kernel\\base\\om\\los_err.c  0x00000000   Number         0  los_err.o ABSOLUTE
    ..\\..\\..\\kernel\\extended\\tickless\\los_tickless.c 0x00000000   Number         0  los_tickless.o ABSOLUTE
    ..\\..\\..\\kernel\\los_init.c           0x00000000   Number         0  los_init.o ABSOLUTE
    ..\\..\\..\\osdepends\\liteos\\atiny_osdep.c 0x00000000   Number         0  atiny_osdep.o ABSOLUTE
    ..\\..\\..\\osdepends\\liteos\\cmsis\\cmsis_liteos.c 0x00000000   Number         0  cmsis_liteos.o ABSOLUTE
    ..\\Drivers\\STM32L4xx_HAL_Driver\\Src\\stm32l4xx_hal_qspi.c 0x00000000   Number         0  stm32l4xx_hal_qspi.o ABSOLUTE
    ..\\Drivers\\STM32L4xx_HAL_Driver\\Src\\stm32l4xx_hal_rng.c 0x00000000   Number         0  stm32l4xx_hal_rng.o ABSOLUTE
    ..\\Drivers\\STM32L4xx_HAL_Driver\\Src\\stm32l4xx_hal_spi.c 0x00000000   Number         0  stm32l4xx_hal_spi.o ABSOLUTE
    ..\\Hardware\\LCD\\lcd.c                 0x00000000   Number         0  lcd.o ABSOLUTE
    ..\\Hardware\\Src\\hal_iwdg.c            0x00000000   Number         0  hal_iwdg.o ABSOLUTE
    ..\\Hardware\\Src\\hal_qspi_flash.c      0x00000000   Number         0  hal_qspi_flash.o ABSOLUTE
    ..\\Hardware\\Src\\hal_rng.c             0x00000000   Number         0  hal_rng.o ABSOLUTE
    ..\\Src\\dwt.c                           0x00000000   Number         0  dwt.o ABSOLUTE
    ..\\Src\\flash_adaptor.c                 0x00000000   Number         0  flash_adaptor.o ABSOLUTE
    ..\\Src\\i2c.c                           0x00000000   Number         0  i2c.o ABSOLUTE
    ..\\Src\\ota_port.c                      0x00000000   Number         0  ota_port.o ABSOLUTE
    ..\\Src\\spi.c                           0x00000000   Number         0  spi.o ABSOLUTE
    ..\\Src\\stm32l4xx_it.c                  0x00000000   Number         0  stm32l4xx_it.o ABSOLUTE
    ..\\Src\\sys_init.c                      0x00000000   Number         0  sys_init.o ABSOLUTE
    ..\\Src\\system_stm32l4xx.c              0x00000000   Number         0  system_stm32l4xx.o ABSOLUTE
    ..\\Src\\tim.c                           0x00000000   Number         0  tim.o ABSOLUTE
    ..\\Src\\user_task.c                     0x00000000   Number         0  user_task.o ABSOLUTE
    cdrcmple.s                               0x00000000   Number         0  cdrcmple.o ABSOLUTE
    dc.s                                     0x00000000   Number         0  dc.o ABSOLUTE
    handlers.s                               0x00000000   Number         0  handlers.o ABSOLUTE
    init.s                                   0x00000000   Number         0  init.o ABSOLUTE
    los_startup_keil.s                       0x00000000   Number         0  los_startup_keil.o ABSOLUTE
    RESET                                    0x08000000   Section       44  los_startup_keil.o(RESET)
    $v0                                      0x08000008   Number         0  los_startup_keil.o(RESET)
    .ARM.Collect$$$$00000000                 0x0800002c   Section        0  entry.o(.ARM.Collect$$$$00000000)
    .ARM.Collect$$$$00000002                 0x0800002c   Section        4  entry3.o(.ARM.Collect$$$$00000002)
    .ARM.Collect$$$$00000004                 0x08000030   Section        4  entry5.o(.ARM.Collect$$$$00000004)
    .ARM.Collect$$$$00000008                 0x08000034   Section        0  entry7b.o(.ARM.Collect$$$$00000008)
    .ARM.Collect$$$$0000000A                 0x08000034   Section        0  entry8b.o(.ARM.Collect$$$$0000000A)
    .ARM.Collect$$$$0000000B                 0x08000034   Section        8  entry9a.o(.ARM.Collect$$$$0000000B)
    .ARM.Collect$$$$0000000D                 0x0800003c   Section        0  entry10a.o(.ARM.Collect$$$$0000000D)
    .ARM.Collect$$$$0000000F                 0x0800003c   Section        0  entry11a.o(.ARM.Collect$$$$0000000F)
    .ARM.Collect$$$$00002713                 0x0800003c   Section        4  entry3.o(.ARM.Collect$$$$00002713)
    __lit__00000000                          0x0800003c   Data           4  entry3.o(.ARM.Collect$$$$00002713)
    .text                                    0x08000040   Section      236  los_dispatch_keil.o(.text)
    $v0                                      0x08000040   Number         0  los_dispatch_keil.o(.text)
    .text                                    0x0800012c   Section        0  uldiv.o(.text)
    .text                                    0x0800018e   Section        0  memcpya.o(.text)
    .text                                    0x080001b2   Section        0  memseta.o(.text)
    .text                                    0x080001d6   Section        0  ddiv.o(.text)
    .text                                    0x080002b4   Section        0  dfixul.o(.text)
    .text                                    0x080002e4   Section        0  uidiv.o(.text)
    .text                                    0x08000310   Section        0  llshl.o(.text)
    .text                                    0x0800032e   Section        0  llushr.o(.text)
    .text                                    0x0800034e   Section        0  iusefp.o(.text)
    .text                                    0x0800034e   Section        0  depilogue.o(.text)
    .text                                    0x08000408   Section        0  dadd.o(.text)
    .text                                    0x08000556   Section        0  dmul.o(.text)
    .text                                    0x0800063c   Section       48  cdrcmple.o(.text)
    .text                                    0x0800066c   Section       36  init.o(.text)
    .text                                    0x08000690   Section        0  llsshr.o(.text)
    .text                                    0x080006b4   Section        0  __dczerorl2.o(.text)
    i.HAL_GPIO_Init                          0x0800070c   Section        0  stm32l4xx_hal_gpio.o(i.HAL_GPIO_Init)
    i.HAL_GPIO_WritePin                      0x080008d8   Section        0  stm32l4xx_hal_gpio.o(i.HAL_GPIO_WritePin)
    i.HAL_GetTick                            0x080008e2   Section        0  sys_init.o(i.HAL_GetTick)
    i.HAL_Init                               0x080008ea   Section        0  stm32l4xx_hal.o(i.HAL_Init)
    i.HAL_InitTick                           0x08000900   Section        0  stm32l4xx_hal.o(i.HAL_InitTick)
    i.HAL_MspInit                            0x08000928   Section        0  stm32l4xx_hal.o(i.HAL_MspInit)
    i.HAL_NVIC_EnableIRQ                     0x0800092a   Section        0  stm32l4xx_hal_cortex.o(i.HAL_NVIC_EnableIRQ)
    i.HAL_NVIC_SetPriority                   0x0800094a   Section        0  stm32l4xx_hal_cortex.o(i.HAL_NVIC_SetPriority)
    i.HAL_NVIC_SetPriorityGrouping           0x080009c8   Section        0  stm32l4xx_hal_cortex.o(i.HAL_NVIC_SetPriorityGrouping)
    i.HAL_PWREx_ControlVoltageScaling        0x080009f0   Section        0  stm32l4xx_hal_pwr_ex.o(i.HAL_PWREx_ControlVoltageScaling)
    i.HAL_PWREx_GetVoltageRange              0x08000a7c   Section        0  stm32l4xx_hal_pwr_ex.o(i.HAL_PWREx_GetVoltageRange)
    i.HAL_PWR_EnableBkUpAccess               0x08000a8c   Section        0  stm32l4xx_hal_pwr.o(i.HAL_PWR_EnableBkUpAccess)
    i.HAL_RCCEx_PeriphCLKConfig              0x08000aa0   Section        0  stm32l4xx_hal_rcc_ex.o(i.HAL_RCCEx_PeriphCLKConfig)
    i.HAL_RCC_ClockConfig                    0x08000e28   Section        0  stm32l4xx_hal_rcc.o(i.HAL_RCC_ClockConfig)
    i.HAL_RCC_GetHCLKFreq                    0x08000f94   Section        0  stm32l4xx_hal_rcc.o(i.HAL_RCC_GetHCLKFreq)
    i.HAL_RCC_GetPCLK1Freq                   0x08000fa0   Section        0  stm32l4xx_hal_rcc.o(i.HAL_RCC_GetPCLK1Freq)
    i.HAL_RCC_GetPCLK2Freq                   0x08000fc0   Section        0  stm32l4xx_hal_rcc.o(i.HAL_RCC_GetPCLK2Freq)
    i.HAL_RCC_GetSysClockFreq                0x08000fe0   Section        0  stm32l4xx_hal_rcc.o(i.HAL_RCC_GetSysClockFreq)
    i.HAL_RCC_OscConfig                      0x080010ec   Section        0  stm32l4xx_hal_rcc.o(i.HAL_RCC_OscConfig)
    i.HAL_SPI_Init                           0x08001784   Section        0  stm32l4xx_hal_spi.o(i.HAL_SPI_Init)
    i.HAL_SPI_MspInit                        0x08001844   Section        0  spi.o(i.HAL_SPI_MspInit)
    i.HAL_SPI_Transmit                       0x080018bc   Section        0  stm32l4xx_hal_spi.o(i.HAL_SPI_Transmit)
    i.HAL_SYSTICK_Config                     0x08001a74   Section        0  stm32l4xx_hal_cortex.o(i.HAL_SYSTICK_Config)
    i.HAL_UART_Init                          0x08001aa8   Section        0  stm32l4xx_hal_uart.o(i.HAL_UART_Init)
    i.HAL_UART_MspInit                       0x08001b20   Section        0  usart.o(i.HAL_UART_MspInit)
    i.HAL_UART_Transmit                      0x08001c90   Section        0  stm32l4xx_hal_uart.o(i.HAL_UART_Transmit)
    i.HardWare_Init                          0x08001d58   Section        0  main.o(i.HardWare_Init)
    i.LCD_Address_Set                        0x08001d94   Section        0  lcd.o(i.LCD_Address_Set)
    i.LCD_Clear                              0x08001de8   Section        0  lcd.o(i.LCD_Clear)
    i.LCD_Gpio_Init                          0x08001e58   Section        0  lcd.o(i.LCD_Gpio_Init)
    LCD_Gpio_Init                            0x08001e59   Thumb Code   168  lcd.o(i.LCD_Gpio_Init)
    i.LCD_Init                               0x08001f0c   Section        0  lcd.o(i.LCD_Init)
    i.LCD_SPI_Send                           0x080020ac   Section        0  lcd.o(i.LCD_SPI_Send)
    LCD_SPI_Send                             0x080020ad   Thumb Code    16  lcd.o(i.LCD_SPI_Send)
    i.LCD_ShowChar                           0x080020bc   Section        0  lcd.o(i.LCD_ShowChar)
    i.LCD_ShowString                         0x080022cc   Section        0  lcd.o(i.LCD_ShowString)
    i.LCD_Write_Cmd                          0x08002330   Section        0  lcd.o(i.LCD_Write_Cmd)
    LCD_Write_Cmd                            0x08002331   Thumb Code    22  lcd.o(i.LCD_Write_Cmd)
    i.LCD_Write_Data                         0x0800234c   Section        0  lcd.o(i.LCD_Write_Data)
    LCD_Write_Data                           0x0800234d   Thumb Code    22  lcd.o(i.LCD_Write_Data)
    i.LCD_Write_HalfWord                     0x08002368   Section        0  lcd.o(i.LCD_Write_HalfWord)
    i.LOS_Align                              0x08002394   Section        0  los_misc.o(i.LOS_Align)
    i.LOS_KernelInit                         0x080023b0   Section        0  los_init.o(i.LOS_KernelInit)
    i.LOS_ListAdd                            0x080024cc   Section        0  los_task.o(i.LOS_ListAdd)
    LOS_ListAdd                              0x080024cd   Thumb Code    14  los_task.o(i.LOS_ListAdd)
    i.LOS_ListAdd                            0x080024da   Section        0  los_mux.o(i.LOS_ListAdd)
    LOS_ListAdd                              0x080024db   Thumb Code    14  los_mux.o(i.LOS_ListAdd)
    i.LOS_ListAdd                            0x080024e8   Section        0  los_queue.o(i.LOS_ListAdd)
    LOS_ListAdd                              0x080024e9   Thumb Code    14  los_queue.o(i.LOS_ListAdd)
    i.LOS_ListAdd                            0x080024f6   Section        0  los_sem.o(i.LOS_ListAdd)
    LOS_ListAdd                              0x080024f7   Thumb Code    14  los_sem.o(i.LOS_ListAdd)
    i.LOS_ListDelete                         0x08002504   Section        0  los_task.o(i.LOS_ListDelete)
    LOS_ListDelete                           0x08002505   Thumb Code    20  los_task.o(i.LOS_ListDelete)
    i.LOS_ListEmpty                          0x08002518   Section        0  los_priqueue.o(i.LOS_ListEmpty)
    LOS_ListEmpty                            0x08002519   Thumb Code    16  los_priqueue.o(i.LOS_ListEmpty)
    i.LOS_ListEmpty                          0x08002528   Section        0  los_task.o(i.LOS_ListEmpty)
    LOS_ListEmpty                            0x08002529   Thumb Code    16  los_task.o(i.LOS_ListEmpty)
    i.LOS_ListEmpty                          0x08002538   Section        0  los_queue.o(i.LOS_ListEmpty)
    LOS_ListEmpty                            0x08002539   Thumb Code    16  los_queue.o(i.LOS_ListEmpty)
    i.LOS_ListInit                           0x08002548   Section        0  los_task.o(i.LOS_ListInit)
    LOS_ListInit                             0x08002549   Thumb Code     6  los_task.o(i.LOS_ListInit)
    i.LOS_ListInit                           0x0800254e   Section        0  los_mux.o(i.LOS_ListInit)
    LOS_ListInit                             0x0800254f   Thumb Code     6  los_mux.o(i.LOS_ListInit)
    i.LOS_ListInit                           0x08002554   Section        0  los_queue.o(i.LOS_ListInit)
    LOS_ListInit                             0x08002555   Thumb Code     6  los_queue.o(i.LOS_ListInit)
    i.LOS_ListInit                           0x0800255a   Section        0  los_sem.o(i.LOS_ListInit)
    LOS_ListInit                             0x0800255b   Thumb Code     6  los_sem.o(i.LOS_ListInit)
    i.LOS_ListTailInsert                     0x08002560   Section        0  los_task.o(i.LOS_ListTailInsert)
    LOS_ListTailInsert                       0x08002561   Thumb Code    16  los_task.o(i.LOS_ListTailInsert)
    i.LOS_MemAlloc                           0x08002570   Section        0  los_memory.o(i.LOS_MemAlloc)
    i.LOS_MemAllocAlign                      0x0800259a   Section        0  los_memory.o(i.LOS_MemAllocAlign)
    i.LOS_MemFree                            0x080025ae   Section        0  los_memory.o(i.LOS_MemFree)
    i.LOS_MemInit                            0x080025e4   Section        0  los_memory.o(i.LOS_MemInit)
    i.LOS_QueueCreate                        0x080026f0   Section        0  los_queue.o(i.LOS_QueueCreate)
    i.LOS_QueueReadCopy                      0x080027d0   Section        0  los_queue.o(i.LOS_QueueReadCopy)
    i.LOS_QueueWriteCopy                     0x08002806   Section        0  los_queue.o(i.LOS_QueueWriteCopy)
    i.LOS_Schedule                           0x0800283c   Section        0  los_hw.o(i.LOS_Schedule)
    i.LOS_Start                              0x0800287c   Section        0  los_init.o(i.LOS_Start)
    i.LOS_TaskCreate                         0x080028c0   Section        0  los_task.o(i.LOS_TaskCreate)
    i.LOS_TaskCreateOnly                     0x0800295c   Section        0  los_task.o(i.LOS_TaskCreateOnly)
    i.LOS_TaskDelay                          0x08002adc   Section        0  los_task.o(i.LOS_TaskDelay)
    i.LOS_TaskDelete                         0x08002b58   Section        0  los_task.o(i.LOS_TaskDelete)
    i.LOS_TaskYield                          0x08002cd0   Section        0  los_task.o(i.LOS_TaskYield)
    i.LOS_TickCountGet                       0x08002d64   Section        0  los_sys.o(i.LOS_TickCountGet)
    i.MX_GPIO_Init                           0x08002d70   Section        0  gpio.o(i.MX_GPIO_Init)
    i.MX_SPI2_Init                           0x08002e38   Section        0  spi.o(i.MX_SPI2_Init)
    i.MX_USART1_UART_Init                    0x08002ea0   Section        0  usart.o(i.MX_USART1_UART_Init)
    i.RCCEx_PLLSAI1_Config                   0x08002ef4   Section        0  stm32l4xx_hal_rcc_ex.o(i.RCCEx_PLLSAI1_Config)
    RCCEx_PLLSAI1_Config                     0x08002ef5   Thumb Code   378  stm32l4xx_hal_rcc_ex.o(i.RCCEx_PLLSAI1_Config)
    i.RCC_SetFlashLatencyFromMSIRange        0x08003080   Section        0  stm32l4xx_hal_rcc.o(i.RCC_SetFlashLatencyFromMSIRange)
    RCC_SetFlashLatencyFromMSIRange          0x08003081   Thumb Code   150  stm32l4xx_hal_rcc.o(i.RCC_SetFlashLatencyFromMSIRange)
    i.SPI2_WriteByte                         0x08003120   Section        0  spi.o(i.SPI2_WriteByte)
    i.SPI_EndRxTxTransaction                 0x0800313c   Section        0  stm32l4xx_hal_spi.o(i.SPI_EndRxTxTransaction)
    SPI_EndRxTxTransaction                   0x0800313d   Thumb Code   100  stm32l4xx_hal_spi.o(i.SPI_EndRxTxTransaction)
    i.SPI_WaitFifoStateUntilTimeout          0x080031a0   Section        0  stm32l4xx_hal_spi.o(i.SPI_WaitFifoStateUntilTimeout)
    SPI_WaitFifoStateUntilTimeout            0x080031a1   Thumb Code   176  stm32l4xx_hal_spi.o(i.SPI_WaitFifoStateUntilTimeout)
    i.SPI_WaitFlagStateUntilTimeout          0x08003250   Section        0  stm32l4xx_hal_spi.o(i.SPI_WaitFlagStateUntilTimeout)
    SPI_WaitFlagStateUntilTimeout            0x08003251   Thumb Code   168  stm32l4xx_hal_spi.o(i.SPI_WaitFlagStateUntilTimeout)
    i.SystemClock_Config                     0x080032f8   Section        0  sys_init.o(i.SystemClock_Config)
    i.SystemInit                             0x080033f8   Section        0  system_stm32l4xx.o(i.SystemInit)
    i.UART_AdvFeatureConfig                  0x0800344c   Section        0  stm32l4xx_hal_uart.o(i.UART_AdvFeatureConfig)
    i.UART_CheckIdleState                    0x08003544   Section        0  stm32l4xx_hal_uart.o(i.UART_CheckIdleState)
    i.UART_SetConfig                         0x080035b8   Section        0  stm32l4xx_hal_uart.o(i.UART_SetConfig)
    i.UART_WaitOnFlagUntilTimeout            0x080039c4   Section        0  stm32l4xx_hal_uart.o(i.UART_WaitOnFlagUntilTimeout)
    i._Error_Handler                         0x08003a30   Section        0  sys_init.o(i._Error_Handler)
    i.__0printf                              0x08003a34   Section        0  printfa.o(i.__0printf)
    i.__NVIC_GetPriorityGrouping             0x08003a54   Section        0  stm32l4xx_hal_cortex.o(i.__NVIC_GetPriorityGrouping)
    __NVIC_GetPriorityGrouping               0x08003a55   Thumb Code    10  stm32l4xx_hal_cortex.o(i.__NVIC_GetPriorityGrouping)
    i.__NVIC_SetPriority                     0x08003a64   Section        0  stm32l4xx_hal_cortex.o(i.__NVIC_SetPriority)
    __NVIC_SetPriority                       0x08003a65   Thumb Code    32  stm32l4xx_hal_cortex.o(i.__NVIC_SetPriority)
    i.__scatterload_copy                     0x08003a8c   Section       14  handlers.o(i.__scatterload_copy)
    i.__scatterload_null                     0x08003a9a   Section        2  handlers.o(i.__scatterload_null)
    i.__scatterload_zeroinit                 0x08003a9c   Section       14  handlers.o(i.__scatterload_zeroinit)
    i._fp_digits                             0x08003aac   Section        0  printfa.o(i._fp_digits)
    _fp_digits                               0x08003aad   Thumb Code   334  printfa.o(i._fp_digits)
    i._printf_core                           0x08003c10   Section        0  printfa.o(i._printf_core)
    _printf_core                             0x08003c11   Thumb Code  1744  printfa.o(i._printf_core)
    i._printf_post_padding                   0x080042ec   Section        0  printfa.o(i._printf_post_padding)
    _printf_post_padding                     0x080042ed   Thumb Code    36  printfa.o(i._printf_post_padding)
    i._printf_pre_padding                    0x08004310   Section        0  printfa.o(i._printf_pre_padding)
    _printf_pre_padding                      0x08004311   Thumb Code    46  printfa.o(i._printf_pre_padding)
    i.atiny_task_entry                       0x0800433e   Section        0  user_task.o(i.atiny_task_entry)
    i.creat_agenttiny_task                   0x08004340   Section        0  user_task.o(i.creat_agenttiny_task)
    i.creat_task1                            0x08004388   Section        0  main.o(i.creat_task1)
    i.create_work_tasks                      0x080043c8   Section        0  user_task.o(i.create_work_tasks)
    i.delay10ms                              0x080043dc   Section        0  dwt.o(i.delay10ms)
    i.delayus                                0x080043f0   Section        0  dwt.o(i.delayus)
    i.dwt_delay_init                         0x0800444c   Section        0  dwt.o(i.dwt_delay_init)
    i.fputc                                  0x08004478   Section        0  usart.o(i.fputc)
    i.main                                   0x08004494   Section        0  main.o(i.main)
    i.osAlarmHeapInfo                        0x080044c8   Section        0  los_heap.o(i.osAlarmHeapInfo)
    i.osAtomicBitsetClearBit                 0x080044ec   Section        0  los_slab.o(i.osAtomicBitsetClearBit)
    i.osAtomicBitsetFindClearAndSet          0x08004510   Section        0  los_slab.o(i.osAtomicBitsetFindClearAndSet)
    i.osAtomicBitsetGetBit                   0x08004560   Section        0  los_slab.o(i.osAtomicBitsetGetBit)
    i.osAtomicBitsetGetNumBits               0x0800458a   Section        0  los_slab.o(i.osAtomicBitsetGetNumBits)
    i.osAtomicBitsetInit                     0x08004590   Section        0  los_slab.o(i.osAtomicBitsetInit)
    i.osHeapAlloc                            0x080045c0   Section        0  los_heap.o(i.osHeapAlloc)
    i.osHeapAllocAlign                       0x08004728   Section        0  los_heap.o(i.osHeapAllocAlign)
    i.osHeapFree                             0x08004784   Section        0  los_heap.o(i.osHeapFree)
    i.osHeapInit                             0x080048c4   Section        0  los_heap.o(i.osHeapInit)
    i.osHeapPrvGetNext                       0x08004908   Section        0  los_heap.o(i.osHeapPrvGetNext)
    i.osHeapStatisticsGet                    0x08004924   Section        0  los_heap.o(i.osHeapStatisticsGet)
    i.osHwiDefaultHandler                    0x08004988   Section        0  los_hwi.o(i.osHwiDefaultHandler)
    i.osHwiInit                              0x080049c4   Section        0  los_hwi.o(i.osHwiInit)
    i.osIdleTask                             0x08004a10   Section        0  los_task.o(i.osIdleTask)
    i.osIdleTaskCreate                       0x08004a14   Section        0  los_task.o(i.osIdleTaskCreate)
    i.osIntNumGet                            0x08004a60   Section        0  los_hwi.o(i.osIntNumGet)
    i.osInterrupt                            0x08004a68   Section        0  los_hwi.o(i.osInterrupt)
    i.osMemSystemInit                        0x08004ab8   Section        0  los_memory.o(i.osMemSystemInit)
    i.osMuxInit                              0x08004ad8   Section        0  los_mux.o(i.osMuxInit)
    i.osPriqueueDequeue                      0x08004b3c   Section        0  los_priqueue.o(i.osPriqueueDequeue)
    i.osPriqueueEnqueue                      0x08004b88   Section        0  los_priqueue.o(i.osPriqueueEnqueue)
    i.osPriqueueInit                         0x08004bd0   Section        0  los_priqueue.o(i.osPriqueueInit)
    i.osPriqueueSize                         0x08004c18   Section        0  los_priqueue.o(i.osPriqueueSize)
    i.osPriqueueTop                          0x08004c40   Section        0  los_priqueue.o(i.osPriqueueTop)
    i.osQueueBufferOperate                   0x08004c68   Section        0  los_queue.o(i.osQueueBufferOperate)
    osQueueBufferOperate                     0x08004c69   Thumb Code   226  los_queue.o(i.osQueueBufferOperate)
    i.osQueueInit                            0x08004d74   Section        0  los_queue.o(i.osQueueInit)
    i.osQueueOperate                         0x08004de4   Section        0  los_queue.o(i.osQueueOperate)
    i.osQueueReadParameterCheck              0x08004f6c   Section        0  los_queue.o(i.osQueueReadParameterCheck)
    osQueueReadParameterCheck                0x08004f6d   Thumb Code    60  los_queue.o(i.osQueueReadParameterCheck)
    i.osQueueWriteParameterCheck             0x08004fac   Section        0  los_queue.o(i.osQueueWriteParameterCheck)
    osQueueWriteParameterCheck               0x08004fad   Thumb Code    58  los_queue.o(i.osQueueWriteParameterCheck)
    i.osRegister                             0x08004fec   Section        0  los_init.o(i.osRegister)
    osRegister                               0x08004fed   Thumb Code     8  los_init.o(i.osRegister)
    i.osSchedule                             0x08004ff8   Section        0  los_hw.o(i.osSchedule)
    i.osSemInit                              0x08005000   Section        0  los_sem.o(i.osSemInit)
    i.osSlabAllocatorAlloc                   0x08005060   Section        0  los_slab.o(i.osSlabAllocatorAlloc)
    i.osSlabAllocatorFree                    0x0800507e   Section        0  los_slab.o(i.osSlabAllocatorFree)
    i.osSlabAllocatorNew                     0x080050c6   Section        0  los_slab.o(i.osSlabAllocatorNew)
    i.osSlabBlockHeadFill                    0x08005122   Section        0  los_slabmem.o(i.osSlabBlockHeadFill)
    i.osSlabCtrlHdrGet                       0x08005134   Section        0  los_memory.o(i.osSlabCtrlHdrGet)
    i.osSlabMemAlloc                         0x0800513c   Section        0  los_slabmem.o(i.osSlabMemAlloc)
    i.osSlabMemFree                          0x080051dc   Section        0  los_slabmem.o(i.osSlabMemFree)
    i.osSlabMemInit                          0x08005250   Section        0  los_slabmem.o(i.osSlabMemInit)
    i.osSwTmrInit                            0x080052bc   Section        0  los_swtmr.o(i.osSwTmrInit)
    i.osSwTmrStart                           0x0800535c   Section        0  los_swtmr.o(i.osSwTmrStart)
    i.osSwTmrTask                            0x08005564   Section        0  los_swtmr.o(i.osSwTmrTask)
    i.osSwTmrTaskCreate                      0x080055a8   Section        0  los_swtmr.o(i.osSwTmrTaskCreate)
    i.osSwTmrTimeoutHandle                   0x080055ec   Section        0  los_swtmr.o(i.osSwTmrTimeoutHandle)
    osSwTmrTimeoutHandle                     0x080055ed   Thumb Code   120  los_swtmr.o(i.osSwTmrTimeoutHandle)
    i.osSwtmrDelete                          0x0800566c   Section        0  los_swtmr.o(i.osSwtmrDelete)
    osSwtmrDelete                            0x0800566d   Thumb Code    40  los_swtmr.o(i.osSwtmrDelete)
    i.osSwtmrScan                            0x0800569c   Section        0  los_swtmr.o(i.osSwtmrScan)
    i.osTaskAdd2TimerList                    0x080056c0   Section        0  los_task.o(i.osTaskAdd2TimerList)
    i.osTaskEntry                            0x08005780   Section        0  los_task.o(i.osTaskEntry)
    i.osTaskExit                             0x080057b0   Section        0  los_hw.o(i.osTaskExit)
    i.osTaskInit                             0x080057b8   Section        0  los_task.o(i.osTaskInit)
    i.osTaskMonInit                          0x080058e0   Section        0  los_task.o(i.osTaskMonInit)
    i.osTaskScan                             0x08005910   Section        0  los_task.o(i.osTaskScan)
    i.osTaskSwitchCheck                      0x080059ec   Section        0  los_task.o(i.osTaskSwitchCheck)
    i.osTaskWait                             0x08005b70   Section        0  los_task.o(i.osTaskWait)
    i.osTaskWake                             0x08005bbc   Section        0  los_task.o(i.osTaskWake)
    i.osTickHandler                          0x08005c04   Section        0  los_tick.o(i.osTickHandler)
    i.osTickStart                            0x08005c2c   Section        0  los_hw_tick.o(i.osTickStart)
    i.osTimerListDelete                      0x08005cfc   Section        0  los_task.o(i.osTimerListDelete)
    i.osTimesliceCheck                       0x08005d44   Section        0  los_timeslice.o(i.osTimesliceCheck)
    i.osTimesliceInit                        0x08005d90   Section        0  los_timeslice.o(i.osTimesliceInit)
    i.osTskStackInit                         0x08005da0   Section        0  los_hw.o(i.osTskStackInit)
    i.task1                                  0x08005e30   Section        0  main.o(i.task1)
    .constdata                               0x08005ea0   Section       72  system_stm32l4xx.o(.constdata)
    .constdata                               0x08005ee8   Section       20  los_hwi.o(.constdata)
    __FUNCTION__                             0x08005ee8   Data          20  los_hwi.o(.constdata)
    .constdata                               0x08005efc   Section    19380  lcd.o(.constdata)
    .data.vector                             0x20000000   Section     1024  los_hwi.o(.data.vector)
    .data                                    0x20000400   Section        4  system_stm32l4xx.o(.data)
    .data                                    0x20000404   Section        4  dwt.o(.data)
    cpuclkfeq                                0x20000404   Data           4  dwt.o(.data)
    .data                                    0x20000408   Section        4  main.o(.data)
    .data                                    0x2000040c   Section        4  user_task.o(.data)
    g_atiny_tskHandle                        0x2000040c   Data           4  user_task.o(.data)
    .data                                    0x20000410   Section        8  los_priqueue.o(.data)
    g_uwPriQueueBitmap                       0x20000414   Data           4  los_priqueue.o(.data)
    .data                                    0x20000418   Section       28  los_swtmr.o(.data)
    m_uwSwtimerRousesTime                    0x20000428   Data           4  los_swtmr.o(.data)
    m_pstRouses                              0x2000042c   Data           4  los_swtmr.o(.data)
    m_pstRousesPrev                          0x20000430   Data           4  los_swtmr.o(.data)
    .data                                    0x20000434   Section       72  los_task.o(.data)
    .data                                    0x20000480   Section       28  los_tick.o(.data)
    .data                                    0x2000049c   Section        8  los_timeslice.o(.data)
    .data                                    0x200004a4   Section       12  los_mux.o(.data)
    .data                                    0x200004b0   Section       12  los_queue.o(.data)
    .data                                    0x200004bc   Section       12  los_sem.o(.data)
    .data                                    0x200004c8   Section       16  los_heap.o(.data)
    g_uwAllocCount                           0x200004c8   Data           4  los_heap.o(.data)
    g_uwFreeCount                            0x200004cc   Data           4  los_heap.o(.data)
    g_uwCurHeapUsed                          0x200004d0   Data           4  los_heap.o(.data)
    g_uwMaxHeapUsed                          0x200004d4   Data           4  los_heap.o(.data)
    .data                                    0x200004d8   Section        4  los_memory.o(.data)
    .data                                    0x200004dc   Section        4  los_init.o(.data)
    .data                                    0x200004e0   Section        4  los_hwi.o(.data)
    .data                                    0x200004e4   Section        4  lcd.o(.data)
    .data                                    0x200004e8   Section        4  stdout.o(.data)
    .bss                                     0x200004ec   Section      480  usart.o(.bss)
    .bss                                     0x200006cc   Section      100  spi.o(.bss)
    .bss                                     0x20000730   Section       64  los_swtmr.o(.bss)
    .bss                                     0x20000770   Section      342  los_task.o(.bss)
    .bss                                     0x200008c8   Section     1024  los_hwi.o(.bss)
    .bss                                     0x20000cc8   Section     1152  lcd.o(.bss)
    lcd_buf                                  0x20000cc8   Data        1152  lcd.o(.bss)
    LOS_HEAP                                 0x20001148   Section     1024  los_startup_keil.o(LOS_HEAP)

    Global Symbols

    Symbol Name                              Value     Ov Type        Size  Object(Section)

    BuildAttributes$$THM_ISAv4$E$P$D$K$B$S$7EM$VFPi3$EXTD16$VFPS$VFMA$PE$A:L22UL41UL21$X:L11$S22US41US21$IEEE1$IW$USESV6$~STKCKD$USESV7$~SHL$OSPACE$ROPI$EBA8$MICROLIB$REQ8$PRES8$EABIv2 0x00000000   Number         0  anon$$obj.o ABSOLUTE
    __ARM_use_no_argv                        0x00000000   Number         0  main.o ABSOLUTE
    _printf_a                                0x00000000   Number         0  stubs.o ABSOLUTE
    _printf_c                                0x00000000   Number         0  stubs.o ABSOLUTE
    _printf_charcount                        0x00000000   Number         0  stubs.o ABSOLUTE
    _printf_d                                0x00000000   Number         0  stubs.o ABSOLUTE
    _printf_e                                0x00000000   Number         0  stubs.o ABSOLUTE
    _printf_f                                0x00000000   Number         0  stubs.o ABSOLUTE
    _printf_flags                            0x00000000   Number         0  stubs.o ABSOLUTE
    _printf_fp_dec                           0x00000000   Number         0  stubs.o ABSOLUTE
    _printf_fp_hex                           0x00000000   Number         0  stubs.o ABSOLUTE
    _printf_g                                0x00000000   Number         0  stubs.o ABSOLUTE
    _printf_i                                0x00000000   Number         0  stubs.o ABSOLUTE
    _printf_int_dec                          0x00000000   Number         0  stubs.o ABSOLUTE
    _printf_l                                0x00000000   Number         0  stubs.o ABSOLUTE
    _printf_lc                               0x00000000   Number         0  stubs.o ABSOLUTE
    _printf_ll                               0x00000000   Number         0  stubs.o ABSOLUTE
    _printf_lld                              0x00000000   Number         0  stubs.o ABSOLUTE
    _printf_lli                              0x00000000   Number         0  stubs.o ABSOLUTE
    _printf_llo                              0x00000000   Number         0  stubs.o ABSOLUTE
    _printf_llu                              0x00000000   Number         0  stubs.o ABSOLUTE
    _printf_llx                              0x00000000   Number         0  stubs.o ABSOLUTE
    _printf_longlong_dec                     0x00000000   Number         0  stubs.o ABSOLUTE
    _printf_longlong_hex                     0x00000000   Number         0  stubs.o ABSOLUTE
    _printf_longlong_oct                     0x00000000   Number         0  stubs.o ABSOLUTE
    _printf_ls                               0x00000000   Number         0  stubs.o ABSOLUTE
    _printf_mbtowc                           0x00000000   Number         0  stubs.o ABSOLUTE
    _printf_n                                0x00000000   Number         0  stubs.o ABSOLUTE
    _printf_o                                0x00000000   Number         0  stubs.o ABSOLUTE
    _printf_p                                0x00000000   Number         0  stubs.o ABSOLUTE
    _printf_percent                          0x00000000   Number         0  stubs.o ABSOLUTE
    _printf_pre_padding                      0x00000000   Number         0  stubs.o ABSOLUTE
    _printf_return_value                     0x00000000   Number         0  stubs.o ABSOLUTE
    _printf_s                                0x00000000   Number         0  stubs.o ABSOLUTE
    _printf_sizespec                         0x00000000   Number         0  stubs.o ABSOLUTE
    _printf_str                              0x00000000   Number         0  stubs.o ABSOLUTE
    _printf_truncate_signed                  0x00000000   Number         0  stubs.o ABSOLUTE
    _printf_truncate_unsigned                0x00000000   Number         0  stubs.o ABSOLUTE
    _printf_u                                0x00000000   Number         0  stubs.o ABSOLUTE
    _printf_wc                               0x00000000   Number         0  stubs.o ABSOLUTE
    _printf_wctomb                           0x00000000   Number         0  stubs.o ABSOLUTE
    _printf_widthprec                        0x00000000   Number         0  stubs.o ABSOLUTE
    _printf_x                                0x00000000   Number         0  stubs.o ABSOLUTE
    __cpp_initialize__aeabi_                  - Undefined Weak Reference
    __cxa_finalize                            - Undefined Weak Reference
    _clock_init                               - Undefined Weak Reference
    _microlib_exit                            - Undefined Weak Reference
    _BootVectors                             0x08000000   Data           0  los_startup_keil.o(RESET)
    Reset_Handler                            0x08000009   Thumb Code     0  los_startup_keil.o(RESET)
    __main                                   0x0800002d   Thumb Code     0  entry.o(.ARM.Collect$$$$00000000)
    _main_stk                                0x0800002d   Thumb Code     0  entry3.o(.ARM.Collect$$$$00000002)
    _main_scatterload                        0x08000031   Thumb Code     0  entry5.o(.ARM.Collect$$$$00000004)
    __main_after_scatterload                 0x08000035   Thumb Code     0  entry5.o(.ARM.Collect$$$$00000004)
    _main_clock                              0x08000035   Thumb Code     0  entry7b.o(.ARM.Collect$$$$00000008)
    _main_cpp_init                           0x08000035   Thumb Code     0  entry8b.o(.ARM.Collect$$$$0000000A)
    _main_init                               0x08000035   Thumb Code     0  entry9a.o(.ARM.Collect$$$$0000000B)
    __rt_final_cpp                           0x0800003d   Thumb Code     0  entry10a.o(.ARM.Collect$$$$0000000D)
    __rt_final_exit                          0x0800003d   Thumb Code     0  entry11a.o(.ARM.Collect$$$$0000000F)
    LOS_StartToRun                           0x08000041   Thumb Code     0  los_dispatch_keil.o(.text)
    LOS_IntLock                              0x0800008d   Thumb Code     0  los_dispatch_keil.o(.text)
    LOS_IntUnLock                            0x08000095   Thumb Code     0  los_dispatch_keil.o(.text)
    LOS_IntRestore                           0x0800009d   Thumb Code     0  los_dispatch_keil.o(.text)
    osTaskSchedule                           0x080000a3   Thumb Code     0  los_dispatch_keil.o(.text)
    PendSV_Handler                           0x080000ad   Thumb Code     0  los_dispatch_keil.o(.text)
    __aeabi_uldivmod                         0x0800012d   Thumb Code    98  uldiv.o(.text)
    __aeabi_memcpy                           0x0800018f   Thumb Code    36  memcpya.o(.text)
    __aeabi_memcpy4                          0x0800018f   Thumb Code     0  memcpya.o(.text)
    __aeabi_memcpy8                          0x0800018f   Thumb Code     0  memcpya.o(.text)
    __aeabi_memset                           0x080001b3   Thumb Code    14  memseta.o(.text)
    __aeabi_memset4                          0x080001b3   Thumb Code     0  memseta.o(.text)
    __aeabi_memset8                          0x080001b3   Thumb Code     0  memseta.o(.text)
    __aeabi_memclr                           0x080001c1   Thumb Code     4  memseta.o(.text)
    __aeabi_memclr4                          0x080001c1   Thumb Code     0  memseta.o(.text)
    __aeabi_memclr8                          0x080001c1   Thumb Code     0  memseta.o(.text)
    _memset$wrapper                          0x080001c5   Thumb Code    18  memseta.o(.text)
    __aeabi_ddiv                             0x080001d7   Thumb Code   222  ddiv.o(.text)
    __aeabi_d2ulz                            0x080002b5   Thumb Code    48  dfixul.o(.text)
    __aeabi_uidiv                            0x080002e5   Thumb Code     0  uidiv.o(.text)
    __aeabi_uidivmod                         0x080002e5   Thumb Code    44  uidiv.o(.text)
    __aeabi_llsl                             0x08000311   Thumb Code    30  llshl.o(.text)
    _ll_shift_l                              0x08000311   Thumb Code     0  llshl.o(.text)
    __aeabi_llsr                             0x0800032f   Thumb Code    32  llushr.o(.text)
    _ll_ushift_r                             0x0800032f   Thumb Code     0  llushr.o(.text)
    __I$use$fp                               0x0800034f   Thumb Code     0  iusefp.o(.text)
    _double_round                            0x0800034f   Thumb Code    30  depilogue.o(.text)
    _double_epilogue                         0x0800036d   Thumb Code   156  depilogue.o(.text)
    __aeabi_dadd                             0x08000409   Thumb Code   322  dadd.o(.text)
    __aeabi_dsub                             0x0800054b   Thumb Code     6  dadd.o(.text)
    __aeabi_drsub                            0x08000551   Thumb Code     6  dadd.o(.text)
    __aeabi_dmul                             0x08000557   Thumb Code   228  dmul.o(.text)
    __aeabi_cdrcmple                         0x0800063d   Thumb Code    48  cdrcmple.o(.text)
    __scatterload                            0x0800066d   Thumb Code    28  init.o(.text)
    __scatterload_rt2                        0x0800066d   Thumb Code     0  init.o(.text)
    __aeabi_lasr                             0x08000691   Thumb Code    36  llsshr.o(.text)
    _ll_sshift_r                             0x08000691   Thumb Code     0  llsshr.o(.text)
    __decompress                             0x080006b5   Thumb Code     0  __dczerorl2.o(.text)
    __decompress1                            0x080006b5   Thumb Code    86  __dczerorl2.o(.text)
    HAL_GPIO_Init                            0x0800070d   Thumb Code   432  stm32l4xx_hal_gpio.o(i.HAL_GPIO_Init)
    HAL_GPIO_WritePin                        0x080008d9   Thumb Code    10  stm32l4xx_hal_gpio.o(i.HAL_GPIO_WritePin)
    HAL_GetTick                              0x080008e3   Thumb Code     8  sys_init.o(i.HAL_GetTick)
    HAL_Init                                 0x080008eb   Thumb Code    22  stm32l4xx_hal.o(i.HAL_Init)
    HAL_InitTick                             0x08000901   Thumb Code    36  stm32l4xx_hal.o(i.HAL_InitTick)
    HAL_MspInit                              0x08000929   Thumb Code     2  stm32l4xx_hal.o(i.HAL_MspInit)
    HAL_NVIC_EnableIRQ                       0x0800092b   Thumb Code    32  stm32l4xx_hal_cortex.o(i.HAL_NVIC_EnableIRQ)
    HAL_NVIC_SetPriority                     0x0800094b   Thumb Code   124  stm32l4xx_hal_cortex.o(i.HAL_NVIC_SetPriority)
    HAL_NVIC_SetPriorityGrouping             0x080009c9   Thumb Code    32  stm32l4xx_hal_cortex.o(i.HAL_NVIC_SetPriorityGrouping)
    HAL_PWREx_ControlVoltageScaling          0x080009f1   Thumb Code   128  stm32l4xx_hal_pwr_ex.o(i.HAL_PWREx_ControlVoltageScaling)
    HAL_PWREx_GetVoltageRange                0x08000a7d   Thumb Code    10  stm32l4xx_hal_pwr_ex.o(i.HAL_PWREx_GetVoltageRange)
    HAL_PWR_EnableBkUpAccess                 0x08000a8d   Thumb Code    14  stm32l4xx_hal_pwr.o(i.HAL_PWR_EnableBkUpAccess)
    HAL_RCCEx_PeriphCLKConfig                0x08000aa1   Thumb Code   896  stm32l4xx_hal_rcc_ex.o(i.HAL_RCCEx_PeriphCLKConfig)
    HAL_RCC_ClockConfig                      0x08000e29   Thumb Code   348  stm32l4xx_hal_rcc.o(i.HAL_RCC_ClockConfig)
    HAL_RCC_GetHCLKFreq                      0x08000f95   Thumb Code     6  stm32l4xx_hal_rcc.o(i.HAL_RCC_GetHCLKFreq)
    HAL_RCC_GetPCLK1Freq                     0x08000fa1   Thumb Code    22  stm32l4xx_hal_rcc.o(i.HAL_RCC_GetPCLK1Freq)
    HAL_RCC_GetPCLK2Freq                     0x08000fc1   Thumb Code    22  stm32l4xx_hal_rcc.o(i.HAL_RCC_GetPCLK2Freq)
    HAL_RCC_GetSysClockFreq                  0x08000fe1   Thumb Code   252  stm32l4xx_hal_rcc.o(i.HAL_RCC_GetSysClockFreq)
    HAL_RCC_OscConfig                        0x080010ed   Thumb Code  1676  stm32l4xx_hal_rcc.o(i.HAL_RCC_OscConfig)
    HAL_SPI_Init                             0x08001785   Thumb Code   192  stm32l4xx_hal_spi.o(i.HAL_SPI_Init)
    HAL_SPI_MspInit                          0x08001845   Thumb Code   104  spi.o(i.HAL_SPI_MspInit)
    HAL_SPI_Transmit                         0x080018bd   Thumb Code   440  stm32l4xx_hal_spi.o(i.HAL_SPI_Transmit)
    HAL_SYSTICK_Config                       0x08001a75   Thumb Code    52  stm32l4xx_hal_cortex.o(i.HAL_SYSTICK_Config)
    HAL_UART_Init                            0x08001aa9   Thumb Code   120  stm32l4xx_hal_uart.o(i.HAL_UART_Init)
    HAL_UART_MspInit                         0x08001b21   Thumb Code   342  usart.o(i.HAL_UART_MspInit)
    HAL_UART_Transmit                        0x08001c91   Thumb Code   200  stm32l4xx_hal_uart.o(i.HAL_UART_Transmit)
    HardWare_Init                            0x08001d59   Thumb Code    52  main.o(i.HardWare_Init)
    LCD_Address_Set                          0x08001d95   Thumb Code    82  lcd.o(i.LCD_Address_Set)
    LCD_Clear                                0x08001de9   Thumb Code   104  lcd.o(i.LCD_Clear)
    LCD_Init                                 0x08001f0d   Thumb Code   410  lcd.o(i.LCD_Init)
    LCD_ShowChar                             0x080020bd   Thumb Code   502  lcd.o(i.LCD_ShowChar)
    LCD_ShowString                           0x080022cd   Thumb Code    98  lcd.o(i.LCD_ShowString)
    LCD_Write_HalfWord                       0x08002369   Thumb Code    40  lcd.o(i.LCD_Write_HalfWord)
    LOS_Align                                0x08002395   Thumb Code    28  los_misc.o(i.LOS_Align)
    LOS_KernelInit                           0x080023b1   Thumb Code   178  los_init.o(i.LOS_KernelInit)
    LOS_MemAlloc                             0x08002571   Thumb Code    42  los_memory.o(i.LOS_MemAlloc)
    LOS_MemAllocAlign                        0x0800259b   Thumb Code    20  los_memory.o(i.LOS_MemAllocAlign)
    LOS_MemFree                              0x080025af   Thumb Code    52  los_memory.o(i.LOS_MemFree)
    LOS_MemInit                              0x080025e5   Thumb Code   206  los_memory.o(i.LOS_MemInit)
    LOS_QueueCreate                          0x080026f1   Thumb Code   210  los_queue.o(i.LOS_QueueCreate)
    LOS_QueueReadCopy                        0x080027d1   Thumb Code    54  los_queue.o(i.LOS_QueueReadCopy)
    LOS_QueueWriteCopy                       0x08002807   Thumb Code    54  los_queue.o(i.LOS_QueueWriteCopy)
    LOS_Schedule                             0x0800283d   Thumb Code    56  los_hw.o(i.LOS_Schedule)
    LOS_Start                                0x0800287d   Thumb Code    38  los_init.o(i.LOS_Start)
    LOS_TaskCreate                           0x080028c1   Thumb Code   140  los_task.o(i.LOS_TaskCreate)
    LOS_TaskCreateOnly                       0x0800295d   Thumb Code   354  los_task.o(i.LOS_TaskCreateOnly)
    LOS_TaskDelay                            0x08002add   Thumb Code   106  los_task.o(i.LOS_TaskDelay)
    LOS_TaskDelete                           0x08002b59   Thumb Code   334  los_task.o(i.LOS_TaskDelete)
    LOS_TaskYield                            0x08002cd1   Thumb Code   134  los_task.o(i.LOS_TaskYield)
    LOS_TickCountGet                         0x08002d65   Thumb Code     6  los_sys.o(i.LOS_TickCountGet)
    MX_GPIO_Init                             0x08002d71   Thumb Code   192  gpio.o(i.MX_GPIO_Init)
    MX_SPI2_Init                             0x08002e39   Thumb Code    78  spi.o(i.MX_SPI2_Init)
    MX_USART1_UART_Init                      0x08002ea1   Thumb Code    60  usart.o(i.MX_USART1_UART_Init)
    SPI2_WriteByte                           0x08003121   Thumb Code    22  spi.o(i.SPI2_WriteByte)
    SystemClock_Config                       0x080032f9   Thumb Code   228  sys_init.o(i.SystemClock_Config)
    SystemInit                               0x080033f9   Thumb Code    68  system_stm32l4xx.o(i.SystemInit)
    UART_AdvFeatureConfig                    0x0800344d   Thumb Code   248  stm32l4xx_hal_uart.o(i.UART_AdvFeatureConfig)
    UART_CheckIdleState                      0x08003545   Thumb Code   116  stm32l4xx_hal_uart.o(i.UART_CheckIdleState)
    UART_SetConfig                           0x080035b9   Thumb Code  1000  stm32l4xx_hal_uart.o(i.UART_SetConfig)
    UART_WaitOnFlagUntilTimeout              0x080039c5   Thumb Code   108  stm32l4xx_hal_uart.o(i.UART_WaitOnFlagUntilTimeout)
    _Error_Handler                           0x08003a31   Thumb Code     4  sys_init.o(i._Error_Handler)
    __0printf                                0x08003a35   Thumb Code    22  printfa.o(i.__0printf)
    __1printf                                0x08003a35   Thumb Code     0  printfa.o(i.__0printf)
    __2printf                                0x08003a35   Thumb Code     0  printfa.o(i.__0printf)
    __c89printf                              0x08003a35   Thumb Code     0  printfa.o(i.__0printf)
    printf                                   0x08003a35   Thumb Code     0  printfa.o(i.__0printf)
    __scatterload_copy                       0x08003a8d   Thumb Code    14  handlers.o(i.__scatterload_copy)
    __scatterload_null                       0x08003a9b   Thumb Code     2  handlers.o(i.__scatterload_null)
    __scatterload_zeroinit                   0x08003a9d   Thumb Code    14  handlers.o(i.__scatterload_zeroinit)
    atiny_task_entry                         0x0800433f   Thumb Code     2  user_task.o(i.atiny_task_entry)
    creat_agenttiny_task                     0x08004341   Thumb Code    48  user_task.o(i.creat_agenttiny_task)
    creat_task1                              0x08004389   Thumb Code    48  main.o(i.creat_task1)
    create_work_tasks                        0x080043c9   Thumb Code    20  user_task.o(i.create_work_tasks)
    delay10ms                                0x080043dd   Thumb Code    18  dwt.o(i.delay10ms)
    delayus                                  0x080043f1   Thumb Code    78  dwt.o(i.delayus)
    dwt_delay_init                           0x0800444d   Thumb Code    30  dwt.o(i.dwt_delay_init)
    fputc                                    0x08004479   Thumb Code    22  usart.o(i.fputc)
    main                                     0x08004495   Thumb Code    52  main.o(i.main)
    osAlarmHeapInfo                          0x080044c9   Thumb Code    36  los_heap.o(i.osAlarmHeapInfo)
    osAtomicBitsetClearBit                   0x080044ed   Thumb Code    36  los_slab.o(i.osAtomicBitsetClearBit)
    osAtomicBitsetFindClearAndSet            0x08004511   Thumb Code    80  los_slab.o(i.osAtomicBitsetFindClearAndSet)
    osAtomicBitsetGetBit                     0x08004561   Thumb Code    42  los_slab.o(i.osAtomicBitsetGetBit)
    osAtomicBitsetGetNumBits                 0x0800458b   Thumb Code     6  los_slab.o(i.osAtomicBitsetGetNumBits)
    osAtomicBitsetInit                       0x08004591   Thumb Code    46  los_slab.o(i.osAtomicBitsetInit)
    osHeapAlloc                              0x080045c1   Thumb Code   292  los_heap.o(i.osHeapAlloc)
    osHeapAllocAlign                         0x08004729   Thumb Code    90  los_heap.o(i.osHeapAllocAlign)
    osHeapFree                               0x08004785   Thumb Code   284  los_heap.o(i.osHeapFree)
    osHeapInit                               0x080048c5   Thumb Code    68  los_heap.o(i.osHeapInit)
    osHeapPrvGetNext                         0x08004909   Thumb Code    26  los_heap.o(i.osHeapPrvGetNext)
    osHeapStatisticsGet                      0x08004925   Thumb Code    90  los_heap.o(i.osHeapStatisticsGet)
    osHwiDefaultHandler                      0x08004989   Thumb Code    30  los_hwi.o(i.osHwiDefaultHandler)
    osHwiInit                                0x080049c5   Thumb Code    58  los_hwi.o(i.osHwiInit)
    osIdleTask                               0x08004a11   Thumb Code     4  los_task.o(i.osIdleTask)
    osIdleTaskCreate                         0x08004a15   Thumb Code    54  los_task.o(i.osIdleTaskCreate)
    osIntNumGet                              0x08004a61   Thumb Code     8  los_hwi.o(i.osIntNumGet)
    osInterrupt                              0x08004a69   Thumb Code    70  los_hwi.o(i.osInterrupt)
    osMemSystemInit                          0x08004ab9   Thumb Code    22  los_memory.o(i.osMemSystemInit)
    osMuxInit                                0x08004ad9   Thumb Code    82  los_mux.o(i.osMuxInit)
    osPriqueueDequeue                        0x08004b3d   Thumb Code    66  los_priqueue.o(i.osPriqueueDequeue)
    osPriqueueEnqueue                        0x08004b89   Thumb Code    64  los_priqueue.o(i.osPriqueueEnqueue)
    osPriqueueInit                           0x08004bd1   Thumb Code    64  los_priqueue.o(i.osPriqueueInit)
    osPriqueueSize                           0x08004c19   Thumb Code    36  los_priqueue.o(i.osPriqueueSize)
    osPriqueueTop                            0x08004c41   Thumb Code    32  los_priqueue.o(i.osPriqueueTop)
    osQueueInit                              0x08004d75   Thumb Code    96  los_queue.o(i.osQueueInit)
    osQueueOperate                           0x08004de5   Thumb Code   374  los_queue.o(i.osQueueOperate)
    osSchedule                               0x08004ff9   Thumb Code     8  los_hw.o(i.osSchedule)
    osSemInit                                0x08005001   Thumb Code    80  los_sem.o(i.osSemInit)
    osSlabAllocatorAlloc                     0x08005061   Thumb Code    30  los_slab.o(i.osSlabAllocatorAlloc)
    osSlabAllocatorFree                      0x0800507f   Thumb Code    72  los_slab.o(i.osSlabAllocatorFree)
    osSlabAllocatorNew                       0x080050c7   Thumb Code    92  los_slab.o(i.osSlabAllocatorNew)
    osSlabBlockHeadFill                      0x08005123   Thumb Code    18  los_slabmem.o(i.osSlabBlockHeadFill)
    osSlabCtrlHdrGet                         0x08005135   Thumb Code     8  los_memory.o(i.osSlabCtrlHdrGet)
    osSlabMemAlloc                           0x0800513d   Thumb Code   160  los_slabmem.o(i.osSlabMemAlloc)
    osSlabMemFree                            0x080051dd   Thumb Code   116  los_slabmem.o(i.osSlabMemFree)
    osSlabMemInit                            0x08005251   Thumb Code   108  los_slabmem.o(i.osSlabMemInit)
    osSwTmrInit                              0x080052bd   Thumb Code   130  los_swtmr.o(i.osSwTmrInit)
    osSwTmrStart                             0x0800535d   Thumb Code   506  los_swtmr.o(i.osSwTmrStart)
    osSwTmrTask                              0x08005565   Thumb Code    62  los_swtmr.o(i.osSwTmrTask)
    osSwTmrTaskCreate                        0x080055a9   Thumb Code    48  los_swtmr.o(i.osSwTmrTaskCreate)
    osSwtmrScan                              0x0800569d   Thumb Code    32  los_swtmr.o(i.osSwtmrScan)
    osTaskAdd2TimerList                      0x080056c1   Thumb Code   188  los_task.o(i.osTaskAdd2TimerList)
    osTaskEntry                              0x08005781   Thumb Code    40  los_task.o(i.osTaskEntry)
    osTaskExit                               0x080057b1   Thumb Code     6  los_hw.o(i.osTaskExit)
    osTaskInit                               0x080057b9   Thumb Code   258  los_task.o(i.osTaskInit)
    osTaskMonInit                            0x080058e1   Thumb Code    32  los_task.o(i.osTaskMonInit)
    osTaskScan                               0x08005911   Thumb Code   214  los_task.o(i.osTaskScan)
    osTaskSwitchCheck                        0x080059ed   Thumb Code   238  los_task.o(i.osTaskSwitchCheck)
    osTaskWait                               0x08005b71   Thumb Code    72  los_task.o(i.osTaskWait)
    osTaskWake                               0x08005bbd   Thumb Code    70  los_task.o(i.osTaskWake)
    osTickHandler                            0x08005c05   Thumb Code    34  los_tick.o(i.osTickHandler)
    osTickStart                              0x08005c2d   Thumb Code   162  los_hw_tick.o(i.osTickStart)
    osTimerListDelete                        0x08005cfd   Thumb Code    66  los_task.o(i.osTimerListDelete)
    osTimesliceCheck                         0x08005d45   Thumb Code    64  los_timeslice.o(i.osTimesliceCheck)
    osTimesliceInit                          0x08005d91   Thumb Code    12  los_timeslice.o(i.osTimesliceInit)
    osTskStackInit                           0x08005da1   Thumb Code   134  los_hw.o(i.osTskStackInit)
    task1                                    0x08005e31   Thumb Code    70  main.o(i.task1)
    AHBPrescTable                            0x08005ea0   Data          16  system_stm32l4xx.o(.constdata)
    APBPrescTable                            0x08005eb0   Data           8  system_stm32l4xx.o(.constdata)
    MSIRangeTable                            0x08005eb8   Data          48  system_stm32l4xx.o(.constdata)
    asc2_1206                                0x08005efc   Data        1140  lcd.o(.constdata)
    asc2_1608                                0x08006370   Data        1520  lcd.o(.constdata)
    asc2_2412                                0x08006960   Data        4560  lcd.o(.constdata)
    asc2_3216                                0x08007b30   Data       12160  lcd.o(.constdata)
    Region$$Table$$Base                      0x0800aab0   Number         0  anon$$obj.o(Region$$Table)
    Region$$Table$$Limit                     0x0800aae0   Number         0  anon$$obj.o(Region$$Table)
    m_pstHwiForm                             0x20000000   Data        1024  los_hwi.o(.data.vector)
    SystemCoreClock                          0x20000400   Data           4  system_stm32l4xx.o(.data)
    g_TskHandle                              0x20000408   Data           4  main.o(.data)
    g_pstLosPriorityQueueList                0x20000410   Data           4  los_priqueue.o(.data)
    m_uwSwTmrHandlerQueue                    0x20000418   Data           4  los_swtmr.o(.data)
    m_pstSwtmrCBArray                        0x2000041c   Data           4  los_swtmr.o(.data)
    m_pstSwtmrFreeList                       0x20000420   Data           4  los_swtmr.o(.data)
    m_pstSwtmrSortList                       0x20000424   Data           4  los_swtmr.o(.data)
    g_pstTaskCBArray                         0x20000434   Data           4  los_task.o(.data)
    g_stLosTask                              0x20000438   Data           8  los_task.o(.data)
    g_usLosTaskLock                          0x20000440   Data           2  los_task.o(.data)
    g_uwTskMaxNum                            0x20000444   Data           4  los_task.o(.data)
    g_uwIdleTaskID                           0x20000448   Data           4  los_task.o(.data)
    g_uwSwtmrTaskID                          0x2000044c   Data           4  los_task.o(.data)
    g_stTaskTimerList                        0x20000450   Data           8  los_task.o(.data)
    g_stLosFreeTask                          0x20000458   Data           8  los_task.o(.data)
    g_stTskRecyleList                        0x20000460   Data           8  los_task.o(.data)
    g_stTskSortLink                          0x20000468   Data           8  los_task.o(.data)
    g_bTaskScheduled                         0x20000470   Data           4  los_task.o(.data)
    g_pfnTskSwitchHook                       0x20000474   Data           4  los_task.o(.data)
    g_pfnUsrTskSwitchHook                    0x20000478   Data           4  los_task.o(.data)
    g_ullTickCount                           0x20000480   Data           8  los_tick.o(.data)
    g_uwTicksPerSec                          0x20000488   Data           4  los_tick.o(.data)
    g_uwCyclePerSec                          0x2000048c   Data           4  los_tick.o(.data)
    g_uwCyclesPerTick                        0x20000490   Data           4  los_tick.o(.data)
    g_uwSysClock                             0x20000494   Data           4  los_tick.o(.data)
    g_bSysTickStart                          0x20000498   Data           4  los_tick.o(.data)
    g_stTaskTimeSlice                        0x2000049c   Data           8  los_timeslice.o(.data)
    g_pstAllMux                              0x200004a4   Data           4  los_mux.o(.data)
    g_stUnusedMuxList                        0x200004a8   Data           8  los_mux.o(.data)
    g_pstAllQueue                            0x200004b0   Data           4  los_queue.o(.data)
    g_stFreeQueueList                        0x200004b4   Data           8  los_queue.o(.data)
    g_stUnusedSemList                        0x200004bc   Data           8  los_sem.o(.data)
    g_pstAllSem                              0x200004c4   Data           4  los_sem.o(.data)
    g_pPoolHead                              0x200004d8   Data           4  los_memory.o(.data)
    m_aucSysMem0                             0x200004dc   Data           4  los_init.o(.data)
    g_vuwIntCount                            0x200004e0   Data           4  los_hwi.o(.data)
    POINT_COLOR                              0x200004e4   Data           2  lcd.o(.data)
    BACK_COLOR                               0x200004e6   Data           2  lcd.o(.data)
    __stdout                                 0x200004e8   Data           4  stdout.o(.data)
    hlpuart1                                 0x200004ec   Data         120  usart.o(.bss)
    huart1                                   0x20000564   Data         120  usart.o(.bss)
    huart2                                   0x200005dc   Data         120  usart.o(.bss)
    huart3                                   0x20000654   Data         120  usart.o(.bss)
    hspi2                                    0x200006cc   Data         100  spi.o(.bss)
    m_uwSwTmrAlignID                         0x20000730   Data          64  los_swtmr.o(.bss)
    g_astTskSwitchInfo                       0x20000770   Data         342  los_task.o(.bss)
    m_pstHwiSlaveForm                        0x200008c8   Data        1024  los_hwi.o(.bss)
    __los_heap_base                          0x20001148   Data           0  los_startup_keil.o(LOS_HEAP)
    Image$$ARM_LIB_STACKHEAP$$ZI$$Base       0x2000fc00   Number         0  anon$$obj.o ABSOLUTE
    Image$$ARM_LIB_STACKHEAP$$ZI$$Limit      0x20010000   Number         0  anon$$obj.o ABSOLUTE



==============================================================================

Memory Map of the image

  Image Entry point : 0x0800002d

  Load Region LR_IROM1 (Base: 0x08000000, Size: 0x0000afcc, Max: 0x00040000, ABSOLUTE, COMPRESSED[0x0000abe4])

    Execution Region ER_IROM1 (Base: 0x08000000, Size: 0x0000aae0, Max: 0x00040000, ABSOLUTE)

    Base Addr    Size         Type   Attr      Idx    E Section Name        Object

    0x08000000   0x0000002c   Code   RO            3    RESET               los_startup_keil.o
    0x0800002c   0x00000000   Code   RO         7481  * .ARM.Collect$$$$00000000  mc_w.l(entry.o)
    0x0800002c   0x00000004   Code   RO         7765    .ARM.Collect$$$$00000002  mc_w.l(entry3.o)
    0x08000030   0x00000004   Code   RO         7768    .ARM.Collect$$$$00000004  mc_w.l(entry5.o)
    0x08000034   0x00000000   Code   RO         7770    .ARM.Collect$$$$00000008  mc_w.l(entry7b.o)
    0x08000034   0x00000000   Code   RO         7772    .ARM.Collect$$$$0000000A  mc_w.l(entry8b.o)
    0x08000034   0x00000008   Code   RO         7773    .ARM.Collect$$$$0000000B  mc_w.l(entry9a.o)
    0x0800003c   0x00000000   Code   RO         7775    .ARM.Collect$$$$0000000D  mc_w.l(entry10a.o)
    0x0800003c   0x00000000   Code   RO         7777    .ARM.Collect$$$$0000000F  mc_w.l(entry11a.o)
    0x0800003c   0x00000004   Code   RO         7766    .ARM.Collect$$$$00002713  mc_w.l(entry3.o)
    0x08000040   0x000000ec   Code   RO         2978    .text               los_dispatch_keil.o
    0x0800012c   0x00000062   Code   RO         7484    .text               mc_w.l(uldiv.o)
    0x0800018e   0x00000024   Code   RO         7486    .text               mc_w.l(memcpya.o)
    0x080001b2   0x00000024   Code   RO         7488    .text               mc_w.l(memseta.o)
    0x080001d6   0x000000de   Code   RO         7757    .text               mf_w.l(ddiv.o)
    0x080002b4   0x00000030   Code   RO         7763    .text               mf_w.l(dfixul.o)
    0x080002e4   0x0000002c   Code   RO         7780    .text               mc_w.l(uidiv.o)
    0x08000310   0x0000001e   Code   RO         7782    .text               mc_w.l(llshl.o)
    0x0800032e   0x00000020   Code   RO         7784    .text               mc_w.l(llushr.o)
    0x0800034e   0x00000000   Code   RO         7786    .text               mc_w.l(iusefp.o)
    0x0800034e   0x000000ba   Code   RO         7787    .text               mf_w.l(depilogue.o)
    0x08000408   0x0000014e   Code   RO         7789    .text               mf_w.l(dadd.o)
    0x08000556   0x000000e4   Code   RO         7791    .text               mf_w.l(dmul.o)
    0x0800063a   0x00000002   PAD
    0x0800063c   0x00000030   Code   RO         7793    .text               mf_w.l(cdrcmple.o)
    0x0800066c   0x00000024   Code   RO         7795    .text               mc_w.l(init.o)
    0x08000690   0x00000024   Code   RO         7797    .text               mc_w.l(llsshr.o)
    0x080006b4   0x00000056   Code   RO         7807    .text               mc_w.l(__dczerorl2.o)
    0x0800070a   0x00000002   PAD
    0x0800070c   0x000001cc   Code   RO         5725    i.HAL_GPIO_Init     stm32l4xx_hal_gpio.o
    0x080008d8   0x0000000a   Code   RO         5729    i.HAL_GPIO_WritePin  stm32l4xx_hal_gpio.o
    0x080008e2   0x00000008   Code   RO          266    i.HAL_GetTick       sys_init.o
    0x080008ea   0x00000016   Code   RO         4506    i.HAL_Init          stm32l4xx_hal.o
    0x08000900   0x00000028   Code   RO         4507    i.HAL_InitTick      stm32l4xx_hal.o
    0x08000928   0x00000002   Code   RO         4509    i.HAL_MspInit       stm32l4xx_hal.o
    0x0800092a   0x00000020   Code   RO         6206    i.HAL_NVIC_EnableIRQ  stm32l4xx_hal_cortex.o
    0x0800094a   0x0000007c   Code   RO         6212    i.HAL_NVIC_SetPriority  stm32l4xx_hal_cortex.o
    0x080009c6   0x00000002   PAD
    0x080009c8   0x00000028   Code   RO         6213    i.HAL_NVIC_SetPriorityGrouping  stm32l4xx_hal_cortex.o
    0x080009f0   0x0000008c   Code   RO         6016    i.HAL_PWREx_ControlVoltageScaling  stm32l4xx_hal_pwr_ex.o
    0x08000a7c   0x00000010   Code   RO         6039    i.HAL_PWREx_GetVoltageRange  stm32l4xx_hal_pwr_ex.o
    0x08000a8c   0x00000014   Code   RO         5908    i.HAL_PWR_EnableBkUpAccess  stm32l4xx_hal_pwr.o
    0x08000aa0   0x00000388   Code   RO         5337    i.HAL_RCCEx_PeriphCLKConfig  stm32l4xx_hal_rcc_ex.o
    0x08000e28   0x0000016c   Code   RO         5215    i.HAL_RCC_ClockConfig  stm32l4xx_hal_rcc.o
    0x08000f94   0x0000000c   Code   RO         5219    i.HAL_RCC_GetHCLKFreq  stm32l4xx_hal_rcc.o
    0x08000fa0   0x00000020   Code   RO         5221    i.HAL_RCC_GetPCLK1Freq  stm32l4xx_hal_rcc.o
    0x08000fc0   0x00000020   Code   RO         5222    i.HAL_RCC_GetPCLK2Freq  stm32l4xx_hal_rcc.o
    0x08000fe0   0x0000010c   Code   RO         5223    i.HAL_RCC_GetSysClockFreq  stm32l4xx_hal_rcc.o
    0x080010ec   0x00000698   Code   RO         5226    i.HAL_RCC_OscConfig  stm32l4xx_hal_rcc.o
    0x08001784   0x000000c0   Code   RO         6454    i.HAL_SPI_Init      stm32l4xx_hal_spi.o
    0x08001844   0x00000078   Code   RO          571    i.HAL_SPI_MspInit   spi.o
    0x080018bc   0x000001b8   Code   RO         6462    i.HAL_SPI_Transmit  stm32l4xx_hal_spi.o
    0x08001a74   0x00000034   Code   RO         6217    i.HAL_SYSTICK_Config  stm32l4xx_hal_cortex.o
    0x08001aa8   0x00000078   Code   RO         4084    i.HAL_UART_Init     stm32l4xx_hal_uart.o
    0x08001b20   0x00000170   Code   RO          451    i.HAL_UART_MspInit  usart.o
    0x08001c90   0x000000c8   Code   RO         4092    i.HAL_UART_Transmit  stm32l4xx_hal_uart.o
    0x08001d58   0x0000003c   Code   RO          381    i.HardWare_Init     main.o
    0x08001d94   0x00000052   Code   RO         7032    i.LCD_Address_Set   lcd.o
    0x08001de6   0x00000002   PAD
    0x08001de8   0x00000070   Code   RO         7033    i.LCD_Clear         lcd.o
    0x08001e58   0x000000b4   Code   RO         7042    i.LCD_Gpio_Init     lcd.o
    0x08001f0c   0x000001a0   Code   RO         7043    i.LCD_Init          lcd.o
    0x080020ac   0x00000010   Code   RO         7045    i.LCD_SPI_Send      lcd.o
    0x080020bc   0x00000210   Code   RO         7046    i.LCD_ShowChar      lcd.o
    0x080022cc   0x00000062   Code   RO         7048    i.LCD_ShowString    lcd.o
    0x0800232e   0x00000002   PAD
    0x08002330   0x0000001c   Code   RO         7051    i.LCD_Write_Cmd     lcd.o
    0x0800234c   0x0000001c   Code   RO         7052    i.LCD_Write_Data    lcd.o
    0x08002368   0x0000002c   Code   RO         7053    i.LCD_Write_HalfWord  lcd.o
    0x08002394   0x0000001c   Code   RO         2834    i.LOS_Align         los_misc.o
    0x080023b0   0x0000011c   Code   RO         2897    i.LOS_KernelInit    los_init.o
    0x080024cc   0x0000000e   Code   RO         1642    i.LOS_ListAdd       los_task.o
    0x080024da   0x0000000e   Code   RO         2092    i.LOS_ListAdd       los_mux.o
    0x080024e8   0x0000000e   Code   RO         2181    i.LOS_ListAdd       los_queue.o
    0x080024f6   0x0000000e   Code   RO         2314    i.LOS_ListAdd       los_sem.o
    0x08002504   0x00000014   Code   RO         1643    i.LOS_ListDelete    los_task.o
    0x08002518   0x00000010   Code   RO         1375    i.LOS_ListEmpty     los_priqueue.o
    0x08002528   0x00000010   Code   RO         1644    i.LOS_ListEmpty     los_task.o
    0x08002538   0x00000010   Code   RO         2182    i.LOS_ListEmpty     los_queue.o
    0x08002548   0x00000006   Code   RO         1645    i.LOS_ListInit      los_task.o
    0x0800254e   0x00000006   Code   RO         2094    i.LOS_ListInit      los_mux.o
    0x08002554   0x00000006   Code   RO         2183    i.LOS_ListInit      los_queue.o
    0x0800255a   0x00000006   Code   RO         2316    i.LOS_ListInit      los_sem.o
    0x08002560   0x00000010   Code   RO         1646    i.LOS_ListTailInsert  los_task.o
    0x08002570   0x0000002a   Code   RO         2471    i.LOS_MemAlloc      los_memory.o
    0x0800259a   0x00000014   Code   RO         2472    i.LOS_MemAllocAlign  los_memory.o
    0x080025ae   0x00000034   Code   RO         2474    i.LOS_MemFree       los_memory.o
    0x080025e2   0x00000002   PAD
    0x080025e4   0x0000010c   Code   RO         2476    i.LOS_MemInit       los_memory.o
    0x080026f0   0x000000e0   Code   RO         2184    i.LOS_QueueCreate   los_queue.o
    0x080027d0   0x00000036   Code   RO         2188    i.LOS_QueueReadCopy  los_queue.o
    0x08002806   0x00000036   Code   RO         2190    i.LOS_QueueWriteCopy  los_queue.o
    0x0800283c   0x00000040   Code   RO         2984    i.LOS_Schedule      los_hw.o
    0x0800287c   0x00000044   Code   RO         2899    i.LOS_Start         los_init.o
    0x080028c0   0x0000009c   Code   RO         1649    i.LOS_TaskCreate    los_task.o
    0x0800295c   0x00000180   Code   RO         1650    i.LOS_TaskCreateOnly  los_task.o
    0x08002adc   0x0000007c   Code   RO         1651    i.LOS_TaskDelay     los_task.o
    0x08002b58   0x00000178   Code   RO         1652    i.LOS_TaskDelete    los_task.o
    0x08002cd0   0x00000094   Code   RO         1665    i.LOS_TaskYield     los_task.o
    0x08002d64   0x0000000c   Code   RO         1585    i.LOS_TickCountGet  los_sys.o
    0x08002d70   0x000000c8   Code   RO          426    i.MX_GPIO_Init      gpio.o
    0x08002e38   0x00000068   Code   RO          572    i.MX_SPI2_Init      spi.o
    0x08002ea0   0x00000054   Code   RO          453    i.MX_USART1_UART_Init  usart.o
    0x08002ef4   0x0000018c   Code   RO         5340    i.RCCEx_PLLSAI1_Config  stm32l4xx_hal_rcc_ex.o
    0x08003080   0x000000a0   Code   RO         5227    i.RCC_SetFlashLatencyFromMSIRange  stm32l4xx_hal_rcc.o
    0x08003120   0x0000001c   Code   RO          574    i.SPI2_WriteByte    spi.o
    0x0800313c   0x00000064   Code   RO         6492    i.SPI_EndRxTxTransaction  stm32l4xx_hal_spi.o
    0x080031a0   0x000000b0   Code   RO         6497    i.SPI_WaitFifoStateUntilTimeout  stm32l4xx_hal_spi.o
    0x08003250   0x000000a8   Code   RO         6498    i.SPI_WaitFlagStateUntilTimeout  stm32l4xx_hal_spi.o
    0x080032f8   0x00000100   Code   RO          267    i.SystemClock_Config  sys_init.o
    0x080033f8   0x00000054   Code   RO           12    i.SystemInit        system_stm32l4xx.o
    0x0800344c   0x000000f8   Code   RO         4097    i.UART_AdvFeatureConfig  stm32l4xx_hal_uart.o
    0x08003544   0x00000074   Code   RO         4098    i.UART_CheckIdleState  stm32l4xx_hal_uart.o
    0x080035b8   0x0000040c   Code   RO         4114    i.UART_SetConfig    stm32l4xx_hal_uart.o
    0x080039c4   0x0000006c   Code   RO         4117    i.UART_WaitOnFlagUntilTimeout  stm32l4xx_hal_uart.o
    0x08003a30   0x00000004   Code   RO          268    i._Error_Handler    sys_init.o
    0x08003a34   0x00000020   Code   RO         7729    i.__0printf         mc_w.l(printfa.o)
    0x08003a54   0x00000010   Code   RO         6219    i.__NVIC_GetPriorityGrouping  stm32l4xx_hal_cortex.o
    0x08003a64   0x00000028   Code   RO         6220    i.__NVIC_SetPriority  stm32l4xx_hal_cortex.o
    0x08003a8c   0x0000000e   Code   RO         7801    i.__scatterload_copy  mc_w.l(handlers.o)
    0x08003a9a   0x00000002   Code   RO         7802    i.__scatterload_null  mc_w.l(handlers.o)
    0x08003a9c   0x0000000e   Code   RO         7803    i.__scatterload_zeroinit  mc_w.l(handlers.o)
    0x08003aaa   0x00000002   PAD
    0x08003aac   0x00000164   Code   RO         7736    i._fp_digits        mc_w.l(printfa.o)
    0x08003c10   0x000006dc   Code   RO         7737    i._printf_core      mc_w.l(printfa.o)
    0x080042ec   0x00000024   Code   RO         7738    i._printf_post_padding  mc_w.l(printfa.o)
    0x08004310   0x0000002e   Code   RO         7739    i._printf_pre_padding  mc_w.l(printfa.o)
    0x0800433e   0x00000002   Code   RO          624    i.atiny_task_entry  user_task.o
    0x08004340   0x00000048   Code   RO          625    i.creat_agenttiny_task  user_task.o
    0x08004388   0x00000040   Code   RO          382    i.creat_task1       main.o
    0x080043c8   0x00000014   Code   RO          626    i.create_work_tasks  user_task.o
    0x080043dc   0x00000012   Code   RO          221    i.delay10ms         dwt.o
    0x080043ee   0x00000002   PAD
    0x080043f0   0x0000005c   Code   RO          222    i.delayus           dwt.o
    0x0800444c   0x0000002c   Code   RO          223    i.dwt_delay_init    dwt.o
    0x08004478   0x0000001c   Code   RO          456    i.fputc             usart.o
    0x08004494   0x00000034   Code   RO          383    i.main              main.o
    0x080044c8   0x00000024   Code   RO         2397    i.osAlarmHeapInfo   los_heap.o
    0x080044ec   0x00000024   Code   RO         2634    i.osAtomicBitsetClearBit  los_slab.o
    0x08004510   0x00000050   Code   RO         2636    i.osAtomicBitsetFindClearAndSet  los_slab.o
    0x08004560   0x0000002a   Code   RO         2637    i.osAtomicBitsetGetBit  los_slab.o
    0x0800458a   0x00000006   Code   RO         2754    i.osAtomicBitsetGetNumBits  los_slab.o
    0x08004590   0x0000002e   Code   RO         2639    i.osAtomicBitsetInit  los_slab.o
    0x080045be   0x00000002   PAD
    0x080045c0   0x00000168   Code   RO         2398    i.osHeapAlloc       los_heap.o
    0x08004728   0x0000005a   Code   RO         2399    i.osHeapAllocAlign  los_heap.o
    0x08004782   0x00000002   PAD
    0x08004784   0x00000140   Code   RO         2400    i.osHeapFree        los_heap.o
    0x080048c4   0x00000044   Code   RO         2403    i.osHeapInit        los_heap.o
    0x08004908   0x0000001a   Code   RO         2404    i.osHeapPrvGetNext  los_heap.o
    0x08004922   0x00000002   PAD
    0x08004924   0x00000064   Code   RO         2405    i.osHeapStatisticsGet  los_heap.o
    0x08004988   0x0000003c   Code   RO         3080    i.osHwiDefaultHandler  los_hwi.o
    0x080049c4   0x0000004c   Code   RO         3081    i.osHwiInit         los_hwi.o
    0x08004a10   0x00000004   Code   RO         1669    i.osIdleTask        los_task.o
    0x08004a14   0x0000004c   Code   RO         1670    i.osIdleTaskCreate  los_task.o
    0x08004a60   0x00000008   Code   RO         3082    i.osIntNumGet       los_hwi.o
    0x08004a68   0x00000050   Code   RO         3083    i.osInterrupt       los_hwi.o
    0x08004ab8   0x00000020   Code   RO         2480    i.osMemSystemInit   los_memory.o
    0x08004ad8   0x00000064   Code   RO         2099    i.osMuxInit         los_mux.o
    0x08004b3c   0x0000004c   Code   RO         1376    i.osPriqueueDequeue  los_priqueue.o
    0x08004b88   0x00000048   Code   RO         1377    i.osPriqueueEnqueue  los_priqueue.o
    0x08004bd0   0x00000048   Code   RO         1378    i.osPriqueueInit    los_priqueue.o
    0x08004c18   0x00000028   Code   RO         1379    i.osPriqueueSize    los_priqueue.o
    0x08004c40   0x00000028   Code   RO         1380    i.osPriqueueTop     los_priqueue.o
    0x08004c68   0x0000010c   Code   RO         2193    i.osQueueBufferOperate  los_queue.o
    0x08004d74   0x00000070   Code   RO         2194    i.osQueueInit       los_queue.o
    0x08004de4   0x00000188   Code   RO         2197    i.osQueueOperate    los_queue.o
    0x08004f6c   0x00000040   Code   RO         2198    i.osQueueReadParameterCheck  los_queue.o
    0x08004fac   0x00000040   Code   RO         2199    i.osQueueWriteParameterCheck  los_queue.o
    0x08004fec   0x0000000c   Code   RO         2901    i.osRegister        los_init.o
    0x08004ff8   0x00000008   Code   RO         2986    i.osSchedule        los_hw.o
    0x08005000   0x00000060   Code   RO         2322    i.osSemInit         los_sem.o
    0x08005060   0x0000001e   Code   RO         2640    i.osSlabAllocatorAlloc  los_slab.o
    0x0800507e   0x00000048   Code   RO         2644    i.osSlabAllocatorFree  los_slab.o
    0x080050c6   0x0000005c   Code   RO         2651    i.osSlabAllocatorNew  los_slab.o
    0x08005122   0x00000012   Code   RO         2768    i.osSlabBlockHeadFill  los_slabmem.o
    0x08005134   0x00000008   Code   RO         2481    i.osSlabCtrlHdrGet  los_memory.o
    0x0800513c   0x000000a0   Code   RO         2770    i.osSlabMemAlloc    los_slabmem.o
    0x080051dc   0x00000074   Code   RO         2773    i.osSlabMemFree     los_slabmem.o
    0x08005250   0x0000006c   Code   RO         2774    i.osSlabMemInit     los_slabmem.o
    0x080052bc   0x000000a0   Code   RO         1463    i.osSwTmrInit       los_swtmr.o
    0x0800535c   0x00000208   Code   RO         1464    i.osSwTmrStart      los_swtmr.o
    0x08005564   0x00000044   Code   RO         1465    i.osSwTmrTask       los_swtmr.o
    0x080055a8   0x00000044   Code   RO         1466    i.osSwTmrTaskCreate  los_swtmr.o
    0x080055ec   0x00000080   Code   RO         1467    i.osSwTmrTimeoutHandle  los_swtmr.o
    0x0800566c   0x00000030   Code   RO         1469    i.osSwtmrDelete     los_swtmr.o
    0x0800569c   0x00000024   Code   RO         1470    i.osSwtmrScan       los_swtmr.o
    0x080056c0   0x000000c0   Code   RO         1671    i.osTaskAdd2TimerList  los_task.o
    0x08005780   0x00000030   Code   RO         1672    i.osTaskEntry       los_task.o
    0x080057b0   0x00000006   Code   RO         2987    i.osTaskExit        los_hw.o
    0x080057b6   0x00000002   PAD
    0x080057b8   0x00000128   Code   RO         1673    i.osTaskInit        los_task.o
    0x080058e0   0x00000030   Code   RO         1674    i.osTaskMonInit     los_task.o
    0x08005910   0x000000dc   Code   RO         1676    i.osTaskScan        los_task.o
    0x080059ec   0x00000184   Code   RO         1677    i.osTaskSwitchCheck  los_task.o
    0x08005b70   0x0000004c   Code   RO         1678    i.osTaskWait        los_task.o
    0x08005bbc   0x00000046   Code   RO         1679    i.osTaskWake        los_task.o
    0x08005c02   0x00000002   PAD
    0x08005c04   0x00000028   Code   RO         1936    i.osTickHandler     los_tick.o
    0x08005c2c   0x000000d0   Code   RO         3035    i.osTickStart       los_hw_tick.o
    0x08005cfc   0x00000048   Code   RO         1680    i.osTimerListDelete  los_task.o
    0x08005d44   0x0000004c   Code   RO         1980    i.osTimesliceCheck  los_timeslice.o
    0x08005d90   0x00000010   Code   RO         1981    i.osTimesliceInit   los_timeslice.o
    0x08005da0   0x00000090   Code   RO         2988    i.osTskStackInit    los_hw.o
    0x08005e30   0x00000070   Code   RO          384    i.task1             main.o
    0x08005ea0   0x00000048   Data   RO           13    .constdata          system_stm32l4xx.o
    0x08005ee8   0x00000014   Data   RO         3085    .constdata          los_hwi.o
    0x08005efc   0x00004bb4   Data   RO         7055    .constdata          lcd.o
    0x0800aab0   0x00000030   Data   RO         7799    Region$$Table       anon$$obj.o


    Execution Region VECTOR (Base: 0x20000000, Size: 0x00000400, Max: 0x00000400, ABSOLUTE, COMPRESSED[0x00000018])

    Base Addr    Size         Type   Attr      Idx    E Section Name        Object

    0x20000000   0x00000400   Data   RW         3087    .data.vector        los_hwi.o


    Execution Region RW_IRAM1 (Base: 0x20000400, Size: 0x00001148, Max: 0x0000f800, ABSOLUTE)

    Base Addr    Size         Type   Attr      Idx    E Section Name        Object

    0x20000400   0x00000004   Data   RW           14    .data               system_stm32l4xx.o
    0x20000404   0x00000004   Data   RW          224    .data               dwt.o
    0x20000408   0x00000004   Data   RW          385    .data               main.o
    0x2000040c   0x00000004   Data   RW          627    .data               user_task.o
    0x20000410   0x00000008   Data   RW         1382    .data               los_priqueue.o
    0x20000418   0x0000001c   Data   RW         1474    .data               los_swtmr.o
    0x20000434   0x00000048   Data   RW         1683    .data               los_task.o
    0x2000047c   0x00000004   PAD
    0x20000480   0x0000001c   Data   RW         1937    .data               los_tick.o
    0x2000049c   0x00000008   Data   RW         1982    .data               los_timeslice.o
    0x200004a4   0x0000000c   Data   RW         2100    .data               los_mux.o
    0x200004b0   0x0000000c   Data   RW         2200    .data               los_queue.o
    0x200004bc   0x0000000c   Data   RW         2323    .data               los_sem.o
    0x200004c8   0x00000010   Data   RW         2406    .data               los_heap.o
    0x200004d8   0x00000004   Data   RW         2482    .data               los_memory.o
    0x200004dc   0x00000004   Data   RW         2902    .data               los_init.o
    0x200004e0   0x00000004   Data   RW         3086    .data               los_hwi.o
    0x200004e4   0x00000004   Data   RW         7056    .data               lcd.o
    0x200004e8   0x00000004   Data   RW         7779    .data               mc_w.l(stdout.o)
    0x200004ec   0x000001e0   Zero   RW          457    .bss                usart.o
    0x200006cc   0x00000064   Zero   RW          575    .bss                spi.o
    0x20000730   0x00000040   Zero   RW         1473    .bss                los_swtmr.o
    0x20000770   0x00000156   Zero   RW         1681    .bss                los_task.o
    0x200008c6   0x00000002   PAD
    0x200008c8   0x00000400   Zero   RW         3084    .bss                los_hwi.o
    0x20000cc8   0x00000480   Zero   RW         7054    .bss                lcd.o
    0x20001148   0x00000400   Zero   RW            2    LOS_HEAP            los_startup_keil.o


    Execution Region ARM_LIB_STACKHEAP (Base: 0x2000fc00, Size: 0x00000400, Max: 0x00000400, ABSOLUTE)

    Base Addr    Size         Type   Attr      Idx    E Section Name        Object

    0x2000fc00   0x00000400   Zero   RW            1    ARM_LIB_STACKHEAP.bss  anon$$obj.o


==============================================================================

Image component sizes


      Code (inc. data)   RO Data    RW Data    ZI Data      Debug   Object Name

         0          0          0          0          0       3216   cmsis_liteos.o
       154         28          0          4          0       2179   dwt.o
       200          8          0          0          0       1031   gpio.o
      1532         68      19380          4       1152       8503   lcd.o
       236         24          0          0          0        452   los_dispatch_keil.o
      1000        114          0         16          0       7474   los_heap.o
       222         18          0          0          0       2978   los_hw.o
       208         46          0          0          0      30625   los_hw_tick.o
       224         58         20       1028       1024      39679   los_hwi.o
       364        140          0          4          0       2556   los_init.o
       422         72          0          4          0       4930   los_memory.o
        28          0          0          0          0        660   los_misc.o
       120         18          0         12          0      12160   los_mux.o
       316         38          0          8          0      14002   los_priqueue.o
      1268        100          0         12          0      12076   los_queue.o
       116         16          0         12          0       3428   los_sem.o
       404          0          0          0          0       6914   los_slab.o
       402          0          0          0          0       4171   los_slabmem.o
        44         22          0          0       1024        308   los_startup_keil.o
      1028         90          0         28         64       7534   los_swtmr.o
        12          6          0          0          0        563   los_sys.o
      2750        374          0         72        342      26940   los_task.o
        40          6          0         28          0       1084   los_tick.o
        92         16          0          8          0       1425   los_timeslice.o
       288         66          0          4          0       2615   main.o
       252         48          0          0        100       2406   spi.o
        64          4          0          0          0       1808   stm32l4xx_hal.o
       304         22          0          0          0      34235   stm32l4xx_hal_cortex.o
       470         28          0          0          0       2488   stm32l4xx_hal_gpio.o
        20          6          0          0          0        587   stm32l4xx_hal_pwr.o
       156         18          0          0          0       1434   stm32l4xx_hal_pwr_ex.o
      2556         96          0          0          0       7276   stm32l4xx_hal_rcc.o
      1300         26          0          0          0       2948   stm32l4xx_hal_rcc_ex.o
      1076          0          0          0          0       5242   stm32l4xx_hal_spi.o
      1828         36          0          0          0       6133   stm32l4xx_hal_uart.o
       268         28          0          0          0       8184   sys_init.o
        84         16         72          4          0     657885   system_stm32l4xx.o
       480         56          0          0        480       2701   usart.o
        94         24          0          4          0       2050   user_task.o

    ----------------------------------------------------------------------
     20442       1736      19520       1256       5212     932880   Object Totals
         0          0         48          0       1024          0   (incl. Generated)
        20          0          0          4          2          0   (incl. Padding)

    ----------------------------------------------------------------------

      Code (inc. data)   RO Data    RW Data    ZI Data      Debug   Library Member Name

        86          0          0          0          0          0   __dczerorl2.o
         0          0          0          0          0          0   entry.o
         0          0          0          0          0          0   entry10a.o
         0          0          0          0          0          0   entry11a.o
         8          4          0          0          0          0   entry3.o
         4          0          0          0          0          0   entry5.o
         0          0          0          0          0          0   entry7b.o
         0          0          0          0          0          0   entry8b.o
         8          4          0          0          0          0   entry9a.o
        30          0          0          0          0          0   handlers.o
        36          8          0          0          0         68   init.o
         0          0          0          0          0          0   iusefp.o
        30          0          0          0          0         68   llshl.o
        36          0          0          0          0         68   llsshr.o
        32          0          0          0          0         68   llushr.o
        36          0          0          0          0         68   memcpya.o
        36          0          0          0          0        108   memseta.o
      2226         90          0          0          0        444   printfa.o
         0          0          0          4          0          0   stdout.o
        44          0          0          0          0         80   uidiv.o
        98          0          0          0          0         92   uldiv.o
        48          0          0          0          0         68   cdrcmple.o
       334          0          0          0          0        148   dadd.o
       222          0          0          0          0        100   ddiv.o
       186          0          0          0          0        176   depilogue.o
        48          0          0          0          0         68   dfixul.o
       228          0          0          0          0         96   dmul.o

    ----------------------------------------------------------------------
      3782        106          0          4          0       1720   Library Totals
         6          0          0          0          0          0   (incl. Padding)

    ----------------------------------------------------------------------

      Code (inc. data)   RO Data    RW Data    ZI Data      Debug   Library Name

      2710        106          0          4          0       1064   mc_w.l
      1066          0          0          0          0        656   mf_w.l

    ----------------------------------------------------------------------
      3782        106          0          4          0       1720   Library Totals

    ----------------------------------------------------------------------

==============================================================================


      Code (inc. data)   RO Data    RW Data    ZI Data      Debug   

     24224       1842      19520       1260       5212     918800   Grand Totals
     24224       1842      19520        260       5212     918800   ELF Image Totals (compressed)
     24224       1842      19520        260          0          0   ROM Totals

==============================================================================

    Total RO  Size (Code + RO Data)                43744 (  42.72kB)
    Total RW  Size (RW Data + ZI Data)              6472 (   6.32kB)
    Total ROM Size (Code + RO Data + RW Data)      44004 (  42.97kB)

==============================================================================

